Archive member included to satisfy reference by file (symbol)

display/OLED/libOLED.a(OLED_1in3_c.c.obj)
                              CMakeFiles/main.dir/src/main.c.obj (OLED_1in3_C_Init)
display/GUI/libGUI.a(GUI_Paint.c.obj)
                              CMakeFiles/main.dir/src/main.c.obj (Paint_NewImage)
display/Fonts/libFonts.a(font12.c.obj)
                              CMakeFiles/main.dir/src/main.c.obj (Font12)
display/Config/libConfig.a(DEV_Config.c.obj)
                              display/OLED/libOLED.a(OLED_1in3_c.c.obj) (DEV_Digital_Write)
/usr/lib/gcc/arm-none-eabi/12.2.1/thumb/v6-m/nofp/libgcc.a(_dvmd_tls.o)
                              CMakeFiles/main.dir/home/levi/pico/pico-sdk/src/rp2_common/pico_divider/divider.S.obj (__aeabi_idiv0)
/usr/lib/gcc/arm-none-eabi/12.2.1/../../../arm-none-eabi/lib/thumb/v6-m/nofp/libc.a(lib_a-atexit.o)
                              /usr/lib/gcc/arm-none-eabi/12.2.1/../../../arm-none-eabi/lib/thumb/v6-m/nofp/crt0.o (atexit)
/usr/lib/gcc/arm-none-eabi/12.2.1/../../../arm-none-eabi/lib/thumb/v6-m/nofp/libc.a(lib_a-calloc.o)
                              CMakeFiles/main.dir/home/levi/pico/pico-sdk/src/rp2_common/pico_malloc/pico_malloc.c.obj (calloc)
/usr/lib/gcc/arm-none-eabi/12.2.1/../../../arm-none-eabi/lib/thumb/v6-m/nofp/libc.a(lib_a-callocr.o)
                              /usr/lib/gcc/arm-none-eabi/12.2.1/../../../arm-none-eabi/lib/thumb/v6-m/nofp/libc.a(lib_a-calloc.o) (_calloc_r)
/usr/lib/gcc/arm-none-eabi/12.2.1/../../../arm-none-eabi/lib/thumb/v6-m/nofp/libc.a(lib_a-fini.o)
                              /usr/lib/gcc/arm-none-eabi/12.2.1/../../../arm-none-eabi/lib/thumb/v6-m/nofp/crt0.o (__libc_fini_array)
/usr/lib/gcc/arm-none-eabi/12.2.1/../../../arm-none-eabi/lib/thumb/v6-m/nofp/libc.a(lib_a-impure.o)
                              /usr/lib/gcc/arm-none-eabi/12.2.1/../../../arm-none-eabi/lib/thumb/v6-m/nofp/libc.a(lib_a-calloc.o) (_impure_ptr)
/usr/lib/gcc/arm-none-eabi/12.2.1/../../../arm-none-eabi/lib/thumb/v6-m/nofp/libc.a(lib_a-init.o)
                              /usr/lib/gcc/arm-none-eabi/12.2.1/../../../arm-none-eabi/lib/thumb/v6-m/nofp/crt0.o (__libc_init_array)
/usr/lib/gcc/arm-none-eabi/12.2.1/../../../arm-none-eabi/lib/thumb/v6-m/nofp/libc.a(lib_a-malloc.o)
                              CMakeFiles/main.dir/home/levi/pico/pico-sdk/src/rp2_common/pico_malloc/pico_malloc.c.obj (malloc)
/usr/lib/gcc/arm-none-eabi/12.2.1/../../../arm-none-eabi/lib/thumb/v6-m/nofp/libc.a(lib_a-mallocr.o)
                              /usr/lib/gcc/arm-none-eabi/12.2.1/../../../arm-none-eabi/lib/thumb/v6-m/nofp/libc.a(lib_a-callocr.o) (_malloc_r)
/usr/lib/gcc/arm-none-eabi/12.2.1/../../../arm-none-eabi/lib/thumb/v6-m/nofp/libc.a(lib_a-mlock.o)
                              /usr/lib/gcc/arm-none-eabi/12.2.1/../../../arm-none-eabi/lib/thumb/v6-m/nofp/libc.a(lib_a-mallocr.o) (__malloc_lock)
/usr/lib/gcc/arm-none-eabi/12.2.1/../../../arm-none-eabi/lib/thumb/v6-m/nofp/libc.a(lib_a-realloc.o)
                              CMakeFiles/main.dir/home/levi/pico/pico-sdk/src/rp2_common/pico_malloc/pico_malloc.c.obj (realloc)
/usr/lib/gcc/arm-none-eabi/12.2.1/../../../arm-none-eabi/lib/thumb/v6-m/nofp/libc.a(lib_a-reallocr.o)
                              /usr/lib/gcc/arm-none-eabi/12.2.1/../../../arm-none-eabi/lib/thumb/v6-m/nofp/libc.a(lib_a-realloc.o) (_realloc_r)
/usr/lib/gcc/arm-none-eabi/12.2.1/../../../arm-none-eabi/lib/thumb/v6-m/nofp/libc.a(lib_a-sbrkr.o)
                              /usr/lib/gcc/arm-none-eabi/12.2.1/../../../arm-none-eabi/lib/thumb/v6-m/nofp/libc.a(lib_a-mallocr.o) (_sbrk_r)
/usr/lib/gcc/arm-none-eabi/12.2.1/../../../arm-none-eabi/lib/thumb/v6-m/nofp/libc.a(lib_a-strlen-stub.o)
                              CMakeFiles/main.dir/home/levi/pico/pico-sdk/src/rp2_common/pico_stdio/stdio.c.obj (strlen)
/usr/lib/gcc/arm-none-eabi/12.2.1/../../../arm-none-eabi/lib/thumb/v6-m/nofp/libc.a(lib_a-__atexit.o)
                              /usr/lib/gcc/arm-none-eabi/12.2.1/../../../arm-none-eabi/lib/thumb/v6-m/nofp/libc.a(lib_a-atexit.o) (__register_exitproc)
/usr/lib/gcc/arm-none-eabi/12.2.1/../../../arm-none-eabi/lib/thumb/v6-m/nofp/libc.a(lib_a-freer.o)
                              /usr/lib/gcc/arm-none-eabi/12.2.1/../../../arm-none-eabi/lib/thumb/v6-m/nofp/libc.a(lib_a-malloc.o) (_free_r)
/usr/lib/gcc/arm-none-eabi/12.2.1/../../../arm-none-eabi/lib/thumb/v6-m/nofp/libc.a(lib_a-memmove.o)
                              /usr/lib/gcc/arm-none-eabi/12.2.1/../../../arm-none-eabi/lib/thumb/v6-m/nofp/libc.a(lib_a-reallocr.o) (memmove)
/usr/lib/gcc/arm-none-eabi/12.2.1/../../../arm-none-eabi/lib/thumb/v6-m/nofp/libc.a(lib_a-reent.o)
                              /usr/lib/gcc/arm-none-eabi/12.2.1/../../../arm-none-eabi/lib/thumb/v6-m/nofp/libc.a(lib_a-sbrkr.o) (errno)

Discarded input sections

 .text          0x00000000        0x0 /usr/lib/gcc/arm-none-eabi/12.2.1/thumb/v6-m/nofp/crti.o
[...]
Memory Configuration

Name             Origin             Length             Attributes
FLASH            0x10000000         0x00200000         xr
RAM              0x20000000         0x00040000         xrw
SCRATCH_X        0x20040000         0x00001000         xrw
SCRATCH_Y        0x20041000         0x00001000         xrw
*default*        0x00000000         0xffffffff

Linker script and memory map

LOAD /usr/lib/gcc/arm-none-eabi/12.2.1/thumb/v6-m/nofp/crti.o
LOAD /usr/lib/gcc/arm-none-eabi/12.2.1/thumb/v6-m/nofp/crtbegin.o
LOAD /usr/lib/gcc/arm-none-eabi/12.2.1/../../../arm-none-eabi/lib/thumb/v6-m/nofp/crt0.o

.flash_begin    0x10000000        0x0
                0x10000000                        __flash_binary_start = .

.boot2          0x10000000      0x100
                0x10000000                        __boot2_start__ = .
 *(.boot2)
 .boot2         0x10000000      0x100 /tmp/ccPNxDwl.o
                0x10000100                        __boot2_end__ = .
                0x00000001                        ASSERT (((__boot2_end__ - __boot2_start__) == 0x100), ERROR: Pico second stage bootloader must be 256 bytes in size)

.text           0x10000100     0x38b8
                0x10000100                        __logical_binary_start = .
 *(.vectors)
 .vectors       0x10000100       0xd4 CMakeFiles/main.dir/home/levi/pico/pico-sdk/src/rp2_common/pico_standard_link/crt0.S.obj
                0x10000100                __vectors
                0x10000100                __VECTOR_TABLE
                0x100001c0                isr_invalid
                0x100001c0                __default_isrs_start
                0x100001c2                isr_nmi
                0x100001c4                isr_hardfault
                0x100001c6                isr_svcall
                0x100001c8                isr_pendsv
                0x100001ca                isr_systick
                0x100001cc                isr_irq30
                0x100001cc                __unhandled_user_irq
                0x100001cc                isr_irq13
                0x100001cc                isr_irq27
                0x100001cc                isr_irq31
                0x100001cc                isr_irq5
                0x100001cc                isr_irq11
                0x100001cc                isr_irq23
                0x100001cc                isr_irq18
                0x100001cc                isr_irq28
                0x100001cc                isr_irq19
                0x100001cc                isr_irq0
                0x100001cc                isr_irq6
                0x100001cc                isr_irq22
                0x100001cc                isr_irq17
                0x100001cc                isr_irq14
                0x100001cc                isr_irq2
                0x100001cc                isr_irq10
                0x100001cc                isr_irq8
                0x100001cc                isr_irq24
                0x100001cc                isr_irq1
                0x100001cc                isr_irq7
                0x100001cc                isr_irq21
                0x100001cc                isr_irq20
                0x100001cc                isr_irq15
                0x100001cc                isr_irq25
                0x100001cc                isr_irq4
                0x100001cc                isr_irq16
                0x100001cc                isr_irq29
                0x100001cc                isr_irq26
                0x100001cc                __default_isrs_end
                0x100001cc                isr_irq3
                0x100001cc                isr_irq12
                0x100001cc                isr_irq9
                0x100001d2                unhandled_user_irq_num_in_r0
 *(.binary_info_header)
 .binary_info_header
                0x100001d4       0x14 CMakeFiles/main.dir/home/levi/pico/pico-sdk/src/rp2_common/pico_standard_link/crt0.S.obj
                0x100001e8                        __binary_info_header_end = .
 *(.reset)
 .reset         0x100001e8       0xa0 CMakeFiles/main.dir/home/levi/pico/pico-sdk/src/rp2_common/pico_standard_link/crt0.S.obj
                0x100001e8                _entry_point
 .reset         0x10000288       0x30 CMakeFiles/main.dir/home/levi/pico/pico-sdk/src/rp2_common/pico_standard_link/binary_info.c.obj
 *(.init)
 .init          0x100002b8        0x4 /usr/lib/gcc/arm-none-eabi/12.2.1/thumb/v6-m/nofp/crti.o
                0x100002b8                _init
 *(EXCLUDE_FILE(*libm.a: *libc.a:*lib_a-mem*.o *libgcc.a:) .text*)
 .text          0x100002bc       0x98 /usr/lib/gcc/arm-none-eabi/12.2.1/thumb/v6-m/nofp/crtbegin.o
 .text.startup.main
                0x10000354       0xac CMakeFiles/main.dir/src/main.c.obj
                0x10000354                main
 .text.gpio_set_function
                0x10000400       0x30 CMakeFiles/main.dir/home/levi/pico/pico-sdk/src/rp2_common/hardware_gpio/gpio.c.obj
                0x10000400                gpio_set_function
 .text.gpio_set_pulls
                0x10000430       0x24 CMakeFiles/main.dir/home/levi/pico/pico-sdk/src/rp2_common/hardware_gpio/gpio.c.obj
                0x10000430                gpio_set_pulls
 .text.gpio_init
                0x10000454       0x3c CMakeFiles/main.dir/home/levi/pico/pico-sdk/src/rp2_common/hardware_gpio/gpio.c.obj
                0x10000454                gpio_init
 .text.running_on_fpga
                0x10000490       0x10 CMakeFiles/main.dir/home/levi/pico/pico-sdk/src/rp2_common/pico_platform/platform.c.obj
                0x10000490                running_on_fpga
 .text.hw_claim_or_assert
                0x100004a0       0x44 CMakeFiles/main.dir/home/levi/pico/pico-sdk/src/rp2_common/hardware_claim/claim.c.obj
                0x100004a0                hw_claim_or_assert
 .text.spin_locks_reset
                0x100004e4       0x1c CMakeFiles/main.dir/home/levi/pico/pico-sdk/src/rp2_common/hardware_sync/sync.c.obj
                0x100004e4                spin_locks_reset
 .text.next_striped_spin_lock_num
                0x10000500       0x18 CMakeFiles/main.dir/home/levi/pico/pico-sdk/src/rp2_common/hardware_sync/sync.c.obj
                0x10000500                next_striped_spin_lock_num
 .text.irq_set_enabled
                0x10000518       0x24 CMakeFiles/main.dir/home/levi/pico/pico-sdk/src/rp2_common/hardware_irq/irq.c.obj
                0x10000518                irq_set_enabled
 .text.irq_get_vtable_handler
                0x1000053c       0x10 CMakeFiles/main.dir/home/levi/pico/pico-sdk/src/rp2_common/hardware_irq/irq.c.obj
                0x1000053c                irq_get_vtable_handler
 .text.irq_set_exclusive_handler
                0x1000054c       0x54 CMakeFiles/main.dir/home/levi/pico/pico-sdk/src/rp2_common/hardware_irq/irq.c.obj
                0x1000054c                irq_set_exclusive_handler
 .text.irq_remove_handler
                0x100005a0      0x1c4 CMakeFiles/main.dir/home/levi/pico/pico-sdk/src/rp2_common/hardware_irq/irq.c.obj
                0x100005a0                irq_remove_handler
 .text.irq_add_tail_to_free_list
                0x10000764       0xb4 CMakeFiles/main.dir/home/levi/pico/pico-sdk/src/rp2_common/hardware_irq/irq.c.obj
                0x10000764                irq_add_tail_to_free_list
 .text.irq_init_priorities
                0x10000818       0x24 CMakeFiles/main.dir/home/levi/pico/pico-sdk/src/rp2_common/hardware_irq/irq.c.obj
                0x10000818                irq_init_priorities
 .text.lock_init
                0x1000083c       0x10 CMakeFiles/main.dir/home/levi/pico/pico-sdk/src/common/pico_sync/lock_core.c.obj
                0x1000083c                lock_init
 .text.mutex_init
                0x1000084c       0x1c CMakeFiles/main.dir/home/levi/pico/pico-sdk/src/common/pico_sync/mutex.c.obj
                0x1000084c                mutex_init
 .text.recursive_mutex_init
                0x10000868       0x1c CMakeFiles/main.dir/home/levi/pico/pico-sdk/src/common/pico_sync/mutex.c.obj
                0x10000868                recursive_mutex_init
 .text.timer_pool_entry_comparator
                0x10000884       0x34 CMakeFiles/main.dir/home/levi/pico/pico-sdk/src/common/pico_time/time.c.obj
                0x10000884                timer_pool_entry_comparator
 .text.sleep_until_callback
                0x100008b8       0x30 CMakeFiles/main.dir/home/levi/pico/pico-sdk/src/common/pico_time/time.c.obj
 .text.add_alarm_under_lock.isra.0
                0x100008e8      0x100 CMakeFiles/main.dir/home/levi/pico/pico-sdk/src/common/pico_time/time.c.obj
 .text.alarm_pool_alarm_callback
                0x100009e8      0x1c0 CMakeFiles/main.dir/home/levi/pico/pico-sdk/src/common/pico_time/time.c.obj
 .text.alarm_pool_init_default
                0x10000ba8       0x6c CMakeFiles/main.dir/home/levi/pico/pico-sdk/src/common/pico_time/time.c.obj
                0x10000ba8                alarm_pool_init_default
 .text.alarm_pool_add_alarm_at
                0x10000c14      0x188 CMakeFiles/main.dir/home/levi/pico/pico-sdk/src/common/pico_time/time.c.obj
                0x10000c14                alarm_pool_add_alarm_at
 .text.sleep_until
                0x10000d9c       0xc4 CMakeFiles/main.dir/home/levi/pico/pico-sdk/src/common/pico_time/time.c.obj
                0x10000d9c                sleep_until
 .text.sleep_ms
                0x10000e60       0x38 CMakeFiles/main.dir/home/levi/pico/pico-sdk/src/common/pico_time/time.c.obj
                0x10000e60                sleep_ms
 .text.best_effort_wfe_or_timeout
                0x10000e98       0xec CMakeFiles/main.dir/home/levi/pico/pico-sdk/src/common/pico_time/time.c.obj
                0x10000e98                best_effort_wfe_or_timeout
 .text.hardware_alarm_irq_handler
                0x10000f84       0xbc CMakeFiles/main.dir/home/levi/pico/pico-sdk/src/rp2_common/hardware_timer/timer.c.obj
 .text.hardware_alarm_claim
                0x10001040       0x18 CMakeFiles/main.dir/home/levi/pico/pico-sdk/src/rp2_common/hardware_timer/timer.c.obj
                0x10001040                hardware_alarm_claim
 .text.time_us_64
                0x10001058       0x14 CMakeFiles/main.dir/home/levi/pico/pico-sdk/src/rp2_common/hardware_timer/timer.c.obj
                0x10001058                time_us_64
 .text.busy_wait_us
                0x1000106c       0x68 CMakeFiles/main.dir/home/levi/pico/pico-sdk/src/rp2_common/hardware_timer/timer.c.obj
                0x1000106c                busy_wait_us
 .text.busy_wait_until
                0x100010d4       0x20 CMakeFiles/main.dir/home/levi/pico/pico-sdk/src/rp2_common/hardware_timer/timer.c.obj
                0x100010d4                busy_wait_until
 .text.hardware_alarm_set_callback
                0x100010f4       0x8c CMakeFiles/main.dir/home/levi/pico/pico-sdk/src/rp2_common/hardware_timer/timer.c.obj
                0x100010f4                hardware_alarm_set_callback
 .text.hardware_alarm_set_target
                0x10001180       0xd0 CMakeFiles/main.dir/home/levi/pico/pico-sdk/src/rp2_common/hardware_timer/timer.c.obj
                0x10001180                hardware_alarm_set_target
 .text.hardware_alarm_cancel
                0x10001250       0x3c CMakeFiles/main.dir/home/levi/pico/pico-sdk/src/rp2_common/hardware_timer/timer.c.obj
                0x10001250                hardware_alarm_cancel
 .text.ph_merge_nodes
                0x1000128c       0x64 CMakeFiles/main.dir/home/levi/pico/pico-sdk/src/common/pico_util/pheap.c.obj
 .text.ph_post_alloc_init
                0x100012f0       0x3c CMakeFiles/main.dir/home/levi/pico/pico-sdk/src/common/pico_util/pheap.c.obj
                0x100012f0                ph_post_alloc_init
 .text.ph_merge_two_pass
                0x1000132c       0x98 CMakeFiles/main.dir/home/levi/pico/pico-sdk/src/common/pico_util/pheap.c.obj
                0x1000132c                ph_merge_two_pass
 .text.ph_remove_any_head
                0x100013c4      0x100 CMakeFiles/main.dir/home/levi/pico/pico-sdk/src/common/pico_util/pheap.c.obj
 .text.ph_remove_head
                0x100014c4      0x104 CMakeFiles/main.dir/home/levi/pico/pico-sdk/src/common/pico_util/pheap.c.obj
                0x100014c4                ph_remove_head
 .text.ph_remove_and_free_node
                0x100015c8       0x78 CMakeFiles/main.dir/home/levi/pico/pico-sdk/src/common/pico_util/pheap.c.obj
                0x100015c8                ph_remove_and_free_node
 .text.uart_init
                0x10001640      0x188 CMakeFiles/main.dir/home/levi/pico/pico-sdk/src/rp2_common/hardware_uart/uart.c.obj
                0x10001640                uart_init
 .text.clocks_init
                0x100017c8      0x2c8 CMakeFiles/main.dir/home/levi/pico/pico-sdk/src/rp2_common/hardware_clocks/clocks.c.obj
                0x100017c8                clocks_init
 .text.clock_get_hz
                0x10001a90        0xc CMakeFiles/main.dir/home/levi/pico/pico-sdk/src/rp2_common/hardware_clocks/clocks.c.obj
                0x10001a90                clock_get_hz
 .text.pll_init
                0x10001a9c       0xa0 CMakeFiles/main.dir/home/levi/pico/pico-sdk/src/rp2_common/hardware_pll/pll.c.obj
                0x10001a9c                pll_init
 .text.watchdog_start_tick
                0x10001b3c       0x10 CMakeFiles/main.dir/home/levi/pico/pico-sdk/src/rp2_common/hardware_watchdog/watchdog.c.obj
                0x10001b3c                watchdog_start_tick
 .text.xosc_init
                0x10001b4c       0x28 CMakeFiles/main.dir/home/levi/pico/pico-sdk/src/rp2_common/hardware_xosc/xosc.c.obj
                0x10001b4c                xosc_init
 .text.runtime_init
                0x10001b74       0xf0 CMakeFiles/main.dir/home/levi/pico/pico-sdk/src/rp2_common/pico_runtime/runtime.c.obj
                0x10001b74                runtime_init
 .text._exit    0x10001c64        0x4 CMakeFiles/main.dir/home/levi/pico/pico-sdk/src/rp2_common/pico_runtime/runtime.c.obj
                0x10001c64                _exit
 .text._sbrk    0x10001c68       0x34 CMakeFiles/main.dir/home/levi/pico/pico-sdk/src/rp2_common/pico_runtime/runtime.c.obj
                0x10001c68                _sbrk
 .text.exit     0x10001c9c        0x8 CMakeFiles/main.dir/home/levi/pico/pico-sdk/src/rp2_common/pico_runtime/runtime.c.obj
                0x10001c9c                exit
 .text.panic    0x10001ca4       0x30 CMakeFiles/main.dir/home/levi/pico/pico-sdk/src/rp2_common/pico_runtime/runtime.c.obj
                0x10001ca4                panic
 .text.hard_assertion_failure
                0x10001cd4        0xc CMakeFiles/main.dir/home/levi/pico/pico-sdk/src/rp2_common/pico_runtime/runtime.c.obj
                0x10001cd4                hard_assertion_failure
 .text._out_char
                0x10001ce0       0x10 CMakeFiles/main.dir/home/levi/pico/pico-sdk/src/rp2_common/pico_printf/printf.c.obj
 .text.weak_raw_vprintf
                0x10001cf0       0x30 CMakeFiles/main.dir/home/levi/pico/pico-sdk/src/rp2_common/pico_printf/printf.c.obj
                0x10001cf0                weak_raw_vprintf
 .text          0x10001d20       0x10 CMakeFiles/main.dir/home/levi/pico/pico-sdk/src/rp2_common/pico_bit_ops/bit_ops_aeabi.S.obj
 .text.rom_func_lookup
                0x10001d30       0x10 CMakeFiles/main.dir/home/levi/pico/pico-sdk/src/rp2_common/pico_bootrom/bootrom.c.obj
                0x10001d30                rom_func_lookup
 .text.rom_data_lookup
                0x10001d40       0x10 CMakeFiles/main.dir/home/levi/pico/pico-sdk/src/rp2_common/pico_bootrom/bootrom.c.obj
                0x10001d40                rom_data_lookup
 .text.rom_funcs_lookup
                0x10001d50       0x44 CMakeFiles/main.dir/home/levi/pico/pico-sdk/src/rp2_common/pico_bootrom/bootrom.c.obj
                0x10001d50                rom_funcs_lookup
 .text.__wrap___aeabi_uidiv
                0x10001d94       0x4c CMakeFiles/main.dir/home/levi/pico/pico-sdk/src/rp2_common/pico_divider/divider.S.obj
                0x10001d94                __wrap___aeabi_uidiv
                0x10001d94                __wrap___aeabi_uidivmod
                0x10001d94                div_u32u32
                0x10001d94                divmod_u32u32
                0x10001d9c                divmod_u32u32_unsafe
                0x10001dc4                divmod_u32u32_savestate
 .text.__aeabi_double_init
                0x10001de0       0x98 CMakeFiles/main.dir/home/levi/pico/pico-sdk/src/rp2_common/pico_double/double_init_rom.c.obj
                0x10001de0                __aeabi_double_init
 .text.double_table_shim_on_use_helper
                0x10001e78       0x2c CMakeFiles/main.dir/home/levi/pico/pico-sdk/src/rp2_common/pico_double/double_v1_rom_shim.S.obj
                0x10001e78                double_table_shim_on_use_helper
 .text.__aeabi_lmul
                0x10001ea4       0x32 CMakeFiles/main.dir/home/levi/pico/pico-sdk/src/rp2_common/pico_int64_ops/pico_int64_ops_aeabi.S.obj
                0x10001ea4                __wrap___aeabi_lmul
 *fill*         0x10001ed6        0x2 
 .text.__aeabi_float_init
                0x10001ed8       0x64 CMakeFiles/main.dir/home/levi/pico/pico-sdk/src/rp2_common/pico_float/float_init_rom.c.obj
                0x10001ed8                __aeabi_float_init
 .text.float_table_shim_on_use_helper
                0x10001f3c       0x2c CMakeFiles/main.dir/home/levi/pico/pico-sdk/src/rp2_common/pico_float/float_v1_rom_shim.S.obj
                0x10001f3c                float_table_shim_on_use_helper
 .text.__wrap_calloc
                0x10001f68       0x24 CMakeFiles/main.dir/home/levi/pico/pico-sdk/src/rp2_common/pico_malloc/pico_malloc.c.obj
                0x10001f68                __wrap_calloc
 .text          0x10001f8c       0x10 CMakeFiles/main.dir/home/levi/pico/pico-sdk/src/rp2_common/pico_mem_ops/mem_ops_aeabi.S.obj
                0x10001f8c                __aeabi_mem_init
 .text.memset   0x10001f9c        0xc CMakeFiles/main.dir/home/levi/pico/pico-sdk/src/rp2_common/pico_mem_ops/mem_ops_aeabi.S.obj
                0x10001f9c                __wrap_memset
 .text.memcpy   0x10001fa8        0xc CMakeFiles/main.dir/home/levi/pico/pico-sdk/src/rp2_common/pico_mem_ops/mem_ops_aeabi.S.obj
                0x10001fa8                __wrap___aeabi_memcpy
                0x10001fa8                __wrap_memcpy
 .text.stdio_out_chars_crlf
                0x10001fb4       0xbc CMakeFiles/main.dir/home/levi/pico/pico-sdk/src/rp2_common/pico_stdio/stdio.c.obj
 .text.__wrap_putchar
                0x10002070       0x98 CMakeFiles/main.dir/home/levi/pico/pico-sdk/src/rp2_common/pico_stdio/stdio.c.obj
                0x10002070                __wrap_putchar
 .text.__wrap_puts
                0x10002108       0xe0 CMakeFiles/main.dir/home/levi/pico/pico-sdk/src/rp2_common/pico_stdio/stdio.c.obj
                0x10002108                __wrap_puts
 .text.stdio_set_driver_enabled
                0x100021e8       0x30 CMakeFiles/main.dir/home/levi/pico/pico-sdk/src/rp2_common/pico_stdio/stdio.c.obj
                0x100021e8                stdio_set_driver_enabled
 .text.stdio_init_all
                0x10002218        0xc CMakeFiles/main.dir/home/levi/pico/pico-sdk/src/rp2_common/pico_stdio/stdio.c.obj
                0x10002218                stdio_init_all
 .text.stdio_uart_out_chars
                0x10002224       0x4c CMakeFiles/main.dir/home/levi/pico/pico-sdk/src/rp2_common/pico_stdio_uart/stdio_uart.c.obj
 .text.stdio_uart_in_chars
                0x10002270       0x98 CMakeFiles/main.dir/home/levi/pico/pico-sdk/src/rp2_common/pico_stdio_uart/stdio_uart.c.obj
                0x10002270                stdio_uart_in_chars
 .text.on_uart_rx
                0x10002308       0x28 CMakeFiles/main.dir/home/levi/pico/pico-sdk/src/rp2_common/pico_stdio_uart/stdio_uart.c.obj
 .text.stdio_uart_set_chars_available_callback
                0x10002330       0x8c CMakeFiles/main.dir/home/levi/pico/pico-sdk/src/rp2_common/pico_stdio_uart/stdio_uart.c.obj
 .text.stdio_uart_init
                0x100023bc       0x48 CMakeFiles/main.dir/home/levi/pico/pico-sdk/src/rp2_common/pico_stdio_uart/stdio_uart.c.obj
                0x100023bc                stdio_uart_init
 .text.spi_init
                0x10002404      0x150 CMakeFiles/main.dir/home/levi/pico/pico-sdk/src/rp2_common/hardware_spi/spi.c.obj
                0x10002404                spi_init
 .text.i2c_set_baudrate
                0x10002554       0xc4 CMakeFiles/main.dir/home/levi/pico/pico-sdk/src/rp2_common/hardware_i2c/i2c.c.obj
                0x10002554                i2c_set_baudrate
 .text.i2c_init
                0x10002618       0x54 CMakeFiles/main.dir/home/levi/pico/pico-sdk/src/rp2_common/hardware_i2c/i2c.c.obj
                0x10002618                i2c_init
 .text.OLED_1in3_C_Init
                0x1000266c      0x358 display/OLED/libOLED.a(OLED_1in3_c.c.obj)
                0x1000266c                OLED_1in3_C_Init
 .text.OLED_1in3_C_Clear
                0x100029c4       0xbc display/OLED/libOLED.a(OLED_1in3_c.c.obj)
                0x100029c4                OLED_1in3_C_Clear
 .text.OLED_1in3_C_Display
                0x10002a80      0x108 display/OLED/libOLED.a(OLED_1in3_c.c.obj)
                0x10002a80                OLED_1in3_C_Display
 .text.Paint_SetPixel.part.0
                0x10002b88      0x12c display/GUI/libGUI.a(GUI_Paint.c.obj)
 .text.Paint_DrawChar.part.0
                0x10002cb4       0xfc display/GUI/libGUI.a(GUI_Paint.c.obj)
 .text.Paint_NewImage
                0x10002db0       0x44 display/GUI/libGUI.a(GUI_Paint.c.obj)
                0x10002db0                Paint_NewImage
 .text.Paint_DrawString_EN
                0x10002df4       0xa8 display/GUI/libGUI.a(GUI_Paint.c.obj)
                0x10002df4                Paint_DrawString_EN
 .text.DEV_Digital_Write
                0x10002e9c       0x14 display/Config/libConfig.a(DEV_Config.c.obj)
                0x10002e9c                DEV_Digital_Write
 .text.DEV_SPI_WriteByte
                0x10002eb0       0x1c display/Config/libConfig.a(DEV_Config.c.obj)
                0x10002eb0                DEV_SPI_WriteByte
 .text.DEV_Delay_ms
                0x10002ecc        0x8 display/Config/libConfig.a(DEV_Config.c.obj)
                0x10002ecc                DEV_Delay_ms
 .text.DEV_GPIO_Init
                0x10002ed4       0xa8 display/Config/libConfig.a(DEV_Config.c.obj)
                0x10002ed4                DEV_GPIO_Init
 .text.DEV_Module_Init
                0x10002f7c      0x128 display/Config/libConfig.a(DEV_Config.c.obj)
                0x10002f7c                DEV_Module_Init
 .text          0x100030a4       0x18 /usr/lib/gcc/arm-none-eabi/12.2.1/../../../arm-none-eabi/lib/thumb/v6-m/nofp/libc.a(lib_a-calloc.o)
                0x100030a4                calloc
 .text          0x100030bc       0x5c /usr/lib/gcc/arm-none-eabi/12.2.1/../../../arm-none-eabi/lib/thumb/v6-m/nofp/libc.a(lib_a-callocr.o)
                0x100030bc                _calloc_r
 .text          0x10003118      0x574 /usr/lib/gcc/arm-none-eabi/12.2.1/../../../arm-none-eabi/lib/thumb/v6-m/nofp/libc.a(lib_a-mallocr.o)
                0x10003118                _malloc_r
 .text          0x1000368c        0x8 /usr/lib/gcc/arm-none-eabi/12.2.1/../../../arm-none-eabi/lib/thumb/v6-m/nofp/libc.a(lib_a-mlock.o)
                0x1000368c                __malloc_lock
                0x10003690                __malloc_unlock
 .text          0x10003694       0x24 /usr/lib/gcc/arm-none-eabi/12.2.1/../../../arm-none-eabi/lib/thumb/v6-m/nofp/libc.a(lib_a-sbrkr.o)
                0x10003694                _sbrk_r
 .text          0x100036b8       0x5c /usr/lib/gcc/arm-none-eabi/12.2.1/../../../arm-none-eabi/lib/thumb/v6-m/nofp/libc.a(lib_a-strlen-stub.o)
                0x100036b8                strlen
 .text          0x10003714      0x260 /usr/lib/gcc/arm-none-eabi/12.2.1/../../../arm-none-eabi/lib/thumb/v6-m/nofp/libc.a(lib_a-freer.o)
                0x10003714                _malloc_trim_r
                0x100037b0                _free_r
 *(.fini)
 .fini          0x10003974        0x4 /usr/lib/gcc/arm-none-eabi/12.2.1/thumb/v6-m/nofp/crti.o
                0x10003974                _fini
 .fini.__stub   0x10003978       0x40 linker stubs
 *crtbegin.o(.ctors)
 *crtbegin?.o(.ctors)
 *(EXCLUDE_FILE(*crtend.o *crtend?.o) .ctors)
 *(SORT_BY_NAME(.ctors.*))
 *(.ctors)
 *crtbegin.o(.dtors)
 *crtbegin?.o(.dtors)
 *(EXCLUDE_FILE(*crtend.o *crtend?.o) .dtors)
 *(SORT_BY_NAME(.dtors.*))
 *(.dtors)
 *(.eh_frame*)
 .eh_frame      0x100039b8        0x0 /usr/lib/gcc/arm-none-eabi/12.2.1/thumb/v6-m/nofp/crtbegin.o
                0x100039b8                        . = ALIGN (0x4)

.glue_7         0x100039b8        0x0
 .glue_7        0x100039b8        0x0 linker stubs

.glue_7t        0x100039b8        0x0
 .glue_7t       0x100039b8        0x0 linker stubs

.vfp11_veneer   0x100039b8        0x0
 .vfp11_veneer  0x100039b8        0x0 linker stubs

.v4_bx          0x100039b8        0x0
 .v4_bx         0x100039b8        0x0 linker stubs

.iplt           0x100039b8        0x0
 .iplt          0x100039b8        0x0 /usr/lib/gcc/arm-none-eabi/12.2.1/thumb/v6-m/nofp/crtbegin.o

.rodata         0x100039b8      0x5ec
 *(EXCLUDE_FILE(*libm.a: *libc.a:*lib_a-mem*.o *libgcc.a:) .rodata*)
 .rodata.main.str1.4
                0x100039b8      0x139 CMakeFiles/main.dir/src/main.c.obj
                                 0x66 (size before relaxing)
 .rodata.hardware_alarm_claim.str1.4
                0x10003af1       0x22 CMakeFiles/main.dir/home/levi/pico/pico-sdk/src/rp2_common/hardware_timer/timer.c.obj
 .rodata.panic.str1.4
                0x10003af1       0x12 CMakeFiles/main.dir/home/levi/pico/pico-sdk/src/rp2_common/pico_runtime/runtime.c.obj
 .rodata.hard_assertion_failure.str1.4
                0x10003af1        0xc CMakeFiles/main.dir/home/levi/pico/pico-sdk/src/rp2_common/pico_runtime/runtime.c.obj
 .rodata.__wrap_malloc.str1.4
                0x10003af1        0xe CMakeFiles/main.dir/home/levi/pico/pico-sdk/src/rp2_common/pico_malloc/pico_malloc.c.obj
 .rodata.str1.4
                0x10003af1       0x3c CMakeFiles/main.dir/home/levi/pico/pico-sdk/src/rp2_common/pico_standard_link/binary_info.c.obj
 *fill*         0x10003af1        0x3 
 .rodata.__bi_81
                0x10003af4        0xc CMakeFiles/main.dir/home/levi/pico/pico-sdk/src/rp2_common/pico_standard_link/binary_info.c.obj
 .rodata.__bi_75
                0x10003b00        0xc CMakeFiles/main.dir/home/levi/pico/pico-sdk/src/rp2_common/pico_standard_link/binary_info.c.obj
 .rodata.__bi_44
                0x10003b0c        0xc CMakeFiles/main.dir/home/levi/pico/pico-sdk/src/rp2_common/pico_standard_link/binary_info.c.obj
 .rodata.crlf_str.0
                0x10003b18        0x2 CMakeFiles/main.dir/home/levi/pico/pico-sdk/src/rp2_common/pico_stdio/stdio.c.obj
 .rodata.str1.4
                0x10003b1a       0x2c CMakeFiles/main.dir/home/levi/pico/pico-sdk/src/rp2_common/pico_stdio_uart/stdio_uart.c.obj
 *fill*         0x10003b1a        0x2 
 .rodata.__bi_33.4
                0x10003b1c        0xc CMakeFiles/main.dir/home/levi/pico/pico-sdk/src/rp2_common/pico_stdio_uart/stdio_uart.c.obj
 .rodata.__bi_34.5
                0x10003b28        0x8 CMakeFiles/main.dir/home/levi/pico/pico-sdk/src/rp2_common/pico_stdio_uart/stdio_uart.c.obj
 .rodata        0x10003b30      0x474 display/Fonts/libFonts.a(font12.c.obj)
                0x10003b30                Font12_Table
 .rodata.DEV_Module_Init.str1.4
                0x10003fa4       0x15 display/Config/libConfig.a(DEV_Config.c.obj)
                0x10003fbc                        . = ALIGN (0x4)
 *(SORT_BY_ALIGNMENT(SORT_BY_NAME(.flashdata*)))
                0x10003fbc                        . = ALIGN (0x4)

.ARM.extab
 *(.ARM.extab* .gnu.linkonce.armextab.*)
                0x10003fa4                        __exidx_start = .

.ARM.exidx
 *(.ARM.exidx* .gnu.linkonce.armexidx.*)
                0x10003fa4                        __exidx_end = .
                0x10003fbc                        . = ALIGN (0x4)
                0x10003fa4                        __binary_info_start = .

.binary_info    0x10003fa4       0x24
 *(.binary_info.keep.*)
 .binary_info.keep.__bi_ptr81
                0x10003fa4        0x4 CMakeFiles/main.dir/home/levi/pico/pico-sdk/src/rp2_common/pico_standard_link/binary_info.c.obj
 .binary_info.keep.__bi_ptr75
                0x10003fa8        0x4 CMakeFiles/main.dir/home/levi/pico/pico-sdk/src/rp2_common/pico_standard_link/binary_info.c.obj
 .binary_info.keep.__bi_ptr50
                0x10003fac        0x4 CMakeFiles/main.dir/home/levi/pico/pico-sdk/src/rp2_common/pico_standard_link/binary_info.c.obj
 .binary_info.keep.__bi_ptr44
                0x10003fb0        0x4 CMakeFiles/main.dir/home/levi/pico/pico-sdk/src/rp2_common/pico_standard_link/binary_info.c.obj
 .binary_info.keep.__bi_ptr38
                0x10003fb4        0x4 CMakeFiles/main.dir/home/levi/pico/pico-sdk/src/rp2_common/pico_standard_link/binary_info.c.obj
 .binary_info.keep.__bi_ptr30
                0x10003fb8        0x4 CMakeFiles/main.dir/home/levi/pico/pico-sdk/src/rp2_common/pico_standard_link/binary_info.c.obj
 .binary_info.keep.__bi_ptr22
                0x10003fbc        0x4 CMakeFiles/main.dir/home/levi/pico/pico-sdk/src/rp2_common/pico_standard_link/binary_info.c.obj
 *(.binary_info.*)
 .binary_info.__bi_ptr34
                0x10003fc0        0x4 CMakeFiles/main.dir/home/levi/pico/pico-sdk/src/rp2_common/pico_stdio_uart/stdio_uart.c.obj
 .binary_info.__bi_ptr33
                0x10003fc4        0x4 CMakeFiles/main.dir/home/levi/pico/pico-sdk/src/rp2_common/pico_stdio_uart/stdio_uart.c.obj
                0x10003fc8                        __binary_info_end = .

.rel.dyn        0x10003fc8        0x0
 .rel.iplt      0x10003fc8        0x0 /usr/lib/gcc/arm-none-eabi/12.2.1/thumb/v6-m/nofp/crtbegin.o
                0x10003fc8                        . = ALIGN (0x4)

.ram_vector_table
                0x20000000       0xc0
 *(.ram_vector_table)
 .ram_vector_table
                0x20000000       0xc0 CMakeFiles/main.dir/home/levi/pico/pico-sdk/src/rp2_common/pico_runtime/runtime.c.obj
                0x20000000                ram_vector_table

.data           0x200000c0      0xa4c load address 0x10003fc8
                0x200000c0                        __data_start__ = .
 *(vtable)
 *(.time_critical*)
 .time_critical.mutex_try_enter_block_until
                0x200000c0       0x9c CMakeFiles/main.dir/home/levi/pico/pico-sdk/src/common/pico_sync/mutex.c.obj
                0x200000c0                mutex_try_enter_block_until
 .time_critical.mutex_exit
                0x2000015c       0x28 CMakeFiles/main.dir/home/levi/pico/pico-sdk/src/common/pico_sync/mutex.c.obj
                0x2000015c                mutex_exit
 .time_critical.spi_write_blocking
                0x20000184       0x4c CMakeFiles/main.dir/home/levi/pico/pico-sdk/src/rp2_common/hardware_spi/spi.c.obj
                0x20000184                spi_write_blocking
 *(.text*)
 .text          0x200001d0        0x4 /usr/lib/gcc/arm-none-eabi/12.2.1/thumb/v6-m/nofp/libgcc.a(_dvmd_tls.o)
                0x200001d0                __aeabi_ldiv0
                0x200001d0                __aeabi_idiv0
 *fill*         0x200001d4        0x4 
 .text.__stub   0x200001d8       0x10 linker stubs
                0x200001e8                        . = ALIGN (0x4)
 *(.rodata*)
                0x200001e8                        . = ALIGN (0x4)
 *(.data*)
 .data.striped_spin_lock_num
                0x200001e8        0x1 CMakeFiles/main.dir/home/levi/pico/pico-sdk/src/rp2_common/hardware_sync/sync.c.obj
 *fill*         0x200001e9        0x3 
 .data          0x200001ec       0x48 CMakeFiles/main.dir/home/levi/pico/pico-sdk/src/rp2_common/hardware_irq/irq_handler_chain.S.obj
                0x200001ec                irq_handler_chain_slots
                0x2000021c                irq_handler_chain_first_slot
                0x20000226                irq_handler_chain_remove_tail
 .data.default_alarm_pool
                0x20000234       0x18 CMakeFiles/main.dir/home/levi/pico/pico-sdk/src/common/pico_time/time.c.obj
 .data.default_alarm_pool_heap
                0x2000024c       0x10 CMakeFiles/main.dir/home/levi/pico/pico-sdk/src/common/pico_time/time.c.obj
 *fill*         0x2000025c        0x4 
 .data.aeabi_bits_funcs
                0x20000260       0x10 CMakeFiles/main.dir/home/levi/pico/pico-sdk/src/rp2_common/pico_bit_ops/bit_ops_aeabi.S.obj
                0x20000260                aeabi_bits_funcs
                0x20000270                aeabi_bits_funcs_end
 .data.aeabi_mem_funcs
                0x20000270       0x10 CMakeFiles/main.dir/home/levi/pico/pico-sdk/src/rp2_common/pico_mem_ops/mem_ops_aeabi.S.obj
                0x20000270                aeabi_mem_funcs
                0x20000280                aeabi_mem_funcs_end
 .data.stdio_uart
                0x20000280       0x18 CMakeFiles/main.dir/home/levi/pico/pico-sdk/src/rp2_common/pico_stdio_uart/stdio_uart.c.obj
                0x20000280                stdio_uart
 .data.i2c1_inst
                0x20000298        0x8 CMakeFiles/main.dir/home/levi/pico/pico-sdk/src/rp2_common/hardware_i2c/i2c.c.obj
                0x20000298                i2c1_inst
 .data.i2c0_inst
                0x200002a0        0x8 CMakeFiles/main.dir/home/levi/pico/pico-sdk/src/rp2_common/hardware_i2c/i2c.c.obj
                0x200002a0                i2c0_inst
 .data          0x200002a8        0x8 display/Fonts/libFonts.a(font12.c.obj)
                0x200002a8                Font12
 .data          0x200002b0      0x430 /usr/lib/gcc/arm-none-eabi/12.2.1/../../../arm-none-eabi/lib/thumb/v6-m/nofp/libc.a(lib_a-impure.o)
                0x200002b0                _impure_ptr
 .data          0x200006e0      0x410 /usr/lib/gcc/arm-none-eabi/12.2.1/../../../arm-none-eabi/lib/thumb/v6-m/nofp/libc.a(lib_a-mallocr.o)
                0x200006e0                __malloc_sbrk_base
                0x200006e4                __malloc_trim_threshold
                0x200006e8                __malloc_av_
                0x20000af0                        . = ALIGN (0x4)
 *(.after_data.*)
                0x20000af0                        . = ALIGN (0x4)
                0x20000af0                        PROVIDE (__mutex_array_start = .)
 *(SORT_BY_NAME(.mutex_array.*))
 *(.mutex_array)
 .mutex_array   0x20000af0        0x8 CMakeFiles/main.dir/home/levi/pico/pico-sdk/src/rp2_common/pico_stdio/stdio.c.obj
                0x20000af8                        PROVIDE (__mutex_array_end = .)
                0x20000af8                        . = ALIGN (0x4)
                0x20000af8                        PROVIDE (__preinit_array_start = .)
 *(SORT_BY_NAME(.preinit_array.*))
 .preinit_array.00001
                0x20000af8        0x4 CMakeFiles/main.dir/home/levi/pico/pico-sdk/src/rp2_common/pico_mem_ops/mem_ops_aeabi.S.obj
 .preinit_array.00010
                0x20000afc        0x4 CMakeFiles/main.dir/home/levi/pico/pico-sdk/src/rp2_common/pico_bit_ops/bit_ops_aeabi.S.obj
 .preinit_array.00020
                0x20000b00        0x4 CMakeFiles/main.dir/home/levi/pico/pico-sdk/src/rp2_common/pico_double/double_aeabi.S.obj
 .preinit_array.00020
                0x20000b04        0x4 CMakeFiles/main.dir/home/levi/pico/pico-sdk/src/rp2_common/pico_float/float_aeabi.S.obj
 *(.preinit_array)
                0x20000b08                        PROVIDE (__preinit_array_end = .)
                0x20000b08                        . = ALIGN (0x4)
                0x20000b08                        PROVIDE (__init_array_start = .)
 *(SORT_BY_NAME(.init_array.*))
 *(.init_array)
 .init_array    0x20000b08        0x4 /usr/lib/gcc/arm-none-eabi/12.2.1/thumb/v6-m/nofp/crtbegin.o
                0x20000b0c                        PROVIDE (__init_array_end = .)
                0x20000b0c                        . = ALIGN (0x4)
                0x20000b0c                        PROVIDE (__fini_array_start = .)
 *(SORT_BY_NAME(.fini_array.*))
 *(.fini_array)
                0x20000b0c                        PROVIDE (__fini_array_end = .)
 *(.jcr)
                0x20000b0c                        . = ALIGN (0x4)
                0x20000b0c                        __data_end__ = .
                0x10003fc8                        __etext = LOADADDR (.data)

.tm_clone_table
                0x20000b0c        0x0 load address 0x10004a14
 .tm_clone_table
                0x20000b0c        0x0 /usr/lib/gcc/arm-none-eabi/12.2.1/thumb/v6-m/nofp/crtbegin.o
 .tm_clone_table
                0x20000b0c        0x0 /usr/lib/gcc/arm-none-eabi/12.2.1/thumb/v6-m/nofp/crtend.o

.igot.plt       0x20000b0c        0x0 load address 0x10004a14
 .igot.plt      0x20000b0c        0x0 /usr/lib/gcc/arm-none-eabi/12.2.1/thumb/v6-m/nofp/crtbegin.o

.uninitialized_data
                0x20000b0c        0x0 load address 0x10004a14
                0x20000b0c                        . = ALIGN (0x4)
 *(.uninitialized_data*)

.scratch_x      0x20040000        0x0 load address 0x10004a14
                0x20040000                        __scratch_x_start__ = .
 *(.scratch_x.*)
                0x20040000                        . = ALIGN (0x4)
                0x20040000                        __scratch_x_end__ = .
                0x10004a14                        __scratch_x_source__ = LOADADDR (.scratch_x)

.scratch_y      0x20041000        0x0 load address 0x10004a14
                0x20041000                        __scratch_y_start__ = .
 *(.scratch_y.*)
                0x20041000                        . = ALIGN (0x4)
                0x20041000                        __scratch_y_end__ = .
                0x10004a14                        __scratch_y_source__ = LOADADDR (.scratch_y)

.bss            0x20000b10      0x454
                0x20000b10                        . = ALIGN (0x4)
                0x20000b10                        __bss_start__ = .
 *(SORT_BY_ALIGNMENT(SORT_BY_NAME(.bss*)))
 .bss.configured_freq
                0x20000b10       0x28 CMakeFiles/main.dir/home/levi/pico/pico-sdk/src/rp2_common/hardware_clocks/clocks.c.obj
 .bss.default_alarm_pool_entries
                0x20000b38      0x100 CMakeFiles/main.dir/home/levi/pico/pico-sdk/src/common/pico_time/time.c.obj
 .bss.sd_table  0x20000c38      0x100 CMakeFiles/main.dir/home/levi/pico/pico-sdk/src/rp2_common/pico_double/double_init_rom.c.obj
                0x20000c38                sd_table
 .bss.sf_table  0x20000d38      0x100 CMakeFiles/main.dir/home/levi/pico/pico-sdk/src/rp2_common/pico_float/float_init_rom.c.obj
                0x20000d38                sf_table
 .bss           0x20000e38       0x1c /usr/lib/gcc/arm-none-eabi/12.2.1/thumb/v6-m/nofp/crtbegin.o
 .bss           0x20000e54       0x34 /usr/lib/gcc/arm-none-eabi/12.2.1/../../../arm-none-eabi/lib/thumb/v6-m/nofp/libc.a(lib_a-mallocr.o)
                0x20000e54                __malloc_top_pad
                0x20000e58                __malloc_current_mallinfo
                0x20000e80                __malloc_max_sbrked_mem
                0x20000e84                __malloc_max_total_mem
 .bss           0x20000e88        0x4 /usr/lib/gcc/arm-none-eabi/12.2.1/../../../arm-none-eabi/lib/thumb/v6-m/nofp/libc.a(lib_a-reent.o)
                0x20000e88                errno
 .bss.EPD_BL_PIN
                0x20000e8c        0x4 display/Config/libConfig.a(DEV_Config.c.obj)
                0x20000e8c                EPD_BL_PIN
 .bss.EPD_CLK_PIN
                0x20000e90        0x4 display/Config/libConfig.a(DEV_Config.c.obj)
                0x20000e90                EPD_CLK_PIN
 .bss.EPD_CS_PIN
                0x20000e94        0x4 display/Config/libConfig.a(DEV_Config.c.obj)
                0x20000e94                EPD_CS_PIN
 .bss.EPD_DC_PIN
                0x20000e98        0x4 display/Config/libConfig.a(DEV_Config.c.obj)
                0x20000e98                EPD_DC_PIN
 .bss.EPD_MOSI_PIN
                0x20000e9c        0x4 display/Config/libConfig.a(DEV_Config.c.obj)
                0x20000e9c                EPD_MOSI_PIN
 .bss.EPD_RST_PIN
                0x20000ea0        0x4 display/Config/libConfig.a(DEV_Config.c.obj)
                0x20000ea0                EPD_RST_PIN
 .bss.EPD_SCL_PIN
                0x20000ea4        0x4 display/Config/libConfig.a(DEV_Config.c.obj)
                0x20000ea4                EPD_SCL_PIN
 .bss.EPD_SDA_PIN
                0x20000ea8        0x4 display/Config/libConfig.a(DEV_Config.c.obj)
                0x20000ea8                EPD_SDA_PIN
 .bss.Paint     0x20000eac       0x18 display/GUI/libGUI.a(GUI_Paint.c.obj)
                0x20000eac                Paint
 .bss.alarm_callbacks
                0x20000ec4       0x10 CMakeFiles/main.dir/home/levi/pico/pico-sdk/src/rp2_common/hardware_timer/timer.c.obj
 .bss.chars_available_callback
                0x20000ed4        0x4 CMakeFiles/main.dir/home/levi/pico/pico-sdk/src/rp2_common/pico_stdio_uart/stdio_uart.c.obj
 .bss.chars_available_param
                0x20000ed8        0x4 CMakeFiles/main.dir/home/levi/pico/pico-sdk/src/rp2_common/pico_stdio_uart/stdio_uart.c.obj
 .bss.default_alarm_pool_entry_ids_high
                0x20000edc       0x10 CMakeFiles/main.dir/home/levi/pico/pico-sdk/src/common/pico_time/time.c.obj
 .bss.default_alarm_pool_heap_nodes
                0x20000eec       0x30 CMakeFiles/main.dir/home/levi/pico/pico-sdk/src/common/pico_time/time.c.obj
 .bss.drivers   0x20000f1c        0x4 CMakeFiles/main.dir/home/levi/pico/pico-sdk/src/rp2_common/pico_stdio/stdio.c.obj
 .bss.filter    0x20000f20        0x4 CMakeFiles/main.dir/home/levi/pico/pico-sdk/src/rp2_common/pico_stdio/stdio.c.obj
 .bss.heap_end.0
                0x20000f24        0x4 CMakeFiles/main.dir/home/levi/pico/pico-sdk/src/rp2_common/pico_runtime/runtime.c.obj
 .bss.lazy_vsnprintf
                0x20000f28        0x4 CMakeFiles/main.dir/home/levi/pico/pico-sdk/src/rp2_common/pico_printf/printf.c.obj
 .bss.pools     0x20000f2c       0x10 CMakeFiles/main.dir/home/levi/pico/pico-sdk/src/common/pico_time/time.c.obj
 .bss.sf_clz_func
                0x20000f3c        0x4 CMakeFiles/main.dir/home/levi/pico/pico-sdk/src/rp2_common/pico_double/double_init_rom.c.obj
                0x20000f3c                sf_clz_func
 .bss.sleep_notifier
                0x20000f40        0x4 CMakeFiles/main.dir/home/levi/pico/pico-sdk/src/common/pico_time/time.c.obj
 .bss.slice_num
                0x20000f44        0x4 display/Config/libConfig.a(DEV_Config.c.obj)
                0x20000f44                slice_num
 .bss.target_hi
                0x20000f48       0x10 CMakeFiles/main.dir/home/levi/pico/pico-sdk/src/rp2_common/hardware_timer/timer.c.obj
 .bss.uart_char_to_line_feed
                0x20000f58        0x4 CMakeFiles/main.dir/home/levi/pico/pico-sdk/src/rp2_common/hardware_uart/uart.c.obj
                0x20000f58                uart_char_to_line_feed
 .bss.uart_instance
                0x20000f5c        0x4 CMakeFiles/main.dir/home/levi/pico/pico-sdk/src/rp2_common/pico_stdio_uart/stdio_uart.c.obj
 .bss.claimed   0x20000f60        0x1 CMakeFiles/main.dir/home/levi/pico/pico-sdk/src/rp2_common/hardware_timer/timer.c.obj
 .bss.irq_hander_chain_free_slot_head
                0x20000f61        0x1 CMakeFiles/main.dir/home/levi/pico/pico-sdk/src/rp2_common/hardware_irq/irq.c.obj
 .bss.timer_callbacks_pending
                0x20000f62        0x1 CMakeFiles/main.dir/home/levi/pico/pico-sdk/src/rp2_common/hardware_timer/timer.c.obj
 *(COMMON)
                0x20000f64                        . = ALIGN (0x4)
 *fill*         0x20000f63        0x1 
                0x20000f64                        __bss_end__ = .

.heap           0x20000f64      0x800
                0x20000f64                        __end__ = .
                0x20000f64                        end = __end__
 *(.heap*)
 .heap          0x20000f64      0x800 CMakeFiles/main.dir/home/levi/pico/pico-sdk/src/rp2_common/pico_standard_link/crt0.S.obj
                0x20001764                        __HeapLimit = .

.stack1_dummy
 *(.stack1*)

.stack_dummy    0x20041000      0x800
 *(.stack*)
 .stack         0x20041000      0x800 CMakeFiles/main.dir/home/levi/pico/pico-sdk/src/rp2_common/pico_standard_link/crt0.S.obj

.flash_end      0x10004a14        0x0
                0x10004a14                        PROVIDE (__flash_binary_end = .)
                0x20040000                        __StackLimit = (ORIGIN (RAM) + LENGTH (RAM))
                0x20041000                        __StackOneTop = (ORIGIN (SCRATCH_X) + LENGTH (SCRATCH_X))
                0x20042000                        __StackTop = (ORIGIN (SCRATCH_Y) + LENGTH (SCRATCH_Y))
                0x20041000                        __StackOneBottom = (__StackOneTop - SIZEOF (.stack1_dummy))
                0x20041800                        __StackBottom = (__StackTop - SIZEOF (.stack_dummy))
                0x20042000                        PROVIDE (__stack = __StackTop)
                0x00000001                        ASSERT ((__StackLimit >= __HeapLimit), region RAM overflowed)
                0x00000001                        ASSERT (((__binary_info_header_end - __logical_binary_start) <= 0x100), Binary info must be in first 256 bytes of the binary)
LOAD CMakeFiles/main.dir/src/main.c.obj
LOAD CMakeFiles/main.dir/home/levi/pico/pico-sdk/src/rp2_common/pico_stdlib/stdlib.c.obj
LOAD CMakeFiles/main.dir/home/levi/pico/pico-sdk/src/rp2_common/hardware_gpio/gpio.c.obj
LOAD CMakeFiles/main.dir/home/levi/pico/pico-sdk/src/rp2_common/pico_platform/platform.c.obj
LOAD CMakeFiles/main.dir/home/levi/pico/pico-sdk/src/rp2_common/hardware_claim/claim.c.obj
LOAD CMakeFiles/main.dir/home/levi/pico/pico-sdk/src/rp2_common/hardware_sync/sync.c.obj
LOAD CMakeFiles/main.dir/home/levi/pico/pico-sdk/src/rp2_common/hardware_irq/irq.c.obj
LOAD CMakeFiles/main.dir/home/levi/pico/pico-sdk/src/rp2_common/hardware_irq/irq_handler_chain.S.obj
LOAD CMakeFiles/main.dir/home/levi/pico/pico-sdk/src/common/pico_sync/sem.c.obj
LOAD CMakeFiles/main.dir/home/levi/pico/pico-sdk/src/common/pico_sync/lock_core.c.obj
LOAD CMakeFiles/main.dir/home/levi/pico/pico-sdk/src/common/pico_sync/mutex.c.obj
LOAD CMakeFiles/main.dir/home/levi/pico/pico-sdk/src/common/pico_sync/critical_section.c.obj
LOAD CMakeFiles/main.dir/home/levi/pico/pico-sdk/src/common/pico_time/time.c.obj
LOAD CMakeFiles/main.dir/home/levi/pico/pico-sdk/src/common/pico_time/timeout_helper.c.obj
LOAD CMakeFiles/main.dir/home/levi/pico/pico-sdk/src/rp2_common/hardware_timer/timer.c.obj
LOAD CMakeFiles/main.dir/home/levi/pico/pico-sdk/src/common/pico_util/datetime.c.obj
LOAD CMakeFiles/main.dir/home/levi/pico/pico-sdk/src/common/pico_util/pheap.c.obj
LOAD CMakeFiles/main.dir/home/levi/pico/pico-sdk/src/common/pico_util/queue.c.obj
LOAD CMakeFiles/main.dir/home/levi/pico/pico-sdk/src/rp2_common/hardware_uart/uart.c.obj
LOAD CMakeFiles/main.dir/home/levi/pico/pico-sdk/src/rp2_common/hardware_clocks/clocks.c.obj
LOAD CMakeFiles/main.dir/home/levi/pico/pico-sdk/src/rp2_common/hardware_pll/pll.c.obj
LOAD CMakeFiles/main.dir/home/levi/pico/pico-sdk/src/rp2_common/hardware_vreg/vreg.c.obj
LOAD CMakeFiles/main.dir/home/levi/pico/pico-sdk/src/rp2_common/hardware_watchdog/watchdog.c.obj
LOAD CMakeFiles/main.dir/home/levi/pico/pico-sdk/src/rp2_common/hardware_xosc/xosc.c.obj
LOAD CMakeFiles/main.dir/home/levi/pico/pico-sdk/src/rp2_common/hardware_divider/divider.S.obj
LOAD CMakeFiles/main.dir/home/levi/pico/pico-sdk/src/rp2_common/pico_runtime/runtime.c.obj
LOAD CMakeFiles/main.dir/home/levi/pico/pico-sdk/src/rp2_common/pico_printf/printf.c.obj
LOAD CMakeFiles/main.dir/home/levi/pico/pico-sdk/src/rp2_common/pico_bit_ops/bit_ops_aeabi.S.obj
LOAD CMakeFiles/main.dir/home/levi/pico/pico-sdk/src/rp2_common/pico_bootrom/bootrom.c.obj
LOAD CMakeFiles/main.dir/home/levi/pico/pico-sdk/src/rp2_common/pico_divider/divider.S.obj
LOAD CMakeFiles/main.dir/home/levi/pico/pico-sdk/src/rp2_common/pico_double/double_aeabi.S.obj
LOAD CMakeFiles/main.dir/home/levi/pico/pico-sdk/src/rp2_common/pico_double/double_init_rom.c.obj
LOAD CMakeFiles/main.dir/home/levi/pico/pico-sdk/src/rp2_common/pico_double/double_math.c.obj
LOAD CMakeFiles/main.dir/home/levi/pico/pico-sdk/src/rp2_common/pico_double/double_v1_rom_shim.S.obj
LOAD CMakeFiles/main.dir/home/levi/pico/pico-sdk/src/rp2_common/pico_int64_ops/pico_int64_ops_aeabi.S.obj
LOAD CMakeFiles/main.dir/home/levi/pico/pico-sdk/src/rp2_common/pico_float/float_aeabi.S.obj
LOAD CMakeFiles/main.dir/home/levi/pico/pico-sdk/src/rp2_common/pico_float/float_init_rom.c.obj
LOAD CMakeFiles/main.dir/home/levi/pico/pico-sdk/src/rp2_common/pico_float/float_math.c.obj
LOAD CMakeFiles/main.dir/home/levi/pico/pico-sdk/src/rp2_common/pico_float/float_v1_rom_shim.S.obj
LOAD CMakeFiles/main.dir/home/levi/pico/pico-sdk/src/rp2_common/pico_malloc/pico_malloc.c.obj
LOAD CMakeFiles/main.dir/home/levi/pico/pico-sdk/src/rp2_common/pico_mem_ops/mem_ops_aeabi.S.obj
LOAD CMakeFiles/main.dir/home/levi/pico/pico-sdk/src/rp2_common/pico_standard_link/crt0.S.obj
LOAD CMakeFiles/main.dir/home/levi/pico/pico-sdk/src/rp2_common/pico_standard_link/new_delete.cpp.obj
LOAD CMakeFiles/main.dir/home/levi/pico/pico-sdk/src/rp2_common/pico_standard_link/binary_info.c.obj
LOAD CMakeFiles/main.dir/home/levi/pico/pico-sdk/src/rp2_common/pico_stdio/stdio.c.obj
LOAD CMakeFiles/main.dir/home/levi/pico/pico-sdk/src/rp2_common/pico_stdio_uart/stdio_uart.c.obj
LOAD CMakeFiles/main.dir/home/levi/pico/pico-sdk/src/rp2_common/hardware_spi/spi.c.obj
LOAD CMakeFiles/main.dir/home/levi/pico/pico-sdk/src/rp2_common/hardware_i2c/i2c.c.obj
LOAD CMakeFiles/main.dir/home/levi/pico/pico-sdk/src/rp2_common/hardware_adc/adc.c.obj
LOAD display/OLED/libOLED.a
LOAD display/Infrared/libInfrared.a
LOAD display/Icm20948/libIcm20948.a
LOAD display/GUI/libGUI.a
LOAD display/Fonts/libFonts.a
LOAD display/Config/libConfig.a
LOAD /tmp/ccPNxDwl.o
LOAD /usr/lib/gcc/arm-none-eabi/12.2.1/../../../arm-none-eabi/lib/thumb/v6-m/nofp/libstdc++.a
LOAD /usr/lib/gcc/arm-none-eabi/12.2.1/../../../arm-none-eabi/lib/thumb/v6-m/nofp/libm.a
START GROUP
LOAD /usr/lib/gcc/arm-none-eabi/12.2.1/thumb/v6-m/nofp/libgcc.a
LOAD /usr/lib/gcc/arm-none-eabi/12.2.1/../../../arm-none-eabi/lib/thumb/v6-m/nofp/libc.a
END GROUP
START GROUP
LOAD /usr/lib/gcc/arm-none-eabi/12.2.1/thumb/v6-m/nofp/libgcc.a
LOAD /usr/lib/gcc/arm-none-eabi/12.2.1/../../../arm-none-eabi/lib/thumb/v6-m/nofp/libc.a
LOAD /usr/lib/gcc/arm-none-eabi/12.2.1/../../../arm-none-eabi/lib/thumb/v6-m/nofp/libnosys.a
END GROUP
LOAD /usr/lib/gcc/arm-none-eabi/12.2.1/thumb/v6-m/nofp/crtend.o
LOAD /usr/lib/gcc/arm-none-eabi/12.2.1/thumb/v6-m/nofp/crtn.o
OUTPUT(main.elf elf32-littlearm)
LOAD linker stubs

.ARM.attributes
                0x00000000       0x28
 .ARM.attributes
                0x00000000       0x1e /usr/lib/gcc/arm-none-eabi/12.2.1/thumb/v6-m/nofp/crti.o
 .ARM.attributes
                0x0000001e       0x2c /usr/lib/gcc/arm-none-eabi/12.2.1/thumb/v6-m/nofp/crtbegin.o
 .ARM.attributes
                0x0000004a       0x2c CMakeFiles/main.dir/src/main.c.obj
 .ARM.attributes
                0x00000076       0x2c CMakeFiles/main.dir/home/levi/pico/pico-sdk/src/rp2_common/hardware_gpio/gpio.c.obj
 .ARM.attributes
                0x000000a2       0x2c CMakeFiles/main.dir/home/levi/pico/pico-sdk/src/rp2_common/pico_platform/platform.c.obj
 .ARM.attributes
                0x000000ce       0x2c CMakeFiles/main.dir/home/levi/pico/pico-sdk/src/rp2_common/hardware_claim/claim.c.obj
 .ARM.attributes
                0x000000fa       0x2c CMakeFiles/main.dir/home/levi/pico/pico-sdk/src/rp2_common/hardware_sync/sync.c.obj
 .ARM.attributes
                0x00000126       0x2c CMakeFiles/main.dir/home/levi/pico/pico-sdk/src/rp2_common/hardware_irq/irq.c.obj
 .ARM.attributes
                0x00000152       0x22 CMakeFiles/main.dir/home/levi/pico/pico-sdk/src/rp2_common/hardware_irq/irq_handler_chain.S.obj
 .ARM.attributes
                0x00000174       0x2c CMakeFiles/main.dir/home/levi/pico/pico-sdk/src/common/pico_sync/lock_core.c.obj
 .ARM.attributes
                0x000001a0       0x2c CMakeFiles/main.dir/home/levi/pico/pico-sdk/src/common/pico_sync/mutex.c.obj
 .ARM.attributes
                0x000001cc       0x2c CMakeFiles/main.dir/home/levi/pico/pico-sdk/src/common/pico_time/time.c.obj
 .ARM.attributes
                0x000001f8       0x2c CMakeFiles/main.dir/home/levi/pico/pico-sdk/src/rp2_common/hardware_timer/timer.c.obj
 .ARM.attributes
                0x00000224       0x2c CMakeFiles/main.dir/home/levi/pico/pico-sdk/src/common/pico_util/pheap.c.obj
 .ARM.attributes
                0x00000250       0x2c CMakeFiles/main.dir/home/levi/pico/pico-sdk/src/rp2_common/hardware_uart/uart.c.obj
 .ARM.attributes
                0x0000027c       0x2c CMakeFiles/main.dir/home/levi/pico/pico-sdk/src/rp2_common/hardware_clocks/clocks.c.obj
 .ARM.attributes
                0x000002a8       0x2c CMakeFiles/main.dir/home/levi/pico/pico-sdk/src/rp2_common/hardware_pll/pll.c.obj
 .ARM.attributes
                0x000002d4       0x2c CMakeFiles/main.dir/home/levi/pico/pico-sdk/src/rp2_common/hardware_watchdog/watchdog.c.obj
 .ARM.attributes
                0x00000300       0x2c CMakeFiles/main.dir/home/levi/pico/pico-sdk/src/rp2_common/hardware_xosc/xosc.c.obj
 .ARM.attributes
                0x0000032c       0x2c CMakeFiles/main.dir/home/levi/pico/pico-sdk/src/rp2_common/pico_runtime/runtime.c.obj
 .ARM.attributes
                0x00000358       0x2c CMakeFiles/main.dir/home/levi/pico/pico-sdk/src/rp2_common/pico_printf/printf.c.obj
 .ARM.attributes
                0x00000384       0x22 CMakeFiles/main.dir/home/levi/pico/pico-sdk/src/rp2_common/pico_bit_ops/bit_ops_aeabi.S.obj
 .ARM.attributes
                0x000003a6       0x2c CMakeFiles/main.dir/home/levi/pico/pico-sdk/src/rp2_common/pico_bootrom/bootrom.c.obj
 .ARM.attributes
                0x000003d2       0x22 CMakeFiles/main.dir/home/levi/pico/pico-sdk/src/rp2_common/pico_divider/divider.S.obj
 .ARM.attributes
                0x000003f4       0x22 CMakeFiles/main.dir/home/levi/pico/pico-sdk/src/rp2_common/pico_double/double_aeabi.S.obj
 .ARM.attributes
                0x00000416       0x2c CMakeFiles/main.dir/home/levi/pico/pico-sdk/src/rp2_common/pico_double/double_init_rom.c.obj
 .ARM.attributes
                0x00000442       0x22 CMakeFiles/main.dir/home/levi/pico/pico-sdk/src/rp2_common/pico_double/double_v1_rom_shim.S.obj
 .ARM.attributes
                0x00000464       0x22 CMakeFiles/main.dir/home/levi/pico/pico-sdk/src/rp2_common/pico_int64_ops/pico_int64_ops_aeabi.S.obj
 .ARM.attributes
                0x00000486       0x22 CMakeFiles/main.dir/home/levi/pico/pico-sdk/src/rp2_common/pico_float/float_aeabi.S.obj
 .ARM.attributes
                0x000004a8       0x2c CMakeFiles/main.dir/home/levi/pico/pico-sdk/src/rp2_common/pico_float/float_init_rom.c.obj
 .ARM.attributes
                0x000004d4       0x22 CMakeFiles/main.dir/home/levi/pico/pico-sdk/src/rp2_common/pico_float/float_v1_rom_shim.S.obj
 .ARM.attributes
                0x000004f6       0x2c CMakeFiles/main.dir/home/levi/pico/pico-sdk/src/rp2_common/pico_malloc/pico_malloc.c.obj
 .ARM.attributes
                0x00000522       0x22 CMakeFiles/main.dir/home/levi/pico/pico-sdk/src/rp2_common/pico_mem_ops/mem_ops_aeabi.S.obj
 .ARM.attributes
                0x00000544       0x22 CMakeFiles/main.dir/home/levi/pico/pico-sdk/src/rp2_common/pico_standard_link/crt0.S.obj
 .ARM.attributes
                0x00000566       0x2c CMakeFiles/main.dir/home/levi/pico/pico-sdk/src/rp2_common/pico_standard_link/binary_info.c.obj
 .ARM.attributes
                0x00000592       0x2c CMakeFiles/main.dir/home/levi/pico/pico-sdk/src/rp2_common/pico_stdio/stdio.c.obj
 .ARM.attributes
                0x000005be       0x2c CMakeFiles/main.dir/home/levi/pico/pico-sdk/src/rp2_common/pico_stdio_uart/stdio_uart.c.obj
 .ARM.attributes
                0x000005ea       0x2c CMakeFiles/main.dir/home/levi/pico/pico-sdk/src/rp2_common/hardware_spi/spi.c.obj
 .ARM.attributes
                0x00000616       0x2c CMakeFiles/main.dir/home/levi/pico/pico-sdk/src/rp2_common/hardware_i2c/i2c.c.obj
 .ARM.attributes
                0x00000642       0x2c display/OLED/libOLED.a(OLED_1in3_c.c.obj)
 .ARM.attributes
                0x0000066e       0x2c display/GUI/libGUI.a(GUI_Paint.c.obj)
 .ARM.attributes
                0x0000069a       0x2c display/Fonts/libFonts.a(font12.c.obj)
 .ARM.attributes
                0x000006c6       0x2c display/Config/libConfig.a(DEV_Config.c.obj)
 .ARM.attributes
                0x000006f2       0x22 /tmp/ccPNxDwl.o
 .ARM.attributes
                0x00000714       0x1e /usr/lib/gcc/arm-none-eabi/12.2.1/thumb/v6-m/nofp/libgcc.a(_dvmd_tls.o)
 .ARM.attributes
                0x00000732       0x2c /usr/lib/gcc/arm-none-eabi/12.2.1/../../../arm-none-eabi/lib/thumb/v6-m/nofp/libc.a(lib_a-calloc.o)
 .ARM.attributes
                0x0000075e       0x2c /usr/lib/gcc/arm-none-eabi/12.2.1/../../../arm-none-eabi/lib/thumb/v6-m/nofp/libc.a(lib_a-callocr.o)
 .ARM.attributes
                0x0000078a       0x2c /usr/lib/gcc/arm-none-eabi/12.2.1/../../../arm-none-eabi/lib/thumb/v6-m/nofp/libc.a(lib_a-impure.o)
 .ARM.attributes
                0x000007b6       0x2c /usr/lib/gcc/arm-none-eabi/12.2.1/../../../arm-none-eabi/lib/thumb/v6-m/nofp/libc.a(lib_a-mallocr.o)
 .ARM.attributes
                0x000007e2       0x2c /usr/lib/gcc/arm-none-eabi/12.2.1/../../../arm-none-eabi/lib/thumb/v6-m/nofp/libc.a(lib_a-mlock.o)
 .ARM.attributes
                0x0000080e       0x2c /usr/lib/gcc/arm-none-eabi/12.2.1/../../../arm-none-eabi/lib/thumb/v6-m/nofp/libc.a(lib_a-sbrkr.o)
 .ARM.attributes
                0x0000083a       0x2c /usr/lib/gcc/arm-none-eabi/12.2.1/../../../arm-none-eabi/lib/thumb/v6-m/nofp/libc.a(lib_a-strlen-stub.o)
 .ARM.attributes
                0x00000866       0x2c /usr/lib/gcc/arm-none-eabi/12.2.1/../../../arm-none-eabi/lib/thumb/v6-m/nofp/libc.a(lib_a-freer.o)
 .ARM.attributes
                0x00000892       0x2c /usr/lib/gcc/arm-none-eabi/12.2.1/../../../arm-none-eabi/lib/thumb/v6-m/nofp/libc.a(lib_a-reent.o)
 .ARM.attributes
                0x000008be       0x2c /usr/lib/gcc/arm-none-eabi/12.2.1/thumb/v6-m/nofp/crtend.o

.comment        0x00000000       0x59
 .comment       0x00000000       0x59 /usr/lib/gcc/arm-none-eabi/12.2.1/thumb/v6-m/nofp/crtbegin.o
                                 0x27 (size before relaxing)
 .comment       0x00000059       0x27 CMakeFiles/main.dir/src/main.c.obj
 .comment       0x00000059       0x27 CMakeFiles/main.dir/home/levi/pico/pico-sdk/src/rp2_common/hardware_gpio/gpio.c.obj
 .comment       0x00000059       0x27 CMakeFiles/main.dir/home/levi/pico/pico-sdk/src/rp2_common/pico_platform/platform.c.obj
 .comment       0x00000059       0x27 CMakeFiles/main.dir/home/levi/pico/pico-sdk/src/rp2_common/hardware_claim/claim.c.obj
 .comment       0x00000059       0x27 CMakeFiles/main.dir/home/levi/pico/pico-sdk/src/rp2_common/hardware_sync/sync.c.obj
 .comment       0x00000059       0x27 CMakeFiles/main.dir/home/levi/pico/pico-sdk/src/rp2_common/hardware_irq/irq.c.obj
 .comment       0x00000059       0x27 CMakeFiles/main.dir/home/levi/pico/pico-sdk/src/common/pico_sync/lock_core.c.obj
 .comment       0x00000059       0x27 CMakeFiles/main.dir/home/levi/pico/pico-sdk/src/common/pico_sync/mutex.c.obj
 .comment       0x00000059       0x27 CMakeFiles/main.dir/home/levi/pico/pico-sdk/src/common/pico_time/time.c.obj
 .comment       0x00000059       0x27 CMakeFiles/main.dir/home/levi/pico/pico-sdk/src/rp2_common/hardware_timer/timer.c.obj
 .comment       0x00000059       0x27 CMakeFiles/main.dir/home/levi/pico/pico-sdk/src/common/pico_util/pheap.c.obj
 .comment       0x00000059       0x27 CMakeFiles/main.dir/home/levi/pico/pico-sdk/src/rp2_common/hardware_uart/uart.c.obj
 .comment       0x00000059       0x27 CMakeFiles/main.dir/home/levi/pico/pico-sdk/src/rp2_common/hardware_clocks/clocks.c.obj
 .comment       0x00000059       0x27 CMakeFiles/main.dir/home/levi/pico/pico-sdk/src/rp2_common/hardware_pll/pll.c.obj
 .comment       0x00000059       0x27 CMakeFiles/main.dir/home/levi/pico/pico-sdk/src/rp2_common/hardware_watchdog/watchdog.c.obj
 .comment       0x00000059       0x27 CMakeFiles/main.dir/home/levi/pico/pico-sdk/src/rp2_common/hardware_xosc/xosc.c.obj
 .comment       0x00000059       0x27 CMakeFiles/main.dir/home/levi/pico/pico-sdk/src/rp2_common/pico_runtime/runtime.c.obj
 .comment       0x00000059       0x27 CMakeFiles/main.dir/home/levi/pico/pico-sdk/src/rp2_common/pico_printf/printf.c.obj
 .comment       0x00000059       0x27 CMakeFiles/main.dir/home/levi/pico/pico-sdk/src/rp2_common/pico_bootrom/bootrom.c.obj
 .comment       0x00000059       0x27 CMakeFiles/main.dir/home/levi/pico/pico-sdk/src/rp2_common/pico_double/double_init_rom.c.obj
 .comment       0x00000059       0x27 CMakeFiles/main.dir/home/levi/pico/pico-sdk/src/rp2_common/pico_float/float_init_rom.c.obj
 .comment       0x00000059       0x27 CMakeFiles/main.dir/home/levi/pico/pico-sdk/src/rp2_common/pico_malloc/pico_malloc.c.obj
 .comment       0x00000059       0x27 CMakeFiles/main.dir/home/levi/pico/pico-sdk/src/rp2_common/pico_standard_link/binary_info.c.obj
 .comment       0x00000059       0x27 CMakeFiles/main.dir/home/levi/pico/pico-sdk/src/rp2_common/pico_stdio/stdio.c.obj
 .comment       0x00000059       0x27 CMakeFiles/main.dir/home/levi/pico/pico-sdk/src/rp2_common/pico_stdio_uart/stdio_uart.c.obj
 .comment       0x00000059       0x27 CMakeFiles/main.dir/home/levi/pico/pico-sdk/src/rp2_common/hardware_spi/spi.c.obj
 .comment       0x00000059       0x27 CMakeFiles/main.dir/home/levi/pico/pico-sdk/src/rp2_common/hardware_i2c/i2c.c.obj
 .comment       0x00000059       0x27 display/OLED/libOLED.a(OLED_1in3_c.c.obj)
 .comment       0x00000059       0x27 display/GUI/libGUI.a(GUI_Paint.c.obj)
 .comment       0x00000059       0x27 display/Fonts/libFonts.a(font12.c.obj)
 .comment       0x00000059       0x27 display/Config/libConfig.a(DEV_Config.c.obj)
 .comment       0x00000059       0x34 /usr/lib/gcc/arm-none-eabi/12.2.1/../../../arm-none-eabi/lib/thumb/v6-m/nofp/libc.a(lib_a-calloc.o)
 .comment       0x00000059       0x34 /usr/lib/gcc/arm-none-eabi/12.2.1/../../../arm-none-eabi/lib/thumb/v6-m/nofp/libc.a(lib_a-callocr.o)
 .comment       0x00000059       0x34 /usr/lib/gcc/arm-none-eabi/12.2.1/../../../arm-none-eabi/lib/thumb/v6-m/nofp/libc.a(lib_a-impure.o)
 .comment       0x00000059       0x34 /usr/lib/gcc/arm-none-eabi/12.2.1/../../../arm-none-eabi/lib/thumb/v6-m/nofp/libc.a(lib_a-mallocr.o)
 .comment       0x00000059       0x34 /usr/lib/gcc/arm-none-eabi/12.2.1/../../../arm-none-eabi/lib/thumb/v6-m/nofp/libc.a(lib_a-mlock.o)
 .comment       0x00000059       0x34 /usr/lib/gcc/arm-none-eabi/12.2.1/../../../arm-none-eabi/lib/thumb/v6-m/nofp/libc.a(lib_a-sbrkr.o)
 .comment       0x00000059       0x34 /usr/lib/gcc/arm-none-eabi/12.2.1/../../../arm-none-eabi/lib/thumb/v6-m/nofp/libc.a(lib_a-strlen-stub.o)
 .comment       0x00000059       0x34 /usr/lib/gcc/arm-none-eabi/12.2.1/../../../arm-none-eabi/lib/thumb/v6-m/nofp/libc.a(lib_a-freer.o)
 .comment       0x00000059       0x34 /usr/lib/gcc/arm-none-eabi/12.2.1/../../../arm-none-eabi/lib/thumb/v6-m/nofp/libc.a(lib_a-reent.o)
 .comment       0x00000059       0x27 /usr/lib/gcc/arm-none-eabi/12.2.1/thumb/v6-m/nofp/crtend.o

.debug_line     0x00000000     0x1858
 .debug_line    0x00000000       0x4a /usr/lib/gcc/arm-none-eabi/12.2.1/thumb/v6-m/nofp/libgcc.a(_dvmd_tls.o)
 .debug_line    0x0000004a      0x149 /usr/lib/gcc/arm-none-eabi/12.2.1/../../../arm-none-eabi/lib/thumb/v6-m/nofp/libc.a(lib_a-calloc.o)
 .debug_line    0x00000193      0x1d1 /usr/lib/gcc/arm-none-eabi/12.2.1/../../../arm-none-eabi/lib/thumb/v6-m/nofp/libc.a(lib_a-callocr.o)
 .debug_line    0x00000364       0xe4 /usr/lib/gcc/arm-none-eabi/12.2.1/../../../arm-none-eabi/lib/thumb/v6-m/nofp/libc.a(lib_a-impure.o)
 .debug_line    0x00000448      0x8e2 /usr/lib/gcc/arm-none-eabi/12.2.1/../../../arm-none-eabi/lib/thumb/v6-m/nofp/libc.a(lib_a-mallocr.o)
 .debug_line    0x00000d2a      0x13e /usr/lib/gcc/arm-none-eabi/12.2.1/../../../arm-none-eabi/lib/thumb/v6-m/nofp/libc.a(lib_a-mlock.o)
 .debug_line    0x00000e68      0x183 /usr/lib/gcc/arm-none-eabi/12.2.1/../../../arm-none-eabi/lib/thumb/v6-m/nofp/libc.a(lib_a-sbrkr.o)
 .debug_line    0x00000feb      0x172 /usr/lib/gcc/arm-none-eabi/12.2.1/../../../arm-none-eabi/lib/thumb/v6-m/nofp/libc.a(lib_a-strlen-stub.o)
 .debug_line    0x0000115d      0x47d /usr/lib/gcc/arm-none-eabi/12.2.1/../../../arm-none-eabi/lib/thumb/v6-m/nofp/libc.a(lib_a-freer.o)
 .debug_line    0x000015da      0x27e /usr/lib/gcc/arm-none-eabi/12.2.1/../../../arm-none-eabi/lib/thumb/v6-m/nofp/libc.a(lib_a-reent.o)

.debug_line_str
                0x00000000       0x97
 .debug_line_str
                0x00000000       0x97 /usr/lib/gcc/arm-none-eabi/12.2.1/thumb/v6-m/nofp/libgcc.a(_dvmd_tls.o)

.debug_info     0x00000000     0x5852
 .debug_info    0x00000000       0x39 /usr/lib/gcc/arm-none-eabi/12.2.1/thumb/v6-m/nofp/libgcc.a(_dvmd_tls.o)
 .debug_info    0x00000039      0x96a /usr/lib/gcc/arm-none-eabi/12.2.1/../../../arm-none-eabi/lib/thumb/v6-m/nofp/libc.a(lib_a-calloc.o)
 .debug_info    0x000009a3      0xa81 /usr/lib/gcc/arm-none-eabi/12.2.1/../../../arm-none-eabi/lib/thumb/v6-m/nofp/libc.a(lib_a-callocr.o)
 .debug_info    0x00001424      0x92a /usr/lib/gcc/arm-none-eabi/12.2.1/../../../arm-none-eabi/lib/thumb/v6-m/nofp/libc.a(lib_a-impure.o)
 .debug_info    0x00001d4e      0xe80 /usr/lib/gcc/arm-none-eabi/12.2.1/../../../arm-none-eabi/lib/thumb/v6-m/nofp/libc.a(lib_a-mallocr.o)
 .debug_info    0x00002bce      0x942 /usr/lib/gcc/arm-none-eabi/12.2.1/../../../arm-none-eabi/lib/thumb/v6-m/nofp/libc.a(lib_a-mlock.o)
 .debug_info    0x00003510      0x98e /usr/lib/gcc/arm-none-eabi/12.2.1/../../../arm-none-eabi/lib/thumb/v6-m/nofp/libc.a(lib_a-sbrkr.o)
 .debug_info    0x00003e9e       0xee /usr/lib/gcc/arm-none-eabi/12.2.1/../../../arm-none-eabi/lib/thumb/v6-m/nofp/libc.a(lib_a-strlen-stub.o)
 .debug_info    0x00003f8c      0xce5 /usr/lib/gcc/arm-none-eabi/12.2.1/../../../arm-none-eabi/lib/thumb/v6-m/nofp/libc.a(lib_a-freer.o)
 .debug_info    0x00004c71      0xbe1 /usr/lib/gcc/arm-none-eabi/12.2.1/../../../arm-none-eabi/lib/thumb/v6-m/nofp/libc.a(lib_a-reent.o)

.debug_abbrev   0x00000000     0x134d
 .debug_abbrev  0x00000000       0x1f /usr/lib/gcc/arm-none-eabi/12.2.1/thumb/v6-m/nofp/libgcc.a(_dvmd_tls.o)
 .debug_abbrev  0x0000001f      0x212 /usr/lib/gcc/arm-none-eabi/12.2.1/../../../arm-none-eabi/lib/thumb/v6-m/nofp/libc.a(lib_a-calloc.o)
 .debug_abbrev  0x00000231      0x241 /usr/lib/gcc/arm-none-eabi/12.2.1/../../../arm-none-eabi/lib/thumb/v6-m/nofp/libc.a(lib_a-callocr.o)
 .debug_abbrev  0x00000472      0x1b8 /usr/lib/gcc/arm-none-eabi/12.2.1/../../../arm-none-eabi/lib/thumb/v6-m/nofp/libc.a(lib_a-impure.o)
 .debug_abbrev  0x0000062a      0x2f6 /usr/lib/gcc/arm-none-eabi/12.2.1/../../../arm-none-eabi/lib/thumb/v6-m/nofp/libc.a(lib_a-mallocr.o)
 .debug_abbrev  0x00000920      0x1f0 /usr/lib/gcc/arm-none-eabi/12.2.1/../../../arm-none-eabi/lib/thumb/v6-m/nofp/libc.a(lib_a-mlock.o)
 .debug_abbrev  0x00000b10      0x23d /usr/lib/gcc/arm-none-eabi/12.2.1/../../../arm-none-eabi/lib/thumb/v6-m/nofp/libc.a(lib_a-sbrkr.o)
 .debug_abbrev  0x00000d4d       0x8f /usr/lib/gcc/arm-none-eabi/12.2.1/../../../arm-none-eabi/lib/thumb/v6-m/nofp/libc.a(lib_a-strlen-stub.o)
 .debug_abbrev  0x00000ddc      0x2a1 /usr/lib/gcc/arm-none-eabi/12.2.1/../../../arm-none-eabi/lib/thumb/v6-m/nofp/libc.a(lib_a-freer.o)
 .debug_abbrev  0x0000107d      0x2d0 /usr/lib/gcc/arm-none-eabi/12.2.1/../../../arm-none-eabi/lib/thumb/v6-m/nofp/libc.a(lib_a-reent.o)

.debug_aranges  0x00000000      0x138
 .debug_aranges
                0x00000000       0x20 /usr/lib/gcc/arm-none-eabi/12.2.1/thumb/v6-m/nofp/libgcc.a(_dvmd_tls.o)
 .debug_aranges
                0x00000020       0x20 /usr/lib/gcc/arm-none-eabi/12.2.1/../../../arm-none-eabi/lib/thumb/v6-m/nofp/libc.a(lib_a-calloc.o)
 .debug_aranges
                0x00000040       0x20 /usr/lib/gcc/arm-none-eabi/12.2.1/../../../arm-none-eabi/lib/thumb/v6-m/nofp/libc.a(lib_a-callocr.o)
 .debug_aranges
                0x00000060       0x18 /usr/lib/gcc/arm-none-eabi/12.2.1/../../../arm-none-eabi/lib/thumb/v6-m/nofp/libc.a(lib_a-impure.o)
 .debug_aranges
                0x00000078       0x20 /usr/lib/gcc/arm-none-eabi/12.2.1/../../../arm-none-eabi/lib/thumb/v6-m/nofp/libc.a(lib_a-mallocr.o)
 .debug_aranges
                0x00000098       0x20 /usr/lib/gcc/arm-none-eabi/12.2.1/../../../arm-none-eabi/lib/thumb/v6-m/nofp/libc.a(lib_a-mlock.o)
 .debug_aranges
                0x000000b8       0x20 /usr/lib/gcc/arm-none-eabi/12.2.1/../../../arm-none-eabi/lib/thumb/v6-m/nofp/libc.a(lib_a-sbrkr.o)
 .debug_aranges
                0x000000d8       0x20 /usr/lib/gcc/arm-none-eabi/12.2.1/../../../arm-none-eabi/lib/thumb/v6-m/nofp/libc.a(lib_a-strlen-stub.o)
 .debug_aranges
                0x000000f8       0x20 /usr/lib/gcc/arm-none-eabi/12.2.1/../../../arm-none-eabi/lib/thumb/v6-m/nofp/libc.a(lib_a-freer.o)
 .debug_aranges
                0x00000118       0x20 /usr/lib/gcc/arm-none-eabi/12.2.1/../../../arm-none-eabi/lib/thumb/v6-m/nofp/libc.a(lib_a-reent.o)

.debug_str      0x00000000      0xa91
 .debug_str     0x00000000      0xa91 /usr/lib/gcc/arm-none-eabi/12.2.1/thumb/v6-m/nofp/libgcc.a(_dvmd_tls.o)
                                 0xbf (size before relaxing)
 .debug_str     0x00000a91      0x57b /usr/lib/gcc/arm-none-eabi/12.2.1/../../../arm-none-eabi/lib/thumb/v6-m/nofp/libc.a(lib_a-calloc.o)
 .debug_str     0x00000a91      0x5b4 /usr/lib/gcc/arm-none-eabi/12.2.1/../../../arm-none-eabi/lib/thumb/v6-m/nofp/libc.a(lib_a-callocr.o)
 .debug_str     0x00000a91      0x57b /usr/lib/gcc/arm-none-eabi/12.2.1/../../../arm-none-eabi/lib/thumb/v6-m/nofp/libc.a(lib_a-impure.o)
 .debug_str     0x00000a91      0x780 /usr/lib/gcc/arm-none-eabi/12.2.1/../../../arm-none-eabi/lib/thumb/v6-m/nofp/libc.a(lib_a-mallocr.o)
 .debug_str     0x00000a91      0x588 /usr/lib/gcc/arm-none-eabi/12.2.1/../../../arm-none-eabi/lib/thumb/v6-m/nofp/libc.a(lib_a-mlock.o)
 .debug_str     0x00000a91      0x572 /usr/lib/gcc/arm-none-eabi/12.2.1/../../../arm-none-eabi/lib/thumb/v6-m/nofp/libc.a(lib_a-sbrkr.o)
 .debug_str     0x00000a91      0x1c5 /usr/lib/gcc/arm-none-eabi/12.2.1/../../../arm-none-eabi/lib/thumb/v6-m/nofp/libc.a(lib_a-strlen-stub.o)
 .debug_str     0x00000a91      0x6ca /usr/lib/gcc/arm-none-eabi/12.2.1/../../../arm-none-eabi/lib/thumb/v6-m/nofp/libc.a(lib_a-freer.o)
 .debug_str     0x00000a91      0x59a /usr/lib/gcc/arm-none-eabi/12.2.1/../../../arm-none-eabi/lib/thumb/v6-m/nofp/libc.a(lib_a-reent.o)

.debug_loc      0x00000000     0x19b9
 .debug_loc     0x00000000       0x64 /usr/lib/gcc/arm-none-eabi/12.2.1/../../../arm-none-eabi/lib/thumb/v6-m/nofp/libc.a(lib_a-calloc.o)
 .debug_loc     0x00000064      0x299 /usr/lib/gcc/arm-none-eabi/12.2.1/../../../arm-none-eabi/lib/thumb/v6-m/nofp/libc.a(lib_a-callocr.o)
 .debug_loc     0x000002fd      0xef0 /usr/lib/gcc/arm-none-eabi/12.2.1/../../../arm-none-eabi/lib/thumb/v6-m/nofp/libc.a(lib_a-mallocr.o)
 .debug_loc     0x000011ed       0x79 /usr/lib/gcc/arm-none-eabi/12.2.1/../../../arm-none-eabi/lib/thumb/v6-m/nofp/libc.a(lib_a-sbrkr.o)
 .debug_loc     0x00001266       0x90 /usr/lib/gcc/arm-none-eabi/12.2.1/../../../arm-none-eabi/lib/thumb/v6-m/nofp/libc.a(lib_a-strlen-stub.o)
 .debug_loc     0x000012f6      0x4e3 /usr/lib/gcc/arm-none-eabi/12.2.1/../../../arm-none-eabi/lib/thumb/v6-m/nofp/libc.a(lib_a-freer.o)
 .debug_loc     0x000017d9      0x1e0 /usr/lib/gcc/arm-none-eabi/12.2.1/../../../arm-none-eabi/lib/thumb/v6-m/nofp/libc.a(lib_a-reent.o)

.debug_frame    0x00000000      0x1b4
 .debug_frame   0x00000000       0x28 /usr/lib/gcc/arm-none-eabi/12.2.1/../../../arm-none-eabi/lib/thumb/v6-m/nofp/libc.a(lib_a-calloc.o)
 .debug_frame   0x00000028       0x28 /usr/lib/gcc/arm-none-eabi/12.2.1/../../../arm-none-eabi/lib/thumb/v6-m/nofp/libc.a(lib_a-callocr.o)
 .debug_frame   0x00000050       0x3c /usr/lib/gcc/arm-none-eabi/12.2.1/../../../arm-none-eabi/lib/thumb/v6-m/nofp/libc.a(lib_a-mallocr.o)
 .debug_frame   0x0000008c       0x30 /usr/lib/gcc/arm-none-eabi/12.2.1/../../../arm-none-eabi/lib/thumb/v6-m/nofp/libc.a(lib_a-mlock.o)
 .debug_frame   0x000000bc       0x2c /usr/lib/gcc/arm-none-eabi/12.2.1/../../../arm-none-eabi/lib/thumb/v6-m/nofp/libc.a(lib_a-sbrkr.o)
 .debug_frame   0x000000e8       0x28 /usr/lib/gcc/arm-none-eabi/12.2.1/../../../arm-none-eabi/lib/thumb/v6-m/nofp/libc.a(lib_a-strlen-stub.o)
 .debug_frame   0x00000110       0x54 /usr/lib/gcc/arm-none-eabi/12.2.1/../../../arm-none-eabi/lib/thumb/v6-m/nofp/libc.a(lib_a-freer.o)
 .debug_frame   0x00000164       0x50 /usr/lib/gcc/arm-none-eabi/12.2.1/../../../arm-none-eabi/lib/thumb/v6-m/nofp/libc.a(lib_a-reent.o)

.debug_ranges   0x00000000       0x90
 .debug_ranges  0x00000000       0x40 /usr/lib/gcc/arm-none-eabi/12.2.1/../../../arm-none-eabi/lib/thumb/v6-m/nofp/libc.a(lib_a-callocr.o)
 .debug_ranges  0x00000040       0x50 /usr/lib/gcc/arm-none-eabi/12.2.1/../../../arm-none-eabi/lib/thumb/v6-m/nofp/libc.a(lib_a-mallocr.o)
