Archive member included to satisfy reference by file (symbol)

display/OLED/libOLED.a(OLED_1in3_c.c.obj)
                              CMakeFiles/main.dir/src/main.c.obj (OLED_1in3_C_Init)
display/GUI/libGUI.a(GUI_Paint.c.obj)
                              CMakeFiles/main.dir/src/main.c.obj (Paint_NewImage)
display/Config/libConfig.a(DEV_Config.c.obj)
                              display/OLED/libOLED.a(OLED_1in3_c.c.obj) (DEV_Digital_Write)
/usr/lib/gcc/arm-none-eabi/12.2.1/thumb/v6-m/nofp/libgcc.a(_dvmd_tls.o)
                              CMakeFiles/main.dir/home/levi/pico/pico-sdk/src/rp2_common/pico_divider/divider.S.obj (__aeabi_idiv0)
/usr/lib/gcc/arm-none-eabi/12.2.1/../../../arm-none-eabi/lib/thumb/v6-m/nofp/libc.a(lib_a-atexit.o)
                              /usr/lib/gcc/arm-none-eabi/12.2.1/../../../arm-none-eabi/lib/thumb/v6-m/nofp/crt0.o (atexit)
/usr/lib/gcc/arm-none-eabi/12.2.1/../../../arm-none-eabi/lib/thumb/v6-m/nofp/libc.a(lib_a-calloc.o)
                              CMakeFiles/main.dir/home/levi/pico/pico-sdk/src/rp2_common/pico_malloc/pico_malloc.c.obj (calloc)
/usr/lib/gcc/arm-none-eabi/12.2.1/../../../arm-none-eabi/lib/thumb/v6-m/nofp/libc.a(lib_a-callocr.o)
                              /usr/lib/gcc/arm-none-eabi/12.2.1/../../../arm-none-eabi/lib/thumb/v6-m/nofp/libc.a(lib_a-calloc.o) (_calloc_r)
/usr/lib/gcc/arm-none-eabi/12.2.1/../../../arm-none-eabi/lib/thumb/v6-m/nofp/libc.a(lib_a-fini.o)
                              /usr/lib/gcc/arm-none-eabi/12.2.1/../../../arm-none-eabi/lib/thumb/v6-m/nofp/crt0.o (__libc_fini_array)
/usr/lib/gcc/arm-none-eabi/12.2.1/../../../arm-none-eabi/lib/thumb/v6-m/nofp/libc.a(lib_a-impure.o)
                              /usr/lib/gcc/arm-none-eabi/12.2.1/../../../arm-none-eabi/lib/thumb/v6-m/nofp/libc.a(lib_a-calloc.o) (_impure_ptr)
/usr/lib/gcc/arm-none-eabi/12.2.1/../../../arm-none-eabi/lib/thumb/v6-m/nofp/libc.a(lib_a-init.o)
                              /usr/lib/gcc/arm-none-eabi/12.2.1/../../../arm-none-eabi/lib/thumb/v6-m/nofp/crt0.o (__libc_init_array)
/usr/lib/gcc/arm-none-eabi/12.2.1/../../../arm-none-eabi/lib/thumb/v6-m/nofp/libc.a(lib_a-malloc.o)
                              CMakeFiles/main.dir/home/levi/pico/pico-sdk/src/rp2_common/pico_malloc/pico_malloc.c.obj (malloc)
/usr/lib/gcc/arm-none-eabi/12.2.1/../../../arm-none-eabi/lib/thumb/v6-m/nofp/libc.a(lib_a-mallocr.o)
                              /usr/lib/gcc/arm-none-eabi/12.2.1/../../../arm-none-eabi/lib/thumb/v6-m/nofp/libc.a(lib_a-callocr.o) (_malloc_r)
/usr/lib/gcc/arm-none-eabi/12.2.1/../../../arm-none-eabi/lib/thumb/v6-m/nofp/libc.a(lib_a-memcmp.o)
                              CMakeFiles/main.dir/home/levi/pico/pico-sdk/lib/cyw43-driver/src/cyw43_ll.c.obj (memcmp)
/usr/lib/gcc/arm-none-eabi/12.2.1/../../../arm-none-eabi/lib/thumb/v6-m/nofp/libc.a(lib_a-memmove.o)
                              CMakeFiles/main.dir/home/levi/pico/pico-sdk/lib/cyw43-driver/src/cyw43_ll.c.obj (memmove)
/usr/lib/gcc/arm-none-eabi/12.2.1/../../../arm-none-eabi/lib/thumb/v6-m/nofp/libc.a(lib_a-mlock.o)
                              /usr/lib/gcc/arm-none-eabi/12.2.1/../../../arm-none-eabi/lib/thumb/v6-m/nofp/libc.a(lib_a-mallocr.o) (__malloc_lock)
/usr/lib/gcc/arm-none-eabi/12.2.1/../../../arm-none-eabi/lib/thumb/v6-m/nofp/libc.a(lib_a-realloc.o)
                              CMakeFiles/main.dir/home/levi/pico/pico-sdk/src/rp2_common/pico_malloc/pico_malloc.c.obj (realloc)
/usr/lib/gcc/arm-none-eabi/12.2.1/../../../arm-none-eabi/lib/thumb/v6-m/nofp/libc.a(lib_a-reallocr.o)
                              /usr/lib/gcc/arm-none-eabi/12.2.1/../../../arm-none-eabi/lib/thumb/v6-m/nofp/libc.a(lib_a-realloc.o) (_realloc_r)
/usr/lib/gcc/arm-none-eabi/12.2.1/../../../arm-none-eabi/lib/thumb/v6-m/nofp/libc.a(lib_a-sbrkr.o)
                              /usr/lib/gcc/arm-none-eabi/12.2.1/../../../arm-none-eabi/lib/thumb/v6-m/nofp/libc.a(lib_a-mallocr.o) (_sbrk_r)
/usr/lib/gcc/arm-none-eabi/12.2.1/../../../arm-none-eabi/lib/thumb/v6-m/nofp/libc.a(lib_a-strlen-stub.o)
                              CMakeFiles/main.dir/home/levi/pico/pico-sdk/src/rp2_common/pico_stdio/stdio.c.obj (strlen)
/usr/lib/gcc/arm-none-eabi/12.2.1/../../../arm-none-eabi/lib/thumb/v6-m/nofp/libc.a(lib_a-strncmp.o)
                              CMakeFiles/main.dir/home/levi/pico/pico-sdk/lib/cyw43-driver/src/cyw43_ll.c.obj (strncmp)
/usr/lib/gcc/arm-none-eabi/12.2.1/../../../arm-none-eabi/lib/thumb/v6-m/nofp/libc.a(lib_a-__atexit.o)
                              /usr/lib/gcc/arm-none-eabi/12.2.1/../../../arm-none-eabi/lib/thumb/v6-m/nofp/libc.a(lib_a-atexit.o) (__register_exitproc)
/usr/lib/gcc/arm-none-eabi/12.2.1/../../../arm-none-eabi/lib/thumb/v6-m/nofp/libc.a(lib_a-freer.o)
                              /usr/lib/gcc/arm-none-eabi/12.2.1/../../../arm-none-eabi/lib/thumb/v6-m/nofp/libc.a(lib_a-malloc.o) (_free_r)
/usr/lib/gcc/arm-none-eabi/12.2.1/../../../arm-none-eabi/lib/thumb/v6-m/nofp/libc.a(lib_a-reent.o)
[...]
Memory Configuration

Name             Origin             Length             Attributes
FLASH            0x10000000         0x00200000         xr
RAM              0x20000000         0x00040000         xrw
SCRATCH_X        0x20040000         0x00001000         xrw
SCRATCH_Y        0x20041000         0x00001000         xrw
*default*        0x00000000         0xffffffff

Linker script and memory map

LOAD /usr/lib/gcc/arm-none-eabi/12.2.1/thumb/v6-m/nofp/crti.o
LOAD /usr/lib/gcc/arm-none-eabi/12.2.1/thumb/v6-m/nofp/crtbegin.o
LOAD /usr/lib/gcc/arm-none-eabi/12.2.1/../../../arm-none-eabi/lib/thumb/v6-m/nofp/crt0.o

.flash_begin    0x10000000        0x0
                0x10000000                        __flash_binary_start = .

.boot2          0x10000000      0x100
                0x10000000                        __boot2_start__ = .
 *(.boot2)
 .boot2         0x10000000      0x100 /tmp/ccQry70t.o
                0x10000100                        __boot2_end__ = .
                0x00000001                        ASSERT (((__boot2_end__ - __boot2_start__) == 0x100), ERROR: Pico second stage bootloader must be 256 bytes in size)

.text           0x10000100     0x9cf8
                0x10000100                        __logical_binary_start = .
 *(.vectors)
 .vectors       0x10000100       0xd4 CMakeFiles/main.dir/home/levi/pico/pico-sdk/src/rp2_common/pico_standard_link/crt0.S.obj
                0x10000100                __vectors
                0x10000100                __VECTOR_TABLE
                0x100001c0                isr_invalid
                0x100001c0                __default_isrs_start
                0x100001c2                isr_nmi
                0x100001c4                isr_hardfault
                0x100001c6                isr_svcall
                0x100001c8                isr_pendsv
                0x100001ca                isr_systick
                0x100001cc                isr_irq30
                0x100001cc                __unhandled_user_irq
                0x100001cc                isr_irq13
                0x100001cc                isr_irq27
                0x100001cc                isr_irq31
                0x100001cc                isr_irq5
                0x100001cc                isr_irq11
                0x100001cc                isr_irq23
                0x100001cc                isr_irq18
                0x100001cc                isr_irq28
                0x100001cc                isr_irq19
                0x100001cc                isr_irq0
                0x100001cc                isr_irq6
                0x100001cc                isr_irq22
                0x100001cc                isr_irq17
                0x100001cc                isr_irq14
                0x100001cc                isr_irq2
                0x100001cc                isr_irq10
                0x100001cc                isr_irq8
                0x100001cc                isr_irq24
                0x100001cc                isr_irq1
                0x100001cc                isr_irq7
                0x100001cc                isr_irq21
                0x100001cc                isr_irq20
                0x100001cc                isr_irq15
                0x100001cc                isr_irq25
                0x100001cc                isr_irq4
                0x100001cc                isr_irq16
                0x100001cc                isr_irq29
                0x100001cc                isr_irq26
                0x100001cc                __default_isrs_end
                0x100001cc                isr_irq3
                0x100001cc                isr_irq12
                0x100001cc                isr_irq9
                0x100001d2                unhandled_user_irq_num_in_r0
 *(.binary_info_header)
 .binary_info_header
                0x100001d4       0x14 CMakeFiles/main.dir/home/levi/pico/pico-sdk/src/rp2_common/pico_standard_link/crt0.S.obj
                0x100001e8                        __binary_info_header_end = .
 *(.reset)
 .reset         0x100001e8       0xa0 CMakeFiles/main.dir/home/levi/pico/pico-sdk/src/rp2_common/pico_standard_link/crt0.S.obj
                0x100001e8                _entry_point
 .reset         0x10000288       0x30 CMakeFiles/main.dir/home/levi/pico/pico-sdk/src/rp2_common/pico_standard_link/binary_info.c.obj
 *(.init)
 .init          0x100002b8        0x4 /usr/lib/gcc/arm-none-eabi/12.2.1/thumb/v6-m/nofp/crti.o
                0x100002b8                _init
 *(EXCLUDE_FILE(*libm.a: *libc.a:*lib_a-mem*.o *libgcc.a:) .text*)
 .text          0x100002bc       0x98 /usr/lib/gcc/arm-none-eabi/12.2.1/thumb/v6-m/nofp/crtbegin.o
 .text.startup.main
                0x10000354      0x11c CMakeFiles/main.dir/src/main.c.obj
                0x10000354                main
 .text.gpio_set_function
                0x10000470       0x30 CMakeFiles/main.dir/home/levi/pico/pico-sdk/src/rp2_common/hardware_gpio/gpio.c.obj
                0x10000470                gpio_set_function
 .text.gpio_set_pulls
                0x100004a0       0x24 CMakeFiles/main.dir/home/levi/pico/pico-sdk/src/rp2_common/hardware_gpio/gpio.c.obj
                0x100004a0                gpio_set_pulls
 .text.gpio_set_input_hysteresis_enabled
                0x100004c4       0x28 CMakeFiles/main.dir/home/levi/pico/pico-sdk/src/rp2_common/hardware_gpio/gpio.c.obj
                0x100004c4                gpio_set_input_hysteresis_enabled
 .text.gpio_set_irq_enabled
                0x100004ec       0x54 CMakeFiles/main.dir/home/levi/pico/pico-sdk/src/rp2_common/hardware_gpio/gpio.c.obj
                0x100004ec                gpio_set_irq_enabled
 .text.gpio_add_raw_irq_handler_with_order_priority_masked
                0x10000540       0x44 CMakeFiles/main.dir/home/levi/pico/pico-sdk/src/rp2_common/hardware_gpio/gpio.c.obj
                0x10000540                gpio_add_raw_irq_handler_with_order_priority_masked
 .text.gpio_remove_raw_irq_handler_masked
                0x10000584       0x20 CMakeFiles/main.dir/home/levi/pico/pico-sdk/src/rp2_common/hardware_gpio/gpio.c.obj
                0x10000584                gpio_remove_raw_irq_handler_masked
 .text.gpio_init
                0x100005a4       0x3c CMakeFiles/main.dir/home/levi/pico/pico-sdk/src/rp2_common/hardware_gpio/gpio.c.obj
                0x100005a4                gpio_init
 .text.running_on_fpga
                0x100005e0       0x10 CMakeFiles/main.dir/home/levi/pico/pico-sdk/src/rp2_common/pico_platform/platform.c.obj
                0x100005e0                running_on_fpga
 .text.hw_claim_lock
                0x100005f0       0x18 CMakeFiles/main.dir/home/levi/pico/pico-sdk/src/rp2_common/hardware_claim/claim.c.obj
                0x100005f0                hw_claim_lock
 .text.hw_claim_unlock
                0x10000608       0x14 CMakeFiles/main.dir/home/levi/pico/pico-sdk/src/rp2_common/hardware_claim/claim.c.obj
                0x10000608                hw_claim_unlock
 .text.hw_claim_or_assert
                0x1000061c       0x44 CMakeFiles/main.dir/home/levi/pico/pico-sdk/src/rp2_common/hardware_claim/claim.c.obj
                0x1000061c                hw_claim_or_assert
 .text.hw_claim_unused_from_range
                0x10000660       0x9c CMakeFiles/main.dir/home/levi/pico/pico-sdk/src/rp2_common/hardware_claim/claim.c.obj
                0x10000660                hw_claim_unused_from_range
 .text.hw_claim_clear
                0x100006fc       0x38 CMakeFiles/main.dir/home/levi/pico/pico-sdk/src/rp2_common/hardware_claim/claim.c.obj
                0x100006fc                hw_claim_clear
 .text.spin_locks_reset
                0x10000734       0x1c CMakeFiles/main.dir/home/levi/pico/pico-sdk/src/rp2_common/hardware_sync/sync.c.obj
                0x10000734                spin_locks_reset
 .text.next_striped_spin_lock_num
                0x10000750       0x18 CMakeFiles/main.dir/home/levi/pico/pico-sdk/src/rp2_common/hardware_sync/sync.c.obj
                0x10000750                next_striped_spin_lock_num
 .text.irq_set_enabled
                0x10000768       0x24 CMakeFiles/main.dir/home/levi/pico/pico-sdk/src/rp2_common/hardware_irq/irq.c.obj
                0x10000768                irq_set_enabled
 .text.irq_set_pending
                0x1000078c       0x10 CMakeFiles/main.dir/home/levi/pico/pico-sdk/src/rp2_common/hardware_irq/irq.c.obj
                0x1000078c                irq_set_pending
 .text.irq_get_vtable_handler
                0x1000079c       0x10 CMakeFiles/main.dir/home/levi/pico/pico-sdk/src/rp2_common/hardware_irq/irq.c.obj
                0x1000079c                irq_get_vtable_handler
 .text.irq_set_exclusive_handler
                0x100007ac       0x54 CMakeFiles/main.dir/home/levi/pico/pico-sdk/src/rp2_common/hardware_irq/irq.c.obj
                0x100007ac                irq_set_exclusive_handler
 .text.irq_add_shared_handler
                0x10000800      0x1f4 CMakeFiles/main.dir/home/levi/pico/pico-sdk/src/rp2_common/hardware_irq/irq.c.obj
                0x10000800                irq_add_shared_handler
 .text.irq_remove_handler
                0x100009f4      0x1c4 CMakeFiles/main.dir/home/levi/pico/pico-sdk/src/rp2_common/hardware_irq/irq.c.obj
                0x100009f4                irq_remove_handler
 .text.irq_set_priority
                0x10000bb8       0x28 CMakeFiles/main.dir/home/levi/pico/pico-sdk/src/rp2_common/hardware_irq/irq.c.obj
                0x10000bb8                irq_set_priority
 .text.irq_add_tail_to_free_list
                0x10000be0       0xb4 CMakeFiles/main.dir/home/levi/pico/pico-sdk/src/rp2_common/hardware_irq/irq.c.obj
                0x10000be0                irq_add_tail_to_free_list
 .text.irq_init_priorities
                0x10000c94       0x24 CMakeFiles/main.dir/home/levi/pico/pico-sdk/src/rp2_common/hardware_irq/irq.c.obj
                0x10000c94                irq_init_priorities
 .text.user_irq_unclaim
                0x10000cb8       0x14 CMakeFiles/main.dir/home/levi/pico/pico-sdk/src/rp2_common/hardware_irq/irq.c.obj
                0x10000cb8                user_irq_unclaim
 .text.user_irq_claim_unused
                0x10000ccc       0x2c CMakeFiles/main.dir/home/levi/pico/pico-sdk/src/rp2_common/hardware_irq/irq.c.obj
                0x10000ccc                user_irq_claim_unused
 .text.sem_init
                0x10000cf8       0x20 CMakeFiles/main.dir/home/levi/pico/pico-sdk/src/common/pico_sync/sem.c.obj
                0x10000cf8                sem_init
 .text.lock_init
                0x10000d18       0x10 CMakeFiles/main.dir/home/levi/pico/pico-sdk/src/common/pico_sync/lock_core.c.obj
                0x10000d18                lock_init
 .text.mutex_init
                0x10000d28       0x1c CMakeFiles/main.dir/home/levi/pico/pico-sdk/src/common/pico_sync/mutex.c.obj
                0x10000d28                mutex_init
 .text.recursive_mutex_init
                0x10000d44       0x1c CMakeFiles/main.dir/home/levi/pico/pico-sdk/src/common/pico_sync/mutex.c.obj
                0x10000d44                recursive_mutex_init
 .text.timer_pool_entry_comparator
                0x10000d60       0x34 CMakeFiles/main.dir/home/levi/pico/pico-sdk/src/common/pico_time/time.c.obj
                0x10000d60                timer_pool_entry_comparator
 .text.sleep_until_callback
                0x10000d94       0x30 CMakeFiles/main.dir/home/levi/pico/pico-sdk/src/common/pico_time/time.c.obj
 .text.add_alarm_under_lock.isra.0
                0x10000dc4      0x100 CMakeFiles/main.dir/home/levi/pico/pico-sdk/src/common/pico_time/time.c.obj
 .text.alarm_pool_alarm_callback
                0x10000ec4      0x1c0 CMakeFiles/main.dir/home/levi/pico/pico-sdk/src/common/pico_time/time.c.obj
 .text.alarm_pool_init_default
                0x10001084       0x6c CMakeFiles/main.dir/home/levi/pico/pico-sdk/src/common/pico_time/time.c.obj
                0x10001084                alarm_pool_init_default
 .text.alarm_pool_get_default
                0x100010f0        0x8 CMakeFiles/main.dir/home/levi/pico/pico-sdk/src/common/pico_time/time.c.obj
                0x100010f0                alarm_pool_get_default
 .text.alarm_pool_add_alarm_at
                0x100010f8      0x188 CMakeFiles/main.dir/home/levi/pico/pico-sdk/src/common/pico_time/time.c.obj
                0x100010f8                alarm_pool_add_alarm_at
 .text.alarm_pool_cancel_alarm
                0x10001280       0x74 CMakeFiles/main.dir/home/levi/pico/pico-sdk/src/common/pico_time/time.c.obj
                0x10001280                alarm_pool_cancel_alarm
 .text.sleep_until
                0x100012f4       0xc4 CMakeFiles/main.dir/home/levi/pico/pico-sdk/src/common/pico_time/time.c.obj
                0x100012f4                sleep_until
 .text.sleep_ms
                0x100013b8       0x38 CMakeFiles/main.dir/home/levi/pico/pico-sdk/src/common/pico_time/time.c.obj
                0x100013b8                sleep_ms
 .text.best_effort_wfe_or_timeout
                0x100013f0       0xec CMakeFiles/main.dir/home/levi/pico/pico-sdk/src/common/pico_time/time.c.obj
                0x100013f0                best_effort_wfe_or_timeout
 .text.hardware_alarm_irq_handler
                0x100014dc       0xbc CMakeFiles/main.dir/home/levi/pico/pico-sdk/src/rp2_common/hardware_timer/timer.c.obj
 .text.hardware_alarm_claim
                0x10001598       0x18 CMakeFiles/main.dir/home/levi/pico/pico-sdk/src/rp2_common/hardware_timer/timer.c.obj
                0x10001598                hardware_alarm_claim
 .text.time_us_64
                0x100015b0       0x14 CMakeFiles/main.dir/home/levi/pico/pico-sdk/src/rp2_common/hardware_timer/timer.c.obj
                0x100015b0                time_us_64
 .text.busy_wait_us
                0x100015c4       0x68 CMakeFiles/main.dir/home/levi/pico/pico-sdk/src/rp2_common/hardware_timer/timer.c.obj
                0x100015c4                busy_wait_us
 .text.busy_wait_until
                0x1000162c       0x20 CMakeFiles/main.dir/home/levi/pico/pico-sdk/src/rp2_common/hardware_timer/timer.c.obj
                0x1000162c                busy_wait_until
 .text.hardware_alarm_set_callback
                0x1000164c       0x8c CMakeFiles/main.dir/home/levi/pico/pico-sdk/src/rp2_common/hardware_timer/timer.c.obj
                0x1000164c                hardware_alarm_set_callback
 .text.hardware_alarm_set_target
                0x100016d8       0xd0 CMakeFiles/main.dir/home/levi/pico/pico-sdk/src/rp2_common/hardware_timer/timer.c.obj
                0x100016d8                hardware_alarm_set_target
 .text.hardware_alarm_cancel
                0x100017a8       0x3c CMakeFiles/main.dir/home/levi/pico/pico-sdk/src/rp2_common/hardware_timer/timer.c.obj
                0x100017a8                hardware_alarm_cancel
 .text.ph_merge_nodes
                0x100017e4       0x64 CMakeFiles/main.dir/home/levi/pico/pico-sdk/src/common/pico_util/pheap.c.obj
 .text.ph_post_alloc_init
                0x10001848       0x3c CMakeFiles/main.dir/home/levi/pico/pico-sdk/src/common/pico_util/pheap.c.obj
                0x10001848                ph_post_alloc_init
 .text.ph_merge_two_pass
                0x10001884       0x98 CMakeFiles/main.dir/home/levi/pico/pico-sdk/src/common/pico_util/pheap.c.obj
                0x10001884                ph_merge_two_pass
 .text.ph_remove_any_head
                0x1000191c      0x100 CMakeFiles/main.dir/home/levi/pico/pico-sdk/src/common/pico_util/pheap.c.obj
 .text.ph_remove_head
                0x10001a1c      0x104 CMakeFiles/main.dir/home/levi/pico/pico-sdk/src/common/pico_util/pheap.c.obj
                0x10001a1c                ph_remove_head
 .text.ph_remove_and_free_node
                0x10001b20       0x78 CMakeFiles/main.dir/home/levi/pico/pico-sdk/src/common/pico_util/pheap.c.obj
                0x10001b20                ph_remove_and_free_node
 .text.uart_init
                0x10001b98      0x188 CMakeFiles/main.dir/home/levi/pico/pico-sdk/src/rp2_common/hardware_uart/uart.c.obj
                0x10001b98                uart_init
 .text.clocks_init
                0x10001d20      0x2c8 CMakeFiles/main.dir/home/levi/pico/pico-sdk/src/rp2_common/hardware_clocks/clocks.c.obj
                0x10001d20                clocks_init
 .text.clock_get_hz
                0x10001fe8        0xc CMakeFiles/main.dir/home/levi/pico/pico-sdk/src/rp2_common/hardware_clocks/clocks.c.obj
                0x10001fe8                clock_get_hz
 .text.pll_init
                0x10001ff4       0xa0 CMakeFiles/main.dir/home/levi/pico/pico-sdk/src/rp2_common/hardware_pll/pll.c.obj
                0x10001ff4                pll_init
 .text.watchdog_start_tick
                0x10002094       0x10 CMakeFiles/main.dir/home/levi/pico/pico-sdk/src/rp2_common/hardware_watchdog/watchdog.c.obj
                0x10002094                watchdog_start_tick
 .text.xosc_init
                0x100020a4       0x28 CMakeFiles/main.dir/home/levi/pico/pico-sdk/src/rp2_common/hardware_xosc/xosc.c.obj
                0x100020a4                xosc_init
 .text.runtime_init
                0x100020cc       0xf0 CMakeFiles/main.dir/home/levi/pico/pico-sdk/src/rp2_common/pico_runtime/runtime.c.obj
                0x100020cc                runtime_init
 .text._exit    0x100021bc        0x4 CMakeFiles/main.dir/home/levi/pico/pico-sdk/src/rp2_common/pico_runtime/runtime.c.obj
                0x100021bc                _exit
 .text._sbrk    0x100021c0       0x34 CMakeFiles/main.dir/home/levi/pico/pico-sdk/src/rp2_common/pico_runtime/runtime.c.obj
                0x100021c0                _sbrk
 .text.exit     0x100021f4        0x8 CMakeFiles/main.dir/home/levi/pico/pico-sdk/src/rp2_common/pico_runtime/runtime.c.obj
                0x100021f4                exit
 .text.panic    0x100021fc       0x30 CMakeFiles/main.dir/home/levi/pico/pico-sdk/src/rp2_common/pico_runtime/runtime.c.obj
                0x100021fc                panic
 .text.hard_assertion_failure
                0x1000222c        0xc CMakeFiles/main.dir/home/levi/pico/pico-sdk/src/rp2_common/pico_runtime/runtime.c.obj
                0x1000222c                hard_assertion_failure
 .text._out_null
                0x10002238        0x4 CMakeFiles/main.dir/home/levi/pico/pico-sdk/src/rp2_common/pico_printf/printf.c.obj
 .text._out_rev
                0x1000223c       0x90 CMakeFiles/main.dir/home/levi/pico/pico-sdk/src/rp2_common/pico_printf/printf.c.obj
 .text._ntoa_format
                0x100022cc      0x1f4 CMakeFiles/main.dir/home/levi/pico/pico-sdk/src/rp2_common/pico_printf/printf.c.obj
 .text._out_char
                0x100024c0       0x10 CMakeFiles/main.dir/home/levi/pico/pico-sdk/src/rp2_common/pico_printf/printf.c.obj
 .text._out_fct
                0x100024d0       0x10 CMakeFiles/main.dir/home/levi/pico/pico-sdk/src/rp2_common/pico_printf/printf.c.obj
 .text._etoa    0x100024e0      0x454 CMakeFiles/main.dir/home/levi/pico/pico-sdk/src/rp2_common/pico_printf/printf.c.obj
 .text._ftoa    0x10002934      0x3c4 CMakeFiles/main.dir/home/levi/pico/pico-sdk/src/rp2_common/pico_printf/printf.c.obj
 .text._vsnprintf
                0x10002cf8      0xb24 CMakeFiles/main.dir/home/levi/pico/pico-sdk/src/rp2_common/pico_printf/printf.c.obj
 .text.vfctprintf
                0x1000381c       0x20 CMakeFiles/main.dir/home/levi/pico/pico-sdk/src/rp2_common/pico_printf/printf.c.obj
                0x1000381c                vfctprintf
 .text.weak_raw_vprintf
                0x1000383c       0x30 CMakeFiles/main.dir/home/levi/pico/pico-sdk/src/rp2_common/pico_printf/printf.c.obj
                0x1000383c                weak_raw_vprintf
 .text          0x1000386c       0x10 CMakeFiles/main.dir/home/levi/pico/pico-sdk/src/rp2_common/pico_bit_ops/bit_ops_aeabi.S.obj
 .text.ctzsi    0x1000387c        0xc CMakeFiles/main.dir/home/levi/pico/pico-sdk/src/rp2_common/pico_bit_ops/bit_ops_aeabi.S.obj
                0x1000387c                __wrap___ctzsi2
 .text.rom_func_lookup
                0x10003888       0x10 CMakeFiles/main.dir/home/levi/pico/pico-sdk/src/rp2_common/pico_bootrom/bootrom.c.obj
                0x10003888                rom_func_lookup
 .text.rom_data_lookup
                0x10003898       0x10 CMakeFiles/main.dir/home/levi/pico/pico-sdk/src/rp2_common/pico_bootrom/bootrom.c.obj
                0x10003898                rom_data_lookup
 .text.rom_funcs_lookup
                0x100038a8       0x44 CMakeFiles/main.dir/home/levi/pico/pico-sdk/src/rp2_common/pico_bootrom/bootrom.c.obj
                0x100038a8                rom_funcs_lookup
 .text.__wrap___aeabi_idiv
                0x100038ec       0x50 CMakeFiles/main.dir/home/levi/pico/pico-sdk/src/rp2_common/pico_divider/divider.S.obj
                0x100038ec                __wrap___aeabi_idivmod
                0x100038ec                divmod_s32s32
                0x100038ec                div_s32s32
                0x100038ec                __wrap___aeabi_idiv
                0x100038f4                divmod_s32s32_unsafe
                0x10003920                divmod_s32s32_savestate
 .text.__wrap___aeabi_uidiv
                0x1000393c       0x4c CMakeFiles/main.dir/home/levi/pico/pico-sdk/src/rp2_common/pico_divider/divider.S.obj
                0x1000393c                __wrap___aeabi_uidiv
                0x1000393c                __wrap___aeabi_uidivmod
                0x1000393c                div_u32u32
                0x1000393c                divmod_u32u32
                0x10003944                divmod_u32u32_unsafe
                0x1000396c                divmod_u32u32_savestate
 .text.__wrap___aeabi_ldiv
                0x10003988      0x424 CMakeFiles/main.dir/home/levi/pico/pico-sdk/src/rp2_common/pico_divider/divider.S.obj
                0x10003988                div_s64s64
                0x10003988                divmod_s64s64
                0x10003988                __wrap___aeabi_ldivmod
                0x100039b8                div_u64u64
                0x100039b8                divmod_u64u64
                0x100039b8                __wrap___aeabi_uldivmod
                0x100039c8                divmod_u64u64_savestate
                0x100039e8                divmod_s64s64_unsafe
                0x10003a70                divmod_u64u64_unsafe
 .text.__wrap___aeabi_darithmetic
                0x10003dac       0x60 CMakeFiles/main.dir/home/levi/pico/pico-sdk/src/rp2_common/pico_double/double_aeabi.S.obj
                0x10003dac                __wrap___aeabi_drsub
                0x10003db2                __wrap___aeabi_dsub
                0x10003dbc                __wrap___aeabi_dadd
                0x10003dc6                __wrap___aeabi_ddiv
                0x10003dfa                __wrap___aeabi_dmul
 .text.__wrap___aeabi_cdcmple
                0x10003e0c       0x6c CMakeFiles/main.dir/home/levi/pico/pico-sdk/src/rp2_common/pico_double/double_aeabi.S.obj
                0x10003e0c                __wrap___aeabi_cdrcmple
                0x10003e1c                __wrap___aeabi_cdcmple
                0x10003e1c                __wrap___aeabi_cdcmpeq
 .text.__wrap___aeabi_dcmplt
                0x10003e78        0xc CMakeFiles/main.dir/home/levi/pico/pico-sdk/src/rp2_common/pico_double/double_aeabi.S.obj
                0x10003e78                __wrap___aeabi_dcmplt
 .text.__wrap___aeabi_dcmpge
                0x10003e84       0x10 CMakeFiles/main.dir/home/levi/pico/pico-sdk/src/rp2_common/pico_double/double_aeabi.S.obj
                0x10003e84                __wrap___aeabi_dcmpge
 .text.__wrap___aeabi_dcmpgt
                0x10003e94        0xa CMakeFiles/main.dir/home/levi/pico/pico-sdk/src/rp2_common/pico_double/double_aeabi.S.obj
                0x10003e94                __wrap___aeabi_dcmpgt
 .text.__wrap___aeabi_dcmpun
                0x10003e9e       0x1c CMakeFiles/main.dir/home/levi/pico/pico-sdk/src/rp2_common/pico_double/double_aeabi.S.obj
                0x10003e9e                __wrap___aeabi_dcmpun
 *fill*         0x10003eba        0x2 
 .text.__wrap___aeabi_i2d
                0x10003ebc       0x38 CMakeFiles/main.dir/home/levi/pico/pico-sdk/src/rp2_common/pico_double/double_aeabi.S.obj
                0x10003ebc                __wrap___aeabi_ui2d
                0x10003ec4                __wrap___aeabi_i2d
 .text.__wrap___aeabi_d2iz
                0x10003ef4       0x48 CMakeFiles/main.dir/home/levi/pico/pico-sdk/src/rp2_common/pico_double/double_aeabi.S.obj
                0x10003ef4                __wrap___aeabi_d2iz
                0x10003ef4                double2int_z
 .text.__wrap___aeabi_d2uiz
                0x10003f3c       0x10 CMakeFiles/main.dir/home/levi/pico/pico-sdk/src/rp2_common/pico_double/double_aeabi.S.obj
                0x10003f3c                double2uint
                0x10003f3c                __wrap___aeabi_d2uiz
 .text.missing_double_func_shim
                0x10003f4c        0xc CMakeFiles/main.dir/home/levi/pico/pico-sdk/src/rp2_common/pico_double/double_init_rom.c.obj
 .text.__aeabi_double_init
                0x10003f58       0x94 CMakeFiles/main.dir/home/levi/pico/pico-sdk/src/rp2_common/pico_double/double_init_rom.c.obj
                0x10003f58                __aeabi_double_init
 .text.double_table_shim_on_use_helper
                0x10003fec       0x2c CMakeFiles/main.dir/home/levi/pico/pico-sdk/src/rp2_common/pico_double/double_v1_rom_shim.S.obj
                0x10003fec                double_table_shim_on_use_helper
 .text.__aeabi_lmul
                0x10004018       0x32 CMakeFiles/main.dir/home/levi/pico/pico-sdk/src/rp2_common/pico_int64_ops/pico_int64_ops_aeabi.S.obj
                0x10004018                __wrap___aeabi_lmul
 *fill*         0x1000404a        0x2 
 .text.missing_float_func_shim
                0x1000404c        0xc CMakeFiles/main.dir/home/levi/pico/pico-sdk/src/rp2_common/pico_float/float_init_rom.c.obj
 .text.__aeabi_float_init
                0x10004058       0x5c CMakeFiles/main.dir/home/levi/pico/pico-sdk/src/rp2_common/pico_float/float_init_rom.c.obj
                0x10004058                __aeabi_float_init
 .text.__wrap_calloc
                0x100040b4       0x24 CMakeFiles/main.dir/home/levi/pico/pico-sdk/src/rp2_common/pico_malloc/pico_malloc.c.obj
                0x100040b4                __wrap_calloc
 .text          0x100040d8       0x10 CMakeFiles/main.dir/home/levi/pico/pico-sdk/src/rp2_common/pico_mem_ops/mem_ops_aeabi.S.obj
                0x100040d8                __aeabi_mem_init
 .text.memset   0x100040e8        0xc CMakeFiles/main.dir/home/levi/pico/pico-sdk/src/rp2_common/pico_mem_ops/mem_ops_aeabi.S.obj
                0x100040e8                __wrap_memset
 .text.memcpy   0x100040f4        0xc CMakeFiles/main.dir/home/levi/pico/pico-sdk/src/rp2_common/pico_mem_ops/mem_ops_aeabi.S.obj
                0x100040f4                __wrap___aeabi_memcpy
                0x100040f4                __wrap_memcpy
 .text.stdio_out_chars_crlf
                0x10004100       0xbc CMakeFiles/main.dir/home/levi/pico/pico-sdk/src/rp2_common/pico_stdio/stdio.c.obj
 .text.stdio_buffered_printer
                0x100041bc       0x64 CMakeFiles/main.dir/home/levi/pico/pico-sdk/src/rp2_common/pico_stdio/stdio.c.obj
 .text.__wrap_putchar
                0x10004220       0x98 CMakeFiles/main.dir/home/levi/pico/pico-sdk/src/rp2_common/pico_stdio/stdio.c.obj
                0x10004220                __wrap_putchar
 .text.__wrap_puts
                0x100042b8       0xe0 CMakeFiles/main.dir/home/levi/pico/pico-sdk/src/rp2_common/pico_stdio/stdio.c.obj
                0x100042b8                __wrap_puts
 .text.stdio_set_driver_enabled
                0x10004398       0x30 CMakeFiles/main.dir/home/levi/pico/pico-sdk/src/rp2_common/pico_stdio/stdio.c.obj
                0x10004398                stdio_set_driver_enabled
 .text.__wrap_vprintf
                0x100043c8       0xd4 CMakeFiles/main.dir/home/levi/pico/pico-sdk/src/rp2_common/pico_stdio/stdio.c.obj
                0x100043c8                __wrap_vprintf
 .text.__wrap_printf
                0x1000449c       0x18 CMakeFiles/main.dir/home/levi/pico/pico-sdk/src/rp2_common/pico_stdio/stdio.c.obj
                0x1000449c                __wrap_printf
 .text.stdio_init_all
                0x100044b4        0xc CMakeFiles/main.dir/home/levi/pico/pico-sdk/src/rp2_common/pico_stdio/stdio.c.obj
                0x100044b4                stdio_init_all
 .text.stdio_uart_out_chars
                0x100044c0       0x4c CMakeFiles/main.dir/home/levi/pico/pico-sdk/src/rp2_common/pico_stdio_uart/stdio_uart.c.obj
 .text.stdio_uart_in_chars
                0x1000450c       0x98 CMakeFiles/main.dir/home/levi/pico/pico-sdk/src/rp2_common/pico_stdio_uart/stdio_uart.c.obj
                0x1000450c                stdio_uart_in_chars
 .text.on_uart_rx
                0x100045a4       0x28 CMakeFiles/main.dir/home/levi/pico/pico-sdk/src/rp2_common/pico_stdio_uart/stdio_uart.c.obj
 .text.stdio_uart_set_chars_available_callback
                0x100045cc       0x8c CMakeFiles/main.dir/home/levi/pico/pico-sdk/src/rp2_common/pico_stdio_uart/stdio_uart.c.obj
 .text.stdio_uart_init
                0x10004658       0x48 CMakeFiles/main.dir/home/levi/pico/pico-sdk/src/rp2_common/pico_stdio_uart/stdio_uart.c.obj
                0x10004658                stdio_uart_init
 .text.cyw43_arch_set_async_context
                0x100046a0        0xc CMakeFiles/main.dir/home/levi/pico/pico-sdk/src/rp2_common/pico_cyw43_arch/cyw43_arch.c.obj
                0x100046a0                cyw43_arch_set_async_context
 .text.cyw43_arch_gpio_put
                0x100046ac       0x14 CMakeFiles/main.dir/home/levi/pico/pico-sdk/src/rp2_common/pico_cyw43_arch/cyw43_arch.c.obj
                0x100046ac                cyw43_arch_gpio_put
 .text.cyw43_arch_async_context
                0x100046c0        0xc CMakeFiles/main.dir/home/levi/pico/pico-sdk/src/rp2_common/pico_cyw43_arch/cyw43_arch.c.obj
                0x100046c0                cyw43_arch_async_context
 .text.cyw43_arch_init
                0x100046cc       0x64 CMakeFiles/main.dir/home/levi/pico/pico-sdk/src/rp2_common/pico_cyw43_arch/cyw43_arch_threadsafe_background.c.obj
                0x100046cc                cyw43_arch_init
 .text.startup._retrieve_unique_id_on_boot
                0x10004730       0x10 CMakeFiles/main.dir/home/levi/pico/pico-sdk/src/rp2_common/pico_unique_id/unique_id.c.obj
 .text.pico_get_unique_board_id
                0x10004740       0x10 CMakeFiles/main.dir/home/levi/pico/pico-sdk/src/rp2_common/pico_unique_id/unique_id.c.obj
                0x10004740                pico_get_unique_board_id
 .text.flash_get_unique_id
                0x10004750       0x40 CMakeFiles/main.dir/home/levi/pico/pico-sdk/src/rp2_common/hardware_flash/flash.c.obj
                0x10004750                flash_get_unique_id
 .text.ns_delay.constprop.0
                0x10004790       0x20 CMakeFiles/main.dir/home/levi/pico/pico-sdk/src/rp2_common/pico_cyw43_driver/cyw43_bus_pio_spi.c.obj
 .text.cyw43_spi_deinit
                0x100047b0       0x7c CMakeFiles/main.dir/home/levi/pico/pico-sdk/src/rp2_common/pico_cyw43_driver/cyw43_bus_pio_spi.c.obj
                0x100047b0                cyw43_spi_deinit
 .text.cyw43_spi_init
                0x1000482c      0x14c CMakeFiles/main.dir/home/levi/pico/pico-sdk/src/rp2_common/pico_cyw43_driver/cyw43_bus_pio_spi.c.obj
                0x1000482c                cyw43_spi_init
 .text.cyw43_spi_transfer
                0x10004978      0x3fc CMakeFiles/main.dir/home/levi/pico/pico-sdk/src/rp2_common/pico_cyw43_driver/cyw43_bus_pio_spi.c.obj
                0x10004978                cyw43_spi_transfer
 .text.cyw43_spi_gpio_setup
                0x10004d74       0x3c CMakeFiles/main.dir/home/levi/pico/pico-sdk/src/rp2_common/pico_cyw43_driver/cyw43_bus_pio_spi.c.obj
                0x10004d74                cyw43_spi_gpio_setup
 .text.cyw43_spi_reset
                0x10004db0       0x28 CMakeFiles/main.dir/home/levi/pico/pico-sdk/src/rp2_common/pico_cyw43_driver/cyw43_bus_pio_spi.c.obj
                0x10004db0                cyw43_spi_reset
 .text.read_reg_u32_swap
                0x10004dd8       0x3c CMakeFiles/main.dir/home/levi/pico/pico-sdk/src/rp2_common/pico_cyw43_driver/cyw43_bus_pio_spi.c.obj
                0x10004dd8                read_reg_u32_swap
 .text.cyw43_read_reg_u32
                0x10004e14       0x54 CMakeFiles/main.dir/home/levi/pico/pico-sdk/src/rp2_common/pico_cyw43_driver/cyw43_bus_pio_spi.c.obj
                0x10004e14                cyw43_read_reg_u32
 .text.cyw43_read_reg_u16
                0x10004e68       0x54 CMakeFiles/main.dir/home/levi/pico/pico-sdk/src/rp2_common/pico_cyw43_driver/cyw43_bus_pio_spi.c.obj
                0x10004e68                cyw43_read_reg_u16
 .text.cyw43_read_reg_u8
                0x10004ebc       0x54 CMakeFiles/main.dir/home/levi/pico/pico-sdk/src/rp2_common/pico_cyw43_driver/cyw43_bus_pio_spi.c.obj
                0x10004ebc                cyw43_read_reg_u8
 .text.write_reg_u32_swap
                0x10004f10      0x1e8 CMakeFiles/main.dir/home/levi/pico/pico-sdk/src/rp2_common/pico_cyw43_driver/cyw43_bus_pio_spi.c.obj
                0x10004f10                write_reg_u32_swap
 .text.cyw43_write_reg_u32
                0x100050f8      0x208 CMakeFiles/main.dir/home/levi/pico/pico-sdk/src/rp2_common/pico_cyw43_driver/cyw43_bus_pio_spi.c.obj
                0x100050f8                cyw43_write_reg_u32
 .text.cyw43_write_reg_u16
                0x10005300      0x208 CMakeFiles/main.dir/home/levi/pico/pico-sdk/src/rp2_common/pico_cyw43_driver/cyw43_bus_pio_spi.c.obj
                0x10005300                cyw43_write_reg_u16
 .text.cyw43_write_reg_u8
                0x10005508      0x208 CMakeFiles/main.dir/home/levi/pico/pico-sdk/src/rp2_common/pico_cyw43_driver/cyw43_bus_pio_spi.c.obj
                0x10005508                cyw43_write_reg_u8
 .text.cyw43_read_bytes
                0x10005710       0x78 CMakeFiles/main.dir/home/levi/pico/pico-sdk/src/rp2_common/pico_cyw43_driver/cyw43_bus_pio_spi.c.obj
                0x10005710                cyw43_read_bytes
 .text.cyw43_write_bytes
                0x10005788       0xdc CMakeFiles/main.dir/home/levi/pico/pico-sdk/src/rp2_common/pico_cyw43_driver/cyw43_bus_pio_spi.c.obj
                0x10005788                cyw43_write_bytes
 .text.cyw43_set_backplane_window
                0x10005864       0x68 CMakeFiles/main.dir/home/levi/pico/pico-sdk/lib/cyw43-driver/src/cyw43_ll.c.obj
 .text.cyw43_ll_parse_async_event
                0x100058cc      0x134 CMakeFiles/main.dir/home/levi/pico/pico-sdk/lib/cyw43-driver/src/cyw43_ll.c.obj
 .text.cyw43_kso_set
                0x10005a00       0x80 CMakeFiles/main.dir/home/levi/pico/pico-sdk/lib/cyw43-driver/src/cyw43_ll.c.obj
 .text.cyw43_ll_sdpcm_poll_device
                0x10005a80      0x234 CMakeFiles/main.dir/home/levi/pico/pico-sdk/lib/cyw43-driver/src/cyw43_ll.c.obj
 .text.cyw43_sdpcm_send_common
                0x10005cb4       0xf4 CMakeFiles/main.dir/home/levi/pico/pico-sdk/lib/cyw43-driver/src/cyw43_ll.c.obj
 .text.cyw43_do_ioctl
                0x10005da8      0x110 CMakeFiles/main.dir/home/levi/pico/pico-sdk/lib/cyw43-driver/src/cyw43_ll.c.obj
 .text.cyw43_do_ioctl.constprop.0
                0x10005eb8      0x108 CMakeFiles/main.dir/home/levi/pico/pico-sdk/lib/cyw43-driver/src/cyw43_ll.c.obj
 .text.cyw43_read_backplane.constprop.0
                0x10005fc0       0xe4 CMakeFiles/main.dir/home/levi/pico/pico-sdk/lib/cyw43-driver/src/cyw43_ll.c.obj
 .text.reset_device_core.constprop.0
                0x100060a4      0x410 CMakeFiles/main.dir/home/levi/pico/pico-sdk/lib/cyw43-driver/src/cyw43_ll.c.obj
 .text.cyw43_ll_init
                0x100064b4       0x1c CMakeFiles/main.dir/home/levi/pico/pico-sdk/lib/cyw43-driver/src/cyw43_ll.c.obj
                0x100064b4                cyw43_ll_init
 .text.cyw43_ll_deinit
                0x100064d0        0x8 CMakeFiles/main.dir/home/levi/pico/pico-sdk/lib/cyw43-driver/src/cyw43_ll.c.obj
                0x100064d0                cyw43_ll_deinit
 .text.cyw43_ll_process_packets
                0x100064d8       0x54 CMakeFiles/main.dir/home/levi/pico/pico-sdk/lib/cyw43-driver/src/cyw43_ll.c.obj
                0x100064d8                cyw43_ll_process_packets
 .text.cyw43_ll_ioctl
                0x1000652c       0x20 CMakeFiles/main.dir/home/levi/pico/pico-sdk/lib/cyw43-driver/src/cyw43_ll.c.obj
                0x1000652c                cyw43_ll_ioctl
 .text.cyw43_ll_bus_sleep
                0x1000654c       0x34 CMakeFiles/main.dir/home/levi/pico/pico-sdk/lib/cyw43-driver/src/cyw43_ll.c.obj
                0x1000654c                cyw43_ll_bus_sleep
 .text.cyw43_ll_bus_init
                0x10006580      0xbd0 CMakeFiles/main.dir/home/levi/pico/pico-sdk/lib/cyw43-driver/src/cyw43_ll.c.obj
                0x10006580                cyw43_ll_bus_init
 .text.cyw43_ll_wifi_get_mac
                0x10007150       0x40 CMakeFiles/main.dir/home/levi/pico/pico-sdk/lib/cyw43-driver/src/cyw43_ll.c.obj
                0x10007150                cyw43_ll_wifi_get_mac
 .text.cyw43_ll_wifi_set_wpa_auth
                0x10007190       0x2c CMakeFiles/main.dir/home/levi/pico/pico-sdk/lib/cyw43-driver/src/cyw43_ll.c.obj
                0x10007190                cyw43_ll_wifi_set_wpa_auth
 .text.cyw43_ll_wifi_rejoin
                0x100071bc       0x1c CMakeFiles/main.dir/home/levi/pico/pico-sdk/lib/cyw43-driver/src/cyw43_ll.c.obj
                0x100071bc                cyw43_ll_wifi_rejoin
 .text.cyw43_ll_gpio_set
                0x100071d8       0x6c CMakeFiles/main.dir/home/levi/pico/pico-sdk/lib/cyw43-driver/src/cyw43_ll.c.obj
                0x100071d8                cyw43_ll_gpio_set
 .text.cyw43_ll_has_work
                0x10007244       0x14 CMakeFiles/main.dir/home/levi/pico/pico-sdk/lib/cyw43-driver/src/cyw43_ll.c.obj
                0x10007244                cyw43_ll_has_work
 .text.cyw43_poll_func
                0x10007258       0xc0 CMakeFiles/main.dir/home/levi/pico/pico-sdk/lib/cyw43-driver/src/cyw43_ctrl.c.obj
 .text.cyw43_init
                0x10007318       0x6c CMakeFiles/main.dir/home/levi/pico/pico-sdk/lib/cyw43-driver/src/cyw43_ctrl.c.obj
                0x10007318                cyw43_init
 .text.cyw43_deinit
                0x10007384       0x90 CMakeFiles/main.dir/home/levi/pico/pico-sdk/lib/cyw43-driver/src/cyw43_ctrl.c.obj
                0x10007384                cyw43_deinit
 .text.cyw43_cb_read_host_interrupt_pin
                0x10007414        0xc CMakeFiles/main.dir/home/levi/pico/pico-sdk/lib/cyw43-driver/src/cyw43_ctrl.c.obj
                0x10007414                cyw43_cb_read_host_interrupt_pin
 .text.cyw43_cb_ensure_awake
                0x10007420        0xc CMakeFiles/main.dir/home/levi/pico/pico-sdk/lib/cyw43-driver/src/cyw43_ctrl.c.obj
                0x10007420                cyw43_cb_ensure_awake
 .text.cyw43_cb_process_async_event
                0x1000742c      0x214 CMakeFiles/main.dir/home/levi/pico/pico-sdk/lib/cyw43-driver/src/cyw43_ctrl.c.obj
                0x1000742c                cyw43_cb_process_async_event
 .text.cyw43_gpio_set
                0x10007640       0xa0 CMakeFiles/main.dir/home/levi/pico/pico-sdk/lib/cyw43-driver/src/cyw43_ctrl.c.obj
                0x10007640                cyw43_gpio_set
 .text.pio_sm_unclaim
                0x100076e0       0x20 CMakeFiles/main.dir/home/levi/pico/pico-sdk/src/rp2_common/hardware_pio/pio.c.obj
                0x100076e0                pio_sm_unclaim
 .text.pio_claim_unused_sm
                0x10007700       0x3c CMakeFiles/main.dir/home/levi/pico/pico-sdk/src/rp2_common/hardware_pio/pio.c.obj
                0x10007700                pio_claim_unused_sm
 .text.pio_can_add_program
                0x1000773c       0x68 CMakeFiles/main.dir/home/levi/pico/pico-sdk/src/rp2_common/hardware_pio/pio.c.obj
                0x1000773c                pio_can_add_program
 .text.pio_add_program
                0x100077a4       0xf0 CMakeFiles/main.dir/home/levi/pico/pico-sdk/src/rp2_common/hardware_pio/pio.c.obj
                0x100077a4                pio_add_program
 .text.pio_remove_program
                0x10007894       0x34 CMakeFiles/main.dir/home/levi/pico/pico-sdk/src/rp2_common/hardware_pio/pio.c.obj
                0x10007894                pio_remove_program
 .text.pio_sm_set_pindirs_with_mask
                0x100078c8       0xa8 CMakeFiles/main.dir/home/levi/pico/pico-sdk/src/rp2_common/hardware_pio/pio.c.obj
                0x100078c8                pio_sm_set_pindirs_with_mask
 .text.pio_sm_set_consecutive_pindirs
                0x10007970       0xa8 CMakeFiles/main.dir/home/levi/pico/pico-sdk/src/rp2_common/hardware_pio/pio.c.obj
                0x10007970                pio_sm_set_consecutive_pindirs
 .text.dma_channel_unclaim
                0x10007a18       0x14 CMakeFiles/main.dir/home/levi/pico/pico-sdk/src/rp2_common/hardware_dma/dma.c.obj
                0x10007a18                dma_channel_unclaim
 .text.dma_claim_unused_channel
                0x10007a2c       0x24 CMakeFiles/main.dir/home/levi/pico/pico-sdk/src/rp2_common/hardware_dma/dma.c.obj
                0x10007a2c                dma_claim_unused_channel
 .text.dma_channel_cleanup
                0x10007a50       0x60 CMakeFiles/main.dir/home/levi/pico/pico-sdk/src/rp2_common/hardware_dma/dma.c.obj
                0x10007a50                dma_channel_cleanup
 .text.cyw43_sleep_timeout_reached
                0x10007ab0       0x10 CMakeFiles/main.dir/home/levi/pico/pico-sdk/src/rp2_common/pico_cyw43_driver/cyw43_driver.c.obj
 .text.cyw43_irq_init
                0x10007ac0       0x28 CMakeFiles/main.dir/home/levi/pico/pico-sdk/src/rp2_common/pico_cyw43_driver/cyw43_driver.c.obj
                0x10007ac0                cyw43_irq_init
 .text.cyw43_irq_deinit
                0x10007ae8       0x20 CMakeFiles/main.dir/home/levi/pico/pico-sdk/src/rp2_common/pico_cyw43_driver/cyw43_driver.c.obj
                0x10007ae8                cyw43_irq_deinit
 .text.cyw43_gpio_irq_handler
                0x10007b08       0x44 CMakeFiles/main.dir/home/levi/pico/pico-sdk/src/rp2_common/pico_cyw43_driver/cyw43_driver.c.obj
 .text.cyw43_do_poll
                0x10007b4c       0x70 CMakeFiles/main.dir/home/levi/pico/pico-sdk/src/rp2_common/pico_cyw43_driver/cyw43_driver.c.obj
 .text.cyw43_post_poll_hook
                0x10007bbc       0x10 CMakeFiles/main.dir/home/levi/pico/pico-sdk/src/rp2_common/pico_cyw43_driver/cyw43_driver.c.obj
                0x10007bbc                cyw43_post_poll_hook
 .text.cyw43_schedule_internal_poll_dispatch
                0x10007bcc       0x18 CMakeFiles/main.dir/home/levi/pico/pico-sdk/src/rp2_common/pico_cyw43_driver/cyw43_driver.c.obj
                0x10007bcc                cyw43_schedule_internal_poll_dispatch
 .text.cyw43_driver_init
                0x10007be4       0x38 CMakeFiles/main.dir/home/levi/pico/pico-sdk/src/rp2_common/pico_cyw43_driver/cyw43_driver.c.obj
                0x10007be4                cyw43_driver_init
 .text.cyw43_driver_deinit
                0x10007c1c       0x44 CMakeFiles/main.dir/home/levi/pico/pico-sdk/src/rp2_common/pico_cyw43_driver/cyw43_driver.c.obj
                0x10007c1c                cyw43_driver_deinit
 .text.cyw43_hal_generate_laa_mac
                0x10007c60       0x28 CMakeFiles/main.dir/home/levi/pico/pico-sdk/src/rp2_common/pico_cyw43_driver/cyw43_driver.c.obj
                0x10007c60                cyw43_hal_generate_laa_mac
 .text.cyw43_thread_enter
                0x10007c88       0x14 CMakeFiles/main.dir/home/levi/pico/pico-sdk/src/rp2_common/pico_cyw43_driver/cyw43_driver.c.obj
                0x10007c88                cyw43_thread_enter
 .text.cyw43_thread_exit
                0x10007c9c       0x14 CMakeFiles/main.dir/home/levi/pico/pico-sdk/src/rp2_common/pico_cyw43_driver/cyw43_driver.c.obj
                0x10007c9c                cyw43_thread_exit
 .text.cyw43_await_background_or_timeout_us
                0x10007cb0       0x34 CMakeFiles/main.dir/home/levi/pico/pico-sdk/src/rp2_common/pico_cyw43_driver/cyw43_driver.c.obj
                0x10007cb0                cyw43_await_background_or_timeout_us
 .text.cyw43_delay_ms
                0x10007ce4       0x48 CMakeFiles/main.dir/home/levi/pico/pico-sdk/src/rp2_common/pico_cyw43_driver/cyw43_driver.c.obj
                0x10007ce4                cyw43_delay_ms
 .text.cyw43_cb_tcpip_deinit
                0x10007d2c        0x4 CMakeFiles/main.dir/home/levi/pico/pico-sdk/src/rp2_common/pico_cyw43_driver/cyw43_driver.c.obj
                0x10007d2c                cyw43_cb_tcpip_deinit
 .text.cyw43_cb_tcpip_set_link_up
                0x10007d30        0xc CMakeFiles/main.dir/home/levi/pico/pico-sdk/src/rp2_common/pico_cyw43_driver/cyw43_driver.c.obj
                0x10007d30                cyw43_cb_tcpip_set_link_up
 .text.cyw43_cb_tcpip_set_link_down
                0x10007d3c        0xc CMakeFiles/main.dir/home/levi/pico/pico-sdk/src/rp2_common/pico_cyw43_driver/cyw43_driver.c.obj
                0x10007d3c                cyw43_cb_tcpip_set_link_down
 .text.cyw43_cb_process_ethernet
                0x10007d48        0xc CMakeFiles/main.dir/home/levi/pico/pico-sdk/src/rp2_common/pico_cyw43_driver/cyw43_driver.c.obj
                0x10007d48                cyw43_cb_process_ethernet
 .text.async_context_threadsafe_background_acquire_lock_blocking
                0x10007d54        0xc CMakeFiles/main.dir/home/levi/pico/pico-sdk/src/rp2_common/pico_async_context/async_context_threadsafe_background.c.obj
 .text.alarm_handler
                0x10007d60       0x20 CMakeFiles/main.dir/home/levi/pico/pico-sdk/src/rp2_common/pico_async_context/async_context_threadsafe_background.c.obj
 .text.async_context_threadsafe_background_set_work_pending
                0x10007d80       0x1c CMakeFiles/main.dir/home/levi/pico/pico-sdk/src/rp2_common/pico_async_context/async_context_threadsafe_background.c.obj
 .text.process_under_lock
                0x10007d9c       0xcc CMakeFiles/main.dir/home/levi/pico/pico-sdk/src/rp2_common/pico_async_context/async_context_threadsafe_background.c.obj
 .text.async_context_threadsafe_background_execute_sync
                0x10007e68       0x30 CMakeFiles/main.dir/home/levi/pico/pico-sdk/src/rp2_common/pico_async_context/async_context_threadsafe_background.c.obj
                0x10007e68                async_context_threadsafe_background_execute_sync
 .text.async_context_threadsafe_background_deinit
                0x10007e98       0x54 CMakeFiles/main.dir/home/levi/pico/pico-sdk/src/rp2_common/pico_async_context/async_context_threadsafe_background.c.obj
 .text.low_priority_irq_handler
                0x10007eec       0x3c CMakeFiles/main.dir/home/levi/pico/pico-sdk/src/rp2_common/pico_async_context/async_context_threadsafe_background.c.obj
 .text.async_context_threadsafe_background_wait_for_work_until
                0x10007f28        0xc CMakeFiles/main.dir/home/levi/pico/pico-sdk/src/rp2_common/pico_async_context/async_context_threadsafe_background.c.obj
 .text.async_context_threadsafe_background_wait_until
                0x10007f34       0x1c CMakeFiles/main.dir/home/levi/pico/pico-sdk/src/rp2_common/pico_async_context/async_context_threadsafe_background.c.obj
 .text.async_context_threadsafe_background_lock_check
                0x10007f50       0x28 CMakeFiles/main.dir/home/levi/pico/pico-sdk/src/rp2_common/pico_async_context/async_context_threadsafe_background.c.obj
 .text.async_context_threadsafe_background_release_lock
                0x10007f78       0x1c CMakeFiles/main.dir/home/levi/pico/pico-sdk/src/rp2_common/pico_async_context/async_context_threadsafe_background.c.obj
 .text.async_context_threadsafe_background_add_at_time_worker
                0x10007f94       0x34 CMakeFiles/main.dir/home/levi/pico/pico-sdk/src/rp2_common/pico_async_context/async_context_threadsafe_background.c.obj
 .text.async_context_threadsafe_background_remove_at_time_worker
                0x10007fc8       0x34 CMakeFiles/main.dir/home/levi/pico/pico-sdk/src/rp2_common/pico_async_context/async_context_threadsafe_background.c.obj
 .text.async_context_threadsafe_background_add_when_pending_worker
                0x10007ffc       0x34 CMakeFiles/main.dir/home/levi/pico/pico-sdk/src/rp2_common/pico_async_context/async_context_threadsafe_background.c.obj
 .text.async_context_threadsafe_background_when_pending_worker
                0x10008030       0x34 CMakeFiles/main.dir/home/levi/pico/pico-sdk/src/rp2_common/pico_async_context/async_context_threadsafe_background.c.obj
 .text.async_context_threadsafe_background_default_config
                0x10008064        0xc CMakeFiles/main.dir/home/levi/pico/pico-sdk/src/rp2_common/pico_async_context/async_context_threadsafe_background.c.obj
                0x10008064                async_context_threadsafe_background_default_config
 .text.async_context_threadsafe_background_init
                0x10008070       0x8c CMakeFiles/main.dir/home/levi/pico/pico-sdk/src/rp2_common/pico_async_context/async_context_threadsafe_background.c.obj
                0x10008070                async_context_threadsafe_background_init
 .text.async_context_base_add_at_time_worker
                0x100080fc       0x24 CMakeFiles/main.dir/home/levi/pico/pico-sdk/src/rp2_common/pico_async_context/async_context_base.c.obj
                0x100080fc                async_context_base_add_at_time_worker
 .text.async_context_base_remove_at_time_worker
                0x10008120       0x28 CMakeFiles/main.dir/home/levi/pico/pico-sdk/src/rp2_common/pico_async_context/async_context_base.c.obj
                0x10008120                async_context_base_remove_at_time_worker
 .text.async_context_base_add_when_pending_worker
                0x10008148       0x24 CMakeFiles/main.dir/home/levi/pico/pico-sdk/src/rp2_common/pico_async_context/async_context_base.c.obj
                0x10008148                async_context_base_add_when_pending_worker
 .text.async_context_base_remove_when_pending_worker
                0x1000816c       0x28 CMakeFiles/main.dir/home/levi/pico/pico-sdk/src/rp2_common/pico_async_context/async_context_base.c.obj
                0x1000816c                async_context_base_remove_when_pending_worker
 .text.async_context_base_execute_once
                0x10008194       0xfc CMakeFiles/main.dir/home/levi/pico/pico-sdk/src/rp2_common/pico_async_context/async_context_base.c.obj
                0x10008194                async_context_base_execute_once
 .text.spi_init
                0x10008290      0x150 CMakeFiles/main.dir/home/levi/pico/pico-sdk/src/rp2_common/hardware_spi/spi.c.obj
                0x10008290                spi_init
 .text.i2c_set_baudrate
                0x100083e0       0xc4 CMakeFiles/main.dir/home/levi/pico/pico-sdk/src/rp2_common/hardware_i2c/i2c.c.obj
                0x100083e0                i2c_set_baudrate
 .text.i2c_init
                0x100084a4       0x54 CMakeFiles/main.dir/home/levi/pico/pico-sdk/src/rp2_common/hardware_i2c/i2c.c.obj
                0x100084a4                i2c_init
 .text.OLED_1in3_C_Init
                0x100084f8      0x358 display/OLED/libOLED.a(OLED_1in3_c.c.obj)
                0x100084f8                OLED_1in3_C_Init
 .text.OLED_1in3_C_Clear
                0x10008850       0xbc display/OLED/libOLED.a(OLED_1in3_c.c.obj)
                0x10008850                OLED_1in3_C_Clear
 .text.OLED_1in3_C_Display
                0x1000890c      0x108 display/OLED/libOLED.a(OLED_1in3_c.c.obj)
                0x1000890c                OLED_1in3_C_Display
 .text.Paint_DrawPoint.constprop.1
                0x10008a14      0x28c display/GUI/libGUI.a(GUI_Paint.c.obj)
 .text.Paint_DrawLine.part.0
                0x10008ca0      0x3b4 display/GUI/libGUI.a(GUI_Paint.c.obj)
 .text.Paint_NewImage
                0x10009054       0x44 display/GUI/libGUI.a(GUI_Paint.c.obj)
                0x10009054                Paint_NewImage
 .text.Paint_DrawRectangle
                0x10009098      0x11c display/GUI/libGUI.a(GUI_Paint.c.obj)
                0x10009098                Paint_DrawRectangle
 .text.DEV_Digital_Write
                0x100091b4       0x14 display/Config/libConfig.a(DEV_Config.c.obj)
                0x100091b4                DEV_Digital_Write
 .text.DEV_Digital_Read
                0x100091c8       0x10 display/Config/libConfig.a(DEV_Config.c.obj)
                0x100091c8                DEV_Digital_Read
 .text.DEV_SPI_WriteByte
                0x100091d8       0x1c display/Config/libConfig.a(DEV_Config.c.obj)
                0x100091d8                DEV_SPI_WriteByte
 .text.DEV_GPIO_Mode
                0x100091f4       0x20 display/Config/libConfig.a(DEV_Config.c.obj)
                0x100091f4                DEV_GPIO_Mode
 .text.DEV_Delay_ms
                0x10009214        0x8 display/Config/libConfig.a(DEV_Config.c.obj)
                0x10009214                DEV_Delay_ms
 .text.DEV_GPIO_Init
                0x1000921c       0xa8 display/Config/libConfig.a(DEV_Config.c.obj)
                0x1000921c                DEV_GPIO_Init
 .text.DEV_Module_Init
                0x100092c4      0x128 display/Config/libConfig.a(DEV_Config.c.obj)
                0x100092c4                DEV_Module_Init
 .text          0x100093ec       0x18 /usr/lib/gcc/arm-none-eabi/12.2.1/../../../arm-none-eabi/lib/thumb/v6-m/nofp/libc.a(lib_a-calloc.o)
                0x100093ec                calloc
 .text          0x10009404       0x5c /usr/lib/gcc/arm-none-eabi/12.2.1/../../../arm-none-eabi/lib/thumb/v6-m/nofp/libc.a(lib_a-callocr.o)
                0x10009404                _calloc_r
 .text          0x10009460      0x574 /usr/lib/gcc/arm-none-eabi/12.2.1/../../../arm-none-eabi/lib/thumb/v6-m/nofp/libc.a(lib_a-mallocr.o)
                0x10009460                _malloc_r
 .text          0x100099d4        0x8 /usr/lib/gcc/arm-none-eabi/12.2.1/../../../arm-none-eabi/lib/thumb/v6-m/nofp/libc.a(lib_a-mlock.o)
                0x100099d4                __malloc_lock
                0x100099d8                __malloc_unlock
 .text          0x100099dc       0x24 /usr/lib/gcc/arm-none-eabi/12.2.1/../../../arm-none-eabi/lib/thumb/v6-m/nofp/libc.a(lib_a-sbrkr.o)
                0x100099dc                _sbrk_r
 .text          0x10009a00       0x5c /usr/lib/gcc/arm-none-eabi/12.2.1/../../../arm-none-eabi/lib/thumb/v6-m/nofp/libc.a(lib_a-strlen-stub.o)
                0x10009a00                strlen
 .text          0x10009a5c       0x74 /usr/lib/gcc/arm-none-eabi/12.2.1/../../../arm-none-eabi/lib/thumb/v6-m/nofp/libc.a(lib_a-strncmp.o)
                0x10009a5c                strncmp
 .text          0x10009ad0      0x260 /usr/lib/gcc/arm-none-eabi/12.2.1/../../../arm-none-eabi/lib/thumb/v6-m/nofp/libc.a(lib_a-freer.o)
                0x10009ad0                _malloc_trim_r
                0x10009b6c                _free_r
 *(.fini)
 .fini          0x10009d30        0x4 /usr/lib/gcc/arm-none-eabi/12.2.1/thumb/v6-m/nofp/crti.o
                0x10009d30                _fini
 *fill*         0x10009d34        0x4 
 .fini.__stub   0x10009d38       0xc0 linker stubs
 *crtbegin.o(.ctors)
 *crtbegin?.o(.ctors)
 *(EXCLUDE_FILE(*crtend.o *crtend?.o) .ctors)
 *(SORT_BY_NAME(.ctors.*))
 *(.ctors)
 *crtbegin.o(.dtors)
 *crtbegin?.o(.dtors)
 *(EXCLUDE_FILE(*crtend.o *crtend?.o) .dtors)
 *(SORT_BY_NAME(.dtors.*))
 *(.dtors)
 *(.eh_frame*)
 .eh_frame      0x10009df8        0x0 /usr/lib/gcc/arm-none-eabi/12.2.1/thumb/v6-m/nofp/crtbegin.o
                0x10009df8                        . = ALIGN (0x4)

.glue_7         0x10009df8        0x0
 .glue_7        0x10009df8        0x0 linker stubs

.glue_7t        0x10009df8        0x0
 .glue_7t       0x10009df8        0x0 linker stubs

.vfp11_veneer   0x10009df8        0x0
 .vfp11_veneer  0x10009df8        0x0 linker stubs

.v4_bx          0x10009df8        0x0
 .v4_bx         0x10009df8        0x0 linker stubs

.iplt           0x10009df8        0x0
 .iplt          0x10009df8        0x0 /usr/lib/gcc/arm-none-eabi/12.2.1/thumb/v6-m/nofp/crtbegin.o

.rodata         0x10009df8    0x37d3c
 *(EXCLUDE_FILE(*libm.a: *libc.a:*lib_a-mem*.o *libgcc.a:) .rodata*)
 .rodata.main.str1.4
                0x10009df8      0x565 CMakeFiles/main.dir/src/main.c.obj
                                 0x69 (size before relaxing)
 .rodata.user_irq_claim_unused.str1.4
                0x1000a35d       0x1b CMakeFiles/main.dir/home/levi/pico/pico-sdk/src/rp2_common/hardware_irq/irq.c.obj
 *fill*         0x1000a35d        0x3 
 .rodata.at_the_end_of_time
                0x1000a360        0x8 CMakeFiles/main.dir/home/levi/pico/pico-sdk/src/common/pico_time/time.c.obj
                0x1000a360                at_the_end_of_time
 .rodata.hardware_alarm_claim.str1.4
                0x1000a368       0x22 CMakeFiles/main.dir/home/levi/pico/pico-sdk/src/rp2_common/hardware_timer/timer.c.obj
 .rodata.panic.str1.4
                0x1000a368       0x12 CMakeFiles/main.dir/home/levi/pico/pico-sdk/src/rp2_common/pico_runtime/runtime.c.obj
 .rodata.hard_assertion_failure.str1.4
                0x1000a368        0xc CMakeFiles/main.dir/home/levi/pico/pico-sdk/src/rp2_common/pico_runtime/runtime.c.obj
 .rodata._ftoa.str1.4
                0x1000a368       0x15 CMakeFiles/main.dir/home/levi/pico/pico-sdk/src/rp2_common/pico_printf/printf.c.obj
 .rodata._vsnprintf
                0x1000a368      0x19c CMakeFiles/main.dir/home/levi/pico/pico-sdk/src/rp2_common/pico_printf/printf.c.obj
 *fill*         0x1000a504        0x4 
 .rodata.pow10.0
                0x1000a508       0x50 CMakeFiles/main.dir/home/levi/pico/pico-sdk/src/rp2_common/pico_printf/printf.c.obj
 .rodata.missing_double_func_shim.str1.4
                0x1000a558       0x18 CMakeFiles/main.dir/home/levi/pico/pico-sdk/src/rp2_common/pico_double/double_init_rom.c.obj
 .rodata.missing_float_func_shim.str1.4
                0x1000a558        0x1 CMakeFiles/main.dir/home/levi/pico/pico-sdk/src/rp2_common/pico_float/float_init_rom.c.obj
 .rodata.__wrap_malloc.str1.4
                0x1000a558        0xe CMakeFiles/main.dir/home/levi/pico/pico-sdk/src/rp2_common/pico_malloc/pico_malloc.c.obj
 .rodata.str1.4
                0x1000a558       0x3c CMakeFiles/main.dir/home/levi/pico/pico-sdk/src/rp2_common/pico_standard_link/binary_info.c.obj
 .rodata.__bi_81
                0x1000a558        0xc CMakeFiles/main.dir/home/levi/pico/pico-sdk/src/rp2_common/pico_standard_link/binary_info.c.obj
 .rodata.__bi_75
                0x1000a564        0xc CMakeFiles/main.dir/home/levi/pico/pico-sdk/src/rp2_common/pico_standard_link/binary_info.c.obj
 .rodata.__bi_44
                0x1000a570        0xc CMakeFiles/main.dir/home/levi/pico/pico-sdk/src/rp2_common/pico_standard_link/binary_info.c.obj
 .rodata.crlf_str.0
                0x1000a57c        0x2 CMakeFiles/main.dir/home/levi/pico/pico-sdk/src/rp2_common/pico_stdio/stdio.c.obj
 .rodata.str1.4
                0x1000a57e       0x2c CMakeFiles/main.dir/home/levi/pico/pico-sdk/src/rp2_common/pico_stdio_uart/stdio_uart.c.obj
 *fill*         0x1000a57e        0x2 
 .rodata.__bi_33.4
                0x1000a580        0xc CMakeFiles/main.dir/home/levi/pico/pico-sdk/src/rp2_common/pico_stdio_uart/stdio_uart.c.obj
 .rodata.__bi_34.5
                0x1000a58c        0x8 CMakeFiles/main.dir/home/levi/pico/pico-sdk/src/rp2_common/pico_stdio_uart/stdio_uart.c.obj
 .rodata.cyw43_read_bytes.str1.4
                0x1000a594       0x1a CMakeFiles/main.dir/home/levi/pico/pico-sdk/src/rp2_common/pico_cyw43_driver/cyw43_bus_pio_spi.c.obj
 .rodata.cyw43_write_bytes.str1.4
                0x1000a594        0xd CMakeFiles/main.dir/home/levi/pico/pico-sdk/src/rp2_common/pico_cyw43_driver/cyw43_bus_pio_spi.c.obj
 .rodata.spi_gap01_sample0_program
                0x1000a594        0x6 CMakeFiles/main.dir/home/levi/pico/pico-sdk/src/rp2_common/pico_cyw43_driver/cyw43_bus_pio_spi.c.obj
 *fill*         0x1000a59a        0x2 
 .rodata.spi_gap01_sample0_program_instructions
                0x1000a59c        0xc CMakeFiles/main.dir/home/levi/pico/pico-sdk/src/rp2_common/pico_cyw43_driver/cyw43_bus_pio_spi.c.obj
 .rodata.cyw43_kso_set.str1.4
                0x1000a5a8       0x23 CMakeFiles/main.dir/home/levi/pico/pico-sdk/lib/cyw43-driver/src/cyw43_ll.c.obj
 .rodata.cyw43_ll_sdpcm_poll_device.str1.4
                0x1000a5a8       0x55 CMakeFiles/main.dir/home/levi/pico/pico-sdk/lib/cyw43-driver/src/cyw43_ll.c.obj
 .rodata.cyw43_sdpcm_send_common.str1.4
                0x1000a5a8       0x22 CMakeFiles/main.dir/home/levi/pico/pico-sdk/lib/cyw43-driver/src/cyw43_ll.c.obj
 .rodata.cyw43_do_ioctl.str1.4
                0x1000a5a8       0x53 CMakeFiles/main.dir/home/levi/pico/pico-sdk/lib/cyw43-driver/src/cyw43_ll.c.obj
 .rodata.reset_device_core.constprop.0.str1.4
                0x1000a5a8       0x1a CMakeFiles/main.dir/home/levi/pico/pico-sdk/lib/cyw43-driver/src/cyw43_ll.c.obj
 .rodata.cyw43_ll_bus_init.str1.4
                0x1000a5a8       0xfe CMakeFiles/main.dir/home/levi/pico/pico-sdk/lib/cyw43-driver/src/cyw43_ll.c.obj
 .rodata.cyw43_ll_gpio_set.str1.4
                0x1000a5a8        0x8 CMakeFiles/main.dir/home/levi/pico/pico-sdk/lib/cyw43-driver/src/cyw43_ll.c.obj
 .rodata.w43439A0_7_95_49_00_combined
                0x1000a5a8    0x36fd8 CMakeFiles/main.dir/home/levi/pico/pico-sdk/lib/cyw43-driver/src/cyw43_ll.c.obj
 .rodata.wifi_nvram_4343
                0x10041580      0x2e7 CMakeFiles/main.dir/home/levi/pico/pico-sdk/lib/cyw43-driver/src/cyw43_ll.c.obj
 *fill*         0x10041867        0x1 
 .rodata        0x10041868       0x72 CMakeFiles/main.dir/home/levi/pico/pico-sdk/lib/cyw43-driver/src/cyw43_ll.c.obj
 .rodata.cyw43_cb_process_async_event.str1.4
                0x100418da       0x28 CMakeFiles/main.dir/home/levi/pico/pico-sdk/lib/cyw43-driver/src/cyw43_ctrl.c.obj
 *fill*         0x100418da        0x2 
 .rodata.cyw43_cb_process_async_event
                0x100418dc       0xbc CMakeFiles/main.dir/home/levi/pico/pico-sdk/lib/cyw43-driver/src/cyw43_ctrl.c.obj
 .rodata.str1.4
                0x10041998       0x9e CMakeFiles/main.dir/home/levi/pico/pico-sdk/lib/cyw43-driver/src/cyw43_ctrl.c.obj
 .rodata.cyw43_async_event_name_table
                0x10041998      0x164 CMakeFiles/main.dir/home/levi/pico/pico-sdk/lib/cyw43-driver/src/cyw43_ctrl.c.obj
 .rodata.pio_claim_unused_sm.str1.4
                0x10041afc       0x24 CMakeFiles/main.dir/home/levi/pico/pico-sdk/src/rp2_common/hardware_pio/pio.c.obj
 .rodata.pio_add_program.str1.4
                0x10041afc       0x11 CMakeFiles/main.dir/home/levi/pico/pico-sdk/src/rp2_common/hardware_pio/pio.c.obj
 .rodata.dma_claim_unused_channel.str1.4
                0x10041afc       0x1e CMakeFiles/main.dir/home/levi/pico/pico-sdk/src/rp2_common/hardware_dma/dma.c.obj
 .rodata.cyw43_cb_tcpip_set_link_up.str1.4
                0x10041afc       0x20 CMakeFiles/main.dir/home/levi/pico/pico-sdk/src/rp2_common/pico_cyw43_driver/cyw43_driver.c.obj
 .rodata.async_context_threadsafe_background_lock_check.str1.4
                0x10041afc       0x20 CMakeFiles/main.dir/home/levi/pico/pico-sdk/src/rp2_common/pico_async_context/async_context_threadsafe_background.c.obj
 .rodata.template
                0x10041afc       0x38 CMakeFiles/main.dir/home/levi/pico/pico-sdk/src/rp2_common/pico_async_context/async_context_threadsafe_background.c.obj
 .rodata.Paint_DrawPoint.constprop.0.str1.4
                0x10041b34       0x49 display/GUI/libGUI.a(GUI_Paint.c.obj)
 .rodata.DEV_Module_Init.str1.4
                0x10041b34       0x15 display/Config/libConfig.a(DEV_Config.c.obj)
                0x10041b80                        . = ALIGN (0x4)
 *(SORT_BY_ALIGNMENT(SORT_BY_NAME(.flashdata*)))
                0x10041b80                        . = ALIGN (0x4)

.ARM.extab
 *(.ARM.extab* .gnu.linkonce.armextab.*)
                0x10041b34                        __exidx_start = .

.ARM.exidx
 *(.ARM.exidx* .gnu.linkonce.armexidx.*)
                0x10041b34                        __exidx_end = .
                0x10041b80                        . = ALIGN (0x4)
                0x10041b34                        __binary_info_start = .

.binary_info    0x10041b34       0x24
 *(.binary_info.keep.*)
 .binary_info.keep.__bi_ptr81
                0x10041b34        0x4 CMakeFiles/main.dir/home/levi/pico/pico-sdk/src/rp2_common/pico_standard_link/binary_info.c.obj
 .binary_info.keep.__bi_ptr75
                0x10041b38        0x4 CMakeFiles/main.dir/home/levi/pico/pico-sdk/src/rp2_common/pico_standard_link/binary_info.c.obj
 .binary_info.keep.__bi_ptr50
                0x10041b3c        0x4 CMakeFiles/main.dir/home/levi/pico/pico-sdk/src/rp2_common/pico_standard_link/binary_info.c.obj
 .binary_info.keep.__bi_ptr44
                0x10041b40        0x4 CMakeFiles/main.dir/home/levi/pico/pico-sdk/src/rp2_common/pico_standard_link/binary_info.c.obj
 .binary_info.keep.__bi_ptr38
                0x10041b44        0x4 CMakeFiles/main.dir/home/levi/pico/pico-sdk/src/rp2_common/pico_standard_link/binary_info.c.obj
 .binary_info.keep.__bi_ptr30
                0x10041b48        0x4 CMakeFiles/main.dir/home/levi/pico/pico-sdk/src/rp2_common/pico_standard_link/binary_info.c.obj
 .binary_info.keep.__bi_ptr22
                0x10041b4c        0x4 CMakeFiles/main.dir/home/levi/pico/pico-sdk/src/rp2_common/pico_standard_link/binary_info.c.obj
 *(.binary_info.*)
 .binary_info.__bi_ptr34
                0x10041b50        0x4 CMakeFiles/main.dir/home/levi/pico/pico-sdk/src/rp2_common/pico_stdio_uart/stdio_uart.c.obj
 .binary_info.__bi_ptr33
                0x10041b54        0x4 CMakeFiles/main.dir/home/levi/pico/pico-sdk/src/rp2_common/pico_stdio_uart/stdio_uart.c.obj
                0x10041b58                        __binary_info_end = .

.rel.dyn        0x10041b58        0x0
 .rel.iplt      0x10041b58        0x0 /usr/lib/gcc/arm-none-eabi/12.2.1/thumb/v6-m/nofp/crtbegin.o
                0x10041b58                        . = ALIGN (0x4)

.ram_vector_table
                0x20000000       0xc0
 *(.ram_vector_table)
 .ram_vector_table
                0x20000000       0xc0 CMakeFiles/main.dir/home/levi/pico/pico-sdk/src/rp2_common/pico_runtime/runtime.c.obj
                0x20000000                ram_vector_table

.data           0x200000c0      0xdf0 load address 0x10041b58
                0x200000c0                        __data_start__ = .
 *(vtable)
 *(.time_critical*)
 .time_critical.sem_acquire_block_until
                0x200000c0       0x68 CMakeFiles/main.dir/home/levi/pico/pico-sdk/src/common/pico_sync/sem.c.obj
                0x200000c0                sem_acquire_block_until
 .time_critical.sem_release
                0x20000128       0x4c CMakeFiles/main.dir/home/levi/pico/pico-sdk/src/common/pico_sync/sem.c.obj
                0x20000128                sem_release
 .time_critical.recursive_mutex_enter_blocking
                0x20000174       0x54 CMakeFiles/main.dir/home/levi/pico/pico-sdk/src/common/pico_sync/mutex.c.obj
                0x20000174                recursive_mutex_enter_blocking
 .time_critical.mutex_try_enter_block_until
                0x200001c8       0x9c CMakeFiles/main.dir/home/levi/pico/pico-sdk/src/common/pico_sync/mutex.c.obj
                0x200001c8                mutex_try_enter_block_until
 .time_critical.recursive_mutex_try_enter
                0x20000264       0x50 CMakeFiles/main.dir/home/levi/pico/pico-sdk/src/common/pico_sync/mutex.c.obj
                0x20000264                recursive_mutex_try_enter
 .time_critical.mutex_exit
                0x200002b4       0x28 CMakeFiles/main.dir/home/levi/pico/pico-sdk/src/common/pico_sync/mutex.c.obj
                0x200002b4                mutex_exit
 .time_critical.recursive_mutex_exit
                0x200002dc       0x44 CMakeFiles/main.dir/home/levi/pico/pico-sdk/src/common/pico_sync/mutex.c.obj
                0x200002dc                recursive_mutex_exit
 .time_critical.flash_init_boot2_copyout
                0x20000320       0x30 CMakeFiles/main.dir/home/levi/pico/pico-sdk/src/rp2_common/hardware_flash/flash.c.obj
 .time_critical.flash_enable_xip_via_boot2
                0x20000350        0xc CMakeFiles/main.dir/home/levi/pico/pico-sdk/src/rp2_common/hardware_flash/flash.c.obj
 .time_critical.flash_cs_force
                0x2000035c       0x38 CMakeFiles/main.dir/home/levi/pico/pico-sdk/src/rp2_common/hardware_flash/flash.c.obj
 .time_critical.flash_do_cmd
                0x20000394       0xc0 CMakeFiles/main.dir/home/levi/pico/pico-sdk/src/rp2_common/hardware_flash/flash.c.obj
                0x20000394                flash_do_cmd
 .time_critical.spi_write_blocking
                0x20000454       0x4c CMakeFiles/main.dir/home/levi/pico/pico-sdk/src/rp2_common/hardware_spi/spi.c.obj
                0x20000454                spi_write_blocking
 *(.text*)
 .text          0x200004a0        0x4 /usr/lib/gcc/arm-none-eabi/12.2.1/thumb/v6-m/nofp/libgcc.a(_dvmd_tls.o)
                0x200004a0                __aeabi_ldiv0
                0x200004a0                __aeabi_idiv0
 .text          0x200004a4       0xac /usr/lib/gcc/arm-none-eabi/12.2.1/../../../arm-none-eabi/lib/thumb/v6-m/nofp/libc.a(lib_a-memmove.o)
                0x200004a4                memmove
 .text.__stub   0x20000550       0x10 linker stubs
                0x20000560                        . = ALIGN (0x4)
 *(.rodata*)
                0x20000560                        . = ALIGN (0x4)
 *(.data*)
 .data.striped_spin_lock_num
                0x20000560        0x1 CMakeFiles/main.dir/home/levi/pico/pico-sdk/src/rp2_common/hardware_sync/sync.c.obj
 *fill*         0x20000561        0x3 
 .data          0x20000564       0x48 CMakeFiles/main.dir/home/levi/pico/pico-sdk/src/rp2_common/hardware_irq/irq_handler_chain.S.obj
                0x20000564                irq_handler_chain_slots
                0x20000594                irq_handler_chain_first_slot
                0x2000059e                irq_handler_chain_remove_tail
 .data.default_alarm_pool
                0x200005ac       0x18 CMakeFiles/main.dir/home/levi/pico/pico-sdk/src/common/pico_time/time.c.obj
 .data.default_alarm_pool_heap
                0x200005c4       0x10 CMakeFiles/main.dir/home/levi/pico/pico-sdk/src/common/pico_time/time.c.obj
 *fill*         0x200005d4        0xc 
 .data.aeabi_bits_funcs
                0x200005e0       0x10 CMakeFiles/main.dir/home/levi/pico/pico-sdk/src/rp2_common/pico_bit_ops/bit_ops_aeabi.S.obj
                0x200005e0                aeabi_bits_funcs
                0x200005f0                aeabi_bits_funcs_end
 .data.aeabi_mem_funcs
                0x200005f0       0x10 CMakeFiles/main.dir/home/levi/pico/pico-sdk/src/rp2_common/pico_mem_ops/mem_ops_aeabi.S.obj
                0x200005f0                aeabi_mem_funcs
                0x20000600                aeabi_mem_funcs_end
 .data.stdio_uart
                0x20000600       0x18 CMakeFiles/main.dir/home/levi/pico/pico-sdk/src/rp2_common/pico_stdio_uart/stdio_uart.c.obj
                0x20000600                stdio_uart
 .data.cyw43_poll_worker
                0x20000618       0x10 CMakeFiles/main.dir/home/levi/pico/pico-sdk/src/rp2_common/pico_cyw43_driver/cyw43_driver.c.obj
 .data.sleep_timeout_worker
                0x20000628       0x18 CMakeFiles/main.dir/home/levi/pico/pico-sdk/src/rp2_common/pico_cyw43_driver/cyw43_driver.c.obj
 .data.i2c1_inst
                0x20000640        0x8 CMakeFiles/main.dir/home/levi/pico/pico-sdk/src/rp2_common/hardware_i2c/i2c.c.obj
                0x20000640                i2c1_inst
 .data.i2c0_inst
                0x20000648        0x8 CMakeFiles/main.dir/home/levi/pico/pico-sdk/src/rp2_common/hardware_i2c/i2c.c.obj
                0x20000648                i2c0_inst
 .data          0x20000650      0x430 /usr/lib/gcc/arm-none-eabi/12.2.1/../../../arm-none-eabi/lib/thumb/v6-m/nofp/libc.a(lib_a-impure.o)
                0x20000650                _impure_ptr
 .data          0x20000a80      0x410 /usr/lib/gcc/arm-none-eabi/12.2.1/../../../arm-none-eabi/lib/thumb/v6-m/nofp/libc.a(lib_a-mallocr.o)
                0x20000a80                __malloc_sbrk_base
                0x20000a84                __malloc_trim_threshold
                0x20000a88                __malloc_av_
                0x20000e90                        . = ALIGN (0x4)
 *(.after_data.*)
                0x20000e90                        . = ALIGN (0x4)
                0x20000e90                        PROVIDE (__mutex_array_start = .)
 *(SORT_BY_NAME(.mutex_array.*))
 *(.mutex_array)
 .mutex_array   0x20000e90        0x8 CMakeFiles/main.dir/home/levi/pico/pico-sdk/src/rp2_common/pico_stdio/stdio.c.obj
                0x20000e98                        PROVIDE (__mutex_array_end = .)
                0x20000e98                        . = ALIGN (0x4)
                0x20000e98                        PROVIDE (__preinit_array_start = .)
 *(SORT_BY_NAME(.preinit_array.*))
 .preinit_array.00001
                0x20000e98        0x4 CMakeFiles/main.dir/home/levi/pico/pico-sdk/src/rp2_common/pico_mem_ops/mem_ops_aeabi.S.obj
 .preinit_array.00010
                0x20000e9c        0x4 CMakeFiles/main.dir/home/levi/pico/pico-sdk/src/rp2_common/pico_bit_ops/bit_ops_aeabi.S.obj
 .preinit_array.00020
                0x20000ea0        0x4 CMakeFiles/main.dir/home/levi/pico/pico-sdk/src/rp2_common/pico_double/double_aeabi.S.obj
 .preinit_array.00020
                0x20000ea4        0x4 CMakeFiles/main.dir/home/levi/pico/pico-sdk/src/rp2_common/pico_float/float_aeabi.S.obj
 *(.preinit_array)
                0x20000ea8                        PROVIDE (__preinit_array_end = .)
                0x20000ea8                        . = ALIGN (0x4)
                0x20000ea8                        PROVIDE (__init_array_start = .)
 *(SORT_BY_NAME(.init_array.*))
 *(.init_array)
 .init_array    0x20000ea8        0x4 /usr/lib/gcc/arm-none-eabi/12.2.1/thumb/v6-m/nofp/crtbegin.o
 .init_array    0x20000eac        0x4 CMakeFiles/main.dir/home/levi/pico/pico-sdk/src/rp2_common/pico_unique_id/unique_id.c.obj
                0x20000eb0                        PROVIDE (__init_array_end = .)
                0x20000eb0                        . = ALIGN (0x4)
                0x20000eb0                        PROVIDE (__fini_array_start = .)
 *(SORT_BY_NAME(.fini_array.*))
 *(.fini_array)
                0x20000eb0                        PROVIDE (__fini_array_end = .)
 *(.jcr)
                0x20000eb0                        . = ALIGN (0x4)
                0x20000eb0                        __data_end__ = .
                0x10041b58                        __etext = LOADADDR (.data)

.tm_clone_table
                0x20000eb0        0x0 load address 0x10042948
 .tm_clone_table
                0x20000eb0        0x0 /usr/lib/gcc/arm-none-eabi/12.2.1/thumb/v6-m/nofp/crtbegin.o
 .tm_clone_table
                0x20000eb0        0x0 /usr/lib/gcc/arm-none-eabi/12.2.1/thumb/v6-m/nofp/crtend.o

.igot.plt       0x20000eb0        0x0 load address 0x10042948
 .igot.plt      0x20000eb0        0x0 /usr/lib/gcc/arm-none-eabi/12.2.1/thumb/v6-m/nofp/crtbegin.o

.uninitialized_data
                0x20000eb0        0x0 load address 0x10042948
                0x20000eb0                        . = ALIGN (0x4)
 *(.uninitialized_data*)

.scratch_x      0x20040000        0x0 load address 0x10042948
                0x20040000                        __scratch_x_start__ = .
 *(.scratch_x.*)
                0x20040000                        . = ALIGN (0x4)
                0x20040000                        __scratch_x_end__ = .
                0x10042948                        __scratch_x_source__ = LOADADDR (.scratch_x)

.scratch_y      0x20041000        0x0 load address 0x10042948
                0x20041000                        __scratch_y_start__ = .
 *(.scratch_y.*)
                0x20041000                        . = ALIGN (0x4)
                0x20041000                        __scratch_y_end__ = .
                0x10042948                        __scratch_y_source__ = LOADADDR (.scratch_y)

.bss            0x20000eb0      0xedc
                0x20000eb0                        . = ALIGN (0x4)
                0x20000eb0                        __bss_start__ = .
 *(SORT_BY_ALIGNMENT(SORT_BY_NAME(.bss*)))
 .bss.configured_freq
                0x20000eb0       0x28 CMakeFiles/main.dir/home/levi/pico/pico-sdk/src/rp2_common/hardware_clocks/clocks.c.obj
 .bss.cyw43_async_context_threadsafe_background
                0x20000ed8       0x48 CMakeFiles/main.dir/home/levi/pico/pico-sdk/src/rp2_common/pico_cyw43_arch/cyw43_arch_threadsafe_background.c.obj
 .bss.default_alarm_pool_entries
                0x20000f20      0x100 CMakeFiles/main.dir/home/levi/pico/pico-sdk/src/common/pico_time/time.c.obj
 .bss.sd_table  0x20001020      0x100 CMakeFiles/main.dir/home/levi/pico/pico-sdk/src/rp2_common/pico_double/double_init_rom.c.obj
                0x20001020                sd_table
 .bss           0x20001120       0x1c /usr/lib/gcc/arm-none-eabi/12.2.1/thumb/v6-m/nofp/crtbegin.o
 .bss           0x2000113c       0x34 /usr/lib/gcc/arm-none-eabi/12.2.1/../../../arm-none-eabi/lib/thumb/v6-m/nofp/libc.a(lib_a-mallocr.o)
                0x2000113c                __malloc_top_pad
                0x20001140                __malloc_current_mallinfo
                0x20001168                __malloc_max_sbrked_mem
                0x2000116c                __malloc_max_total_mem
 .bss           0x20001170        0x4 /usr/lib/gcc/arm-none-eabi/12.2.1/../../../arm-none-eabi/lib/thumb/v6-m/nofp/libc.a(lib_a-reent.o)
                0x20001170                errno
 .bss.EPD_BL_PIN
                0x20001174        0x4 display/Config/libConfig.a(DEV_Config.c.obj)
                0x20001174                EPD_BL_PIN
 .bss.EPD_CLK_PIN
                0x20001178        0x4 display/Config/libConfig.a(DEV_Config.c.obj)
                0x20001178                EPD_CLK_PIN
 .bss.EPD_CS_PIN
                0x2000117c        0x4 display/Config/libConfig.a(DEV_Config.c.obj)
                0x2000117c                EPD_CS_PIN
 .bss.EPD_DC_PIN
                0x20001180        0x4 display/Config/libConfig.a(DEV_Config.c.obj)
                0x20001180                EPD_DC_PIN
 .bss.EPD_MOSI_PIN
                0x20001184        0x4 display/Config/libConfig.a(DEV_Config.c.obj)
                0x20001184                EPD_MOSI_PIN
 .bss.EPD_RST_PIN
                0x20001188        0x4 display/Config/libConfig.a(DEV_Config.c.obj)
                0x20001188                EPD_RST_PIN
 .bss.EPD_SCL_PIN
                0x2000118c        0x4 display/Config/libConfig.a(DEV_Config.c.obj)
                0x2000118c                EPD_SCL_PIN
 .bss.EPD_SDA_PIN
                0x20001190        0x4 display/Config/libConfig.a(DEV_Config.c.obj)
                0x20001190                EPD_SDA_PIN
 .bss.Paint     0x20001194       0x18 display/GUI/libGUI.a(GUI_Paint.c.obj)
                0x20001194                Paint
 .bss._used_instruction_space
                0x200011ac        0x8 CMakeFiles/main.dir/home/levi/pico/pico-sdk/src/rp2_common/hardware_pio/pio.c.obj
 .bss.alarm_callbacks
                0x200011b4       0x10 CMakeFiles/main.dir/home/levi/pico/pico-sdk/src/rp2_common/hardware_timer/timer.c.obj
 .bss.async_context
                0x200011c4        0x4 CMakeFiles/main.dir/home/levi/pico/pico-sdk/src/rp2_common/pico_cyw43_arch/cyw43_arch.c.obj
 .bss.async_contexts_by_user_irq
                0x200011c8       0x18 CMakeFiles/main.dir/home/levi/pico/pico-sdk/src/rp2_common/pico_async_context/async_context_threadsafe_background.c.obj
 .bss.boot2_copyout
                0x200011e0      0x100 CMakeFiles/main.dir/home/levi/pico/pico-sdk/src/rp2_common/hardware_flash/flash.c.obj
 .bss.bus_data_instance
                0x200012e0        0xc CMakeFiles/main.dir/home/levi/pico/pico-sdk/src/rp2_common/pico_cyw43_driver/cyw43_bus_pio_spi.c.obj
 .bss.chars_available_callback
                0x200012ec        0x4 CMakeFiles/main.dir/home/levi/pico/pico-sdk/src/rp2_common/pico_stdio_uart/stdio_uart.c.obj
 .bss.chars_available_param
                0x200012f0        0x4 CMakeFiles/main.dir/home/levi/pico/pico-sdk/src/rp2_common/pico_stdio_uart/stdio_uart.c.obj
 .bss.cyw43_async_context
                0x200012f4        0x4 CMakeFiles/main.dir/home/levi/pico/pico-sdk/src/rp2_common/pico_cyw43_driver/cyw43_driver.c.obj
 .bss.cyw43_poll
                0x200012f8        0x4 CMakeFiles/main.dir/home/levi/pico/pico-sdk/lib/cyw43-driver/src/cyw43_ctrl.c.obj
                0x200012f8                cyw43_poll
 .bss.cyw43_sleep
                0x200012fc        0x4 CMakeFiles/main.dir/home/levi/pico/pico-sdk/lib/cyw43-driver/src/cyw43_ctrl.c.obj
                0x200012fc                cyw43_sleep
 .bss.cyw43_state
                0x20001300      0x8ec CMakeFiles/main.dir/home/levi/pico/pico-sdk/lib/cyw43-driver/src/cyw43_ctrl.c.obj
                0x20001300                cyw43_state
 .bss.default_alarm_pool_entry_ids_high
                0x20001bec       0x10 CMakeFiles/main.dir/home/levi/pico/pico-sdk/src/common/pico_time/time.c.obj
 .bss.default_alarm_pool_heap_nodes
                0x20001bfc       0x30 CMakeFiles/main.dir/home/levi/pico/pico-sdk/src/common/pico_time/time.c.obj
 .bss.drivers   0x20001c2c        0x4 CMakeFiles/main.dir/home/levi/pico/pico-sdk/src/rp2_common/pico_stdio/stdio.c.obj
 .bss.filter    0x20001c30        0x4 CMakeFiles/main.dir/home/levi/pico/pico-sdk/src/rp2_common/pico_stdio/stdio.c.obj
 .bss.heap_end.0
                0x20001c34        0x4 CMakeFiles/main.dir/home/levi/pico/pico-sdk/src/rp2_common/pico_runtime/runtime.c.obj
 .bss.lazy_vsnprintf
                0x20001c38        0x4 CMakeFiles/main.dir/home/levi/pico/pico-sdk/src/rp2_common/pico_printf/printf.c.obj
 .bss.pools     0x20001c3c       0x10 CMakeFiles/main.dir/home/levi/pico/pico-sdk/src/common/pico_time/time.c.obj
 .bss.raw_irq_mask
                0x20001c4c        0x8 CMakeFiles/main.dir/home/levi/pico/pico-sdk/src/rp2_common/hardware_gpio/gpio.c.obj
 .bss.retrieved_id
                0x20001c54        0x8 CMakeFiles/main.dir/home/levi/pico/pico-sdk/src/rp2_common/pico_unique_id/unique_id.c.obj
 .bss.sf_clz_func
                0x20001c5c        0x4 CMakeFiles/main.dir/home/levi/pico/pico-sdk/src/rp2_common/pico_double/double_init_rom.c.obj
                0x20001c5c                sf_clz_func
 .bss.sf_table  0x20001c60      0x100 CMakeFiles/main.dir/home/levi/pico/pico-sdk/src/rp2_common/pico_float/float_init_rom.c.obj
                0x20001c60                sf_table
 .bss.sleep_notifier
                0x20001d60        0x4 CMakeFiles/main.dir/home/levi/pico/pico-sdk/src/common/pico_time/time.c.obj
 .bss.slice_num
                0x20001d64        0x4 display/Config/libConfig.a(DEV_Config.c.obj)
                0x20001d64                slice_num
 .bss.target_hi
                0x20001d68       0x10 CMakeFiles/main.dir/home/levi/pico/pico-sdk/src/rp2_common/hardware_timer/timer.c.obj
 .bss.uart_char_to_line_feed
                0x20001d78        0x4 CMakeFiles/main.dir/home/levi/pico/pico-sdk/src/rp2_common/hardware_uart/uart.c.obj
                0x20001d78                uart_char_to_line_feed
 .bss.uart_instance
                0x20001d7c        0x4 CMakeFiles/main.dir/home/levi/pico/pico-sdk/src/rp2_common/pico_stdio_uart/stdio_uart.c.obj
 .bss._claimed  0x20001d80        0x2 CMakeFiles/main.dir/home/levi/pico/pico-sdk/src/rp2_common/hardware_dma/dma.c.obj
 .bss.last_spi_int.0
                0x20001d82        0x2 CMakeFiles/main.dir/home/levi/pico/pico-sdk/lib/cyw43-driver/src/cyw43_ll.c.obj
 .bss.boot2_copyout_valid
                0x20001d84        0x1 CMakeFiles/main.dir/home/levi/pico/pico-sdk/src/rp2_common/hardware_flash/flash.c.obj
 .bss.claimed   0x20001d85        0x1 CMakeFiles/main.dir/home/levi/pico/pico-sdk/src/rp2_common/hardware_timer/timer.c.obj
 .bss.claimed   0x20001d86        0x1 CMakeFiles/main.dir/home/levi/pico/pico-sdk/src/rp2_common/hardware_pio/pio.c.obj
 .bss.irq_hander_chain_free_slot_head
                0x20001d87        0x1 CMakeFiles/main.dir/home/levi/pico/pico-sdk/src/rp2_common/hardware_irq/irq.c.obj
 .bss.timer_callbacks_pending
                0x20001d88        0x1 CMakeFiles/main.dir/home/levi/pico/pico-sdk/src/rp2_common/hardware_timer/timer.c.obj
 .bss.user_irq_claimed
                0x20001d89        0x1 CMakeFiles/main.dir/home/levi/pico/pico-sdk/src/rp2_common/hardware_irq/irq.c.obj
 *(COMMON)
                0x20001d8c                        . = ALIGN (0x4)
 *fill*         0x20001d8a        0x2 
                0x20001d8c                        __bss_end__ = .

.heap           0x20001d8c      0x800
                0x20001d8c                        __end__ = .
                0x20001d8c                        end = __end__
 *(.heap*)
 .heap          0x20001d8c      0x800 CMakeFiles/main.dir/home/levi/pico/pico-sdk/src/rp2_common/pico_standard_link/crt0.S.obj
                0x2000258c                        __HeapLimit = .

.stack1_dummy
 *(.stack1*)

.stack_dummy    0x20041000      0x800
 *(.stack*)
 .stack         0x20041000      0x800 CMakeFiles/main.dir/home/levi/pico/pico-sdk/src/rp2_common/pico_standard_link/crt0.S.obj

.flash_end      0x10042948        0x0
                0x10042948                        PROVIDE (__flash_binary_end = .)
                0x20040000                        __StackLimit = (ORIGIN (RAM) + LENGTH (RAM))
                0x20041000                        __StackOneTop = (ORIGIN (SCRATCH_X) + LENGTH (SCRATCH_X))
                0x20042000                        __StackTop = (ORIGIN (SCRATCH_Y) + LENGTH (SCRATCH_Y))
                0x20041000                        __StackOneBottom = (__StackOneTop - SIZEOF (.stack1_dummy))
                0x20041800                        __StackBottom = (__StackTop - SIZEOF (.stack_dummy))
                0x20042000                        PROVIDE (__stack = __StackTop)
                0x00000001                        ASSERT ((__StackLimit >= __HeapLimit), region RAM overflowed)
                0x00000001                        ASSERT (((__binary_info_header_end - __logical_binary_start) <= 0x100), Binary info must be in first 256 bytes of the binary)
LOAD CMakeFiles/main.dir/src/main.c.obj
LOAD CMakeFiles/main.dir/home/levi/pico/pico-sdk/src/rp2_common/pico_stdlib/stdlib.c.obj
LOAD CMakeFiles/main.dir/home/levi/pico/pico-sdk/src/rp2_common/hardware_gpio/gpio.c.obj
LOAD CMakeFiles/main.dir/home/levi/pico/pico-sdk/src/rp2_common/pico_platform/platform.c.obj
LOAD CMakeFiles/main.dir/home/levi/pico/pico-sdk/src/rp2_common/hardware_claim/claim.c.obj
LOAD CMakeFiles/main.dir/home/levi/pico/pico-sdk/src/rp2_common/hardware_sync/sync.c.obj
LOAD CMakeFiles/main.dir/home/levi/pico/pico-sdk/src/rp2_common/hardware_irq/irq.c.obj
LOAD CMakeFiles/main.dir/home/levi/pico/pico-sdk/src/rp2_common/hardware_irq/irq_handler_chain.S.obj
LOAD CMakeFiles/main.dir/home/levi/pico/pico-sdk/src/common/pico_sync/sem.c.obj
LOAD CMakeFiles/main.dir/home/levi/pico/pico-sdk/src/common/pico_sync/lock_core.c.obj
LOAD CMakeFiles/main.dir/home/levi/pico/pico-sdk/src/common/pico_sync/mutex.c.obj
LOAD CMakeFiles/main.dir/home/levi/pico/pico-sdk/src/common/pico_sync/critical_section.c.obj
LOAD CMakeFiles/main.dir/home/levi/pico/pico-sdk/src/common/pico_time/time.c.obj
LOAD CMakeFiles/main.dir/home/levi/pico/pico-sdk/src/common/pico_time/timeout_helper.c.obj
LOAD CMakeFiles/main.dir/home/levi/pico/pico-sdk/src/rp2_common/hardware_timer/timer.c.obj
LOAD CMakeFiles/main.dir/home/levi/pico/pico-sdk/src/common/pico_util/datetime.c.obj
LOAD CMakeFiles/main.dir/home/levi/pico/pico-sdk/src/common/pico_util/pheap.c.obj
LOAD CMakeFiles/main.dir/home/levi/pico/pico-sdk/src/common/pico_util/queue.c.obj
LOAD CMakeFiles/main.dir/home/levi/pico/pico-sdk/src/rp2_common/hardware_uart/uart.c.obj
LOAD CMakeFiles/main.dir/home/levi/pico/pico-sdk/src/rp2_common/hardware_clocks/clocks.c.obj
LOAD CMakeFiles/main.dir/home/levi/pico/pico-sdk/src/rp2_common/hardware_pll/pll.c.obj
LOAD CMakeFiles/main.dir/home/levi/pico/pico-sdk/src/rp2_common/hardware_vreg/vreg.c.obj
LOAD CMakeFiles/main.dir/home/levi/pico/pico-sdk/src/rp2_common/hardware_watchdog/watchdog.c.obj
LOAD CMakeFiles/main.dir/home/levi/pico/pico-sdk/src/rp2_common/hardware_xosc/xosc.c.obj
LOAD CMakeFiles/main.dir/home/levi/pico/pico-sdk/src/rp2_common/hardware_divider/divider.S.obj
LOAD CMakeFiles/main.dir/home/levi/pico/pico-sdk/src/rp2_common/pico_runtime/runtime.c.obj
LOAD CMakeFiles/main.dir/home/levi/pico/pico-sdk/src/rp2_common/pico_printf/printf.c.obj
LOAD CMakeFiles/main.dir/home/levi/pico/pico-sdk/src/rp2_common/pico_bit_ops/bit_ops_aeabi.S.obj
LOAD CMakeFiles/main.dir/home/levi/pico/pico-sdk/src/rp2_common/pico_bootrom/bootrom.c.obj
LOAD CMakeFiles/main.dir/home/levi/pico/pico-sdk/src/rp2_common/pico_divider/divider.S.obj
LOAD CMakeFiles/main.dir/home/levi/pico/pico-sdk/src/rp2_common/pico_double/double_aeabi.S.obj
LOAD CMakeFiles/main.dir/home/levi/pico/pico-sdk/src/rp2_common/pico_double/double_init_rom.c.obj
LOAD CMakeFiles/main.dir/home/levi/pico/pico-sdk/src/rp2_common/pico_double/double_math.c.obj
LOAD CMakeFiles/main.dir/home/levi/pico/pico-sdk/src/rp2_common/pico_double/double_v1_rom_shim.S.obj
LOAD CMakeFiles/main.dir/home/levi/pico/pico-sdk/src/rp2_common/pico_int64_ops/pico_int64_ops_aeabi.S.obj
LOAD CMakeFiles/main.dir/home/levi/pico/pico-sdk/src/rp2_common/pico_float/float_aeabi.S.obj
LOAD CMakeFiles/main.dir/home/levi/pico/pico-sdk/src/rp2_common/pico_float/float_init_rom.c.obj
LOAD CMakeFiles/main.dir/home/levi/pico/pico-sdk/src/rp2_common/pico_float/float_math.c.obj
LOAD CMakeFiles/main.dir/home/levi/pico/pico-sdk/src/rp2_common/pico_float/float_v1_rom_shim.S.obj
LOAD CMakeFiles/main.dir/home/levi/pico/pico-sdk/src/rp2_common/pico_malloc/pico_malloc.c.obj
LOAD CMakeFiles/main.dir/home/levi/pico/pico-sdk/src/rp2_common/pico_mem_ops/mem_ops_aeabi.S.obj
LOAD CMakeFiles/main.dir/home/levi/pico/pico-sdk/src/rp2_common/pico_standard_link/crt0.S.obj
LOAD CMakeFiles/main.dir/home/levi/pico/pico-sdk/src/rp2_common/pico_standard_link/new_delete.cpp.obj
LOAD CMakeFiles/main.dir/home/levi/pico/pico-sdk/src/rp2_common/pico_standard_link/binary_info.c.obj
LOAD CMakeFiles/main.dir/home/levi/pico/pico-sdk/src/rp2_common/pico_stdio/stdio.c.obj
LOAD CMakeFiles/main.dir/home/levi/pico/pico-sdk/src/rp2_common/pico_stdio_uart/stdio_uart.c.obj
LOAD CMakeFiles/main.dir/home/levi/pico/pico-sdk/src/rp2_common/pico_cyw43_arch/cyw43_arch.c.obj
LOAD CMakeFiles/main.dir/home/levi/pico/pico-sdk/src/rp2_common/pico_cyw43_arch/cyw43_arch_poll.c.obj
LOAD CMakeFiles/main.dir/home/levi/pico/pico-sdk/src/rp2_common/pico_cyw43_arch/cyw43_arch_threadsafe_background.c.obj
LOAD CMakeFiles/main.dir/home/levi/pico/pico-sdk/src/rp2_common/pico_cyw43_arch/cyw43_arch_freertos.c.obj
LOAD CMakeFiles/main.dir/home/levi/pico/pico-sdk/src/rp2_common/pico_unique_id/unique_id.c.obj
LOAD CMakeFiles/main.dir/home/levi/pico/pico-sdk/src/rp2_common/hardware_flash/flash.c.obj
LOAD CMakeFiles/main.dir/home/levi/pico/pico-sdk/src/rp2_common/pico_cyw43_driver/cyw43_bus_pio_spi.c.obj
LOAD CMakeFiles/main.dir/home/levi/pico/pico-sdk/lib/cyw43-driver/src/cyw43_ll.c.obj
LOAD CMakeFiles/main.dir/home/levi/pico/pico-sdk/lib/cyw43-driver/src/cyw43_stats.c.obj
LOAD CMakeFiles/main.dir/home/levi/pico/pico-sdk/lib/cyw43-driver/src/cyw43_lwip.c.obj
LOAD CMakeFiles/main.dir/home/levi/pico/pico-sdk/lib/cyw43-driver/src/cyw43_ctrl.c.obj
LOAD CMakeFiles/main.dir/home/levi/pico/pico-sdk/src/rp2_common/pico_cyw43_driver/cybt_shared_bus/cybt_shared_bus.c.obj
LOAD CMakeFiles/main.dir/home/levi/pico/pico-sdk/src/rp2_common/pico_cyw43_driver/cybt_shared_bus/cybt_shared_bus_driver.c.obj
LOAD CMakeFiles/main.dir/home/levi/pico/pico-sdk/src/rp2_common/hardware_pio/pio.c.obj
LOAD CMakeFiles/main.dir/home/levi/pico/pico-sdk/src/rp2_common/hardware_dma/dma.c.obj
LOAD CMakeFiles/main.dir/home/levi/pico/pico-sdk/src/rp2_common/hardware_exception/exception.c.obj
LOAD CMakeFiles/main.dir/home/levi/pico/pico-sdk/src/rp2_common/pico_cyw43_driver/cyw43_driver.c.obj
LOAD CMakeFiles/main.dir/home/levi/pico/pico-sdk/src/rp2_common/pico_async_context/async_context_threadsafe_background.c.obj
LOAD CMakeFiles/main.dir/home/levi/pico/pico-sdk/src/rp2_common/pico_async_context/async_context_base.c.obj
LOAD CMakeFiles/main.dir/home/levi/pico/pico-sdk/src/rp2_common/hardware_spi/spi.c.obj
LOAD CMakeFiles/main.dir/home/levi/pico/pico-sdk/src/rp2_common/hardware_i2c/i2c.c.obj
LOAD CMakeFiles/main.dir/home/levi/pico/pico-sdk/src/rp2_common/hardware_adc/adc.c.obj
LOAD display/OLED/libOLED.a
LOAD display/Infrared/libInfrared.a
LOAD display/Icm20948/libIcm20948.a
LOAD display/GUI/libGUI.a
LOAD display/Fonts/libFonts.a
LOAD display/Config/libConfig.a
LOAD /tmp/ccQry70t.o
LOAD /usr/lib/gcc/arm-none-eabi/12.2.1/../../../arm-none-eabi/lib/thumb/v6-m/nofp/libstdc++.a
LOAD /usr/lib/gcc/arm-none-eabi/12.2.1/../../../arm-none-eabi/lib/thumb/v6-m/nofp/libm.a
START GROUP
LOAD /usr/lib/gcc/arm-none-eabi/12.2.1/thumb/v6-m/nofp/libgcc.a
LOAD /usr/lib/gcc/arm-none-eabi/12.2.1/../../../arm-none-eabi/lib/thumb/v6-m/nofp/libc.a
END GROUP
START GROUP
LOAD /usr/lib/gcc/arm-none-eabi/12.2.1/thumb/v6-m/nofp/libgcc.a
LOAD /usr/lib/gcc/arm-none-eabi/12.2.1/../../../arm-none-eabi/lib/thumb/v6-m/nofp/libc.a
LOAD /usr/lib/gcc/arm-none-eabi/12.2.1/../../../arm-none-eabi/lib/thumb/v6-m/nofp/libnosys.a
END GROUP
LOAD /usr/lib/gcc/arm-none-eabi/12.2.1/thumb/v6-m/nofp/crtend.o
LOAD /usr/lib/gcc/arm-none-eabi/12.2.1/thumb/v6-m/nofp/crtn.o
OUTPUT(main.elf elf32-littlearm)
LOAD linker stubs

.ARM.attributes
                0x00000000       0x28
 .ARM.attributes
                0x00000000       0x1e /usr/lib/gcc/arm-none-eabi/12.2.1/thumb/v6-m/nofp/crti.o
 .ARM.attributes
                0x0000001e       0x2c /usr/lib/gcc/arm-none-eabi/12.2.1/thumb/v6-m/nofp/crtbegin.o
 .ARM.attributes
                0x0000004a       0x2c CMakeFiles/main.dir/src/main.c.obj
 .ARM.attributes
                0x00000076       0x2c CMakeFiles/main.dir/home/levi/pico/pico-sdk/src/rp2_common/hardware_gpio/gpio.c.obj
 .ARM.attributes
                0x000000a2       0x2c CMakeFiles/main.dir/home/levi/pico/pico-sdk/src/rp2_common/pico_platform/platform.c.obj
 .ARM.attributes
                0x000000ce       0x2c CMakeFiles/main.dir/home/levi/pico/pico-sdk/src/rp2_common/hardware_claim/claim.c.obj
 .ARM.attributes
                0x000000fa       0x2c CMakeFiles/main.dir/home/levi/pico/pico-sdk/src/rp2_common/hardware_sync/sync.c.obj
 .ARM.attributes